MPLINK 4.49, Linker
Linker Map File - Created Mon Apr 15 11:54:43 2024

                                 Section Info
                  Section       Type    Address   Location Size(Bytes)
                ---------  ---------  ---------  ---------  ---------
                   .org_0       code   0x000000    program   0x000000
                   .org_1       code   0x000000    program   0x000002
                   .org_2       code   0x000005    program   0x000026



                              Program Memory Usage 
                               Start         End      
                           ---------   ---------      
                            0x000000    0x000000      
                            0x000005    0x000017      
            20 out of 8454 program addresses used, program memory utilization is 0%



                              Symbols - Sorted by Name
                     Name    Address   Location    Storage File                     
                ---------  ---------  ---------  --------- ---------                
                   INICIO   0x000005    program     static C:\Users\USER\Desktop\FI UNAM\MICROCOMPUTADORAS\Práctica07\e1.asm
                   RECIBE   0x00000f    program     static C:\Users\USER\Desktop\FI UNAM\MICROCOMPUTADORAS\Práctica07\e1.asm
                 TRASMITE   0x000014    program     static C:\Users\USER\Desktop\FI UNAM\MICROCOMPUTADORAS\Práctica07\e1.asm



                              Symbols - Sorted by Address
                     Name    Address   Location    Storage File                     
                ---------  ---------  ---------  --------- ---------                
                   INICIO   0x000005    program     static C:\Users\USER\Desktop\FI UNAM\MICROCOMPUTADORAS\Práctica07\e1.asm
                   RECIBE   0x00000f    program     static C:\Users\USER\Desktop\FI UNAM\MICROCOMPUTADORAS\Práctica07\e1.asm
                 TRASMITE   0x000014    program     static C:\Users\USER\Desktop\FI UNAM\MICROCOMPUTADORAS\Práctica07\e1.asm


