MPLINK 4.49, Linker
Linker Map File - Created Sun Apr 21 19:44:15 2024

                                 Section Info
                  Section       Type    Address   Location Size(Bytes)
                ---------  ---------  ---------  ---------  ---------
                   .org_0       code   0x000000    program   0x000000
                   .org_1       code   0x000000    program   0x000002
                   .org_2       code   0x000005    program   0x000092



                              Program Memory Usage 
                               Start         End      
                           ---------   ---------      
                            0x000000    0x000000      
                            0x000005    0x00004d      
            74 out of 8454 program addresses used, program memory utilization is 0%



                              Symbols - Sorted by Name
                     Name    Address   Location    Storage File                     
                ---------  ---------  ---------  --------- ---------                
                   INICIO   0x000005    program     static C:\Users\Alexis\Documents\GitHub\PIC16F877A\Prácticas\Práctica07\e2.asm
                     LOOP   0x000043    program     static C:\Users\Alexis\Documents\GitHub\PIC16F877A\Prácticas\Práctica07\e2.asm
                    LOOP2   0x000041    program     static C:\Users\Alexis\Documents\GitHub\PIC16F877A\Prácticas\Práctica07\e2.asm
                    LOOP3   0x00003f    program     static C:\Users\Alexis\Documents\GitHub\PIC16F877A\Prácticas\Práctica07\e2.asm
                   RECIBE   0x00000f    program     static C:\Users\Alexis\Documents\GitHub\PIC16F877A\Prácticas\Práctica07\e2.asm
                  RETARDO   0x00003d    program     static C:\Users\Alexis\Documents\GitHub\PIC16F877A\Prácticas\Práctica07\e2.asm
                TRANSMITE   0x00004a    program     static C:\Users\Alexis\Documents\GitHub\PIC16F877A\Prácticas\Práctica07\e2.asm



                              Symbols - Sorted by Address
                     Name    Address   Location    Storage File                     
                ---------  ---------  ---------  --------- ---------                
                   INICIO   0x000005    program     static C:\Users\Alexis\Documents\GitHub\PIC16F877A\Prácticas\Práctica07\e2.asm
                   RECIBE   0x00000f    program     static C:\Users\Alexis\Documents\GitHub\PIC16F877A\Prácticas\Práctica07\e2.asm
                  RETARDO   0x00003d    program     static C:\Users\Alexis\Documents\GitHub\PIC16F877A\Prácticas\Práctica07\e2.asm
                    LOOP3   0x00003f    program     static C:\Users\Alexis\Documents\GitHub\PIC16F877A\Prácticas\Práctica07\e2.asm
                    LOOP2   0x000041    program     static C:\Users\Alexis\Documents\GitHub\PIC16F877A\Prácticas\Práctica07\e2.asm
                     LOOP   0x000043    program     static C:\Users\Alexis\Documents\GitHub\PIC16F877A\Prácticas\Práctica07\e2.asm
                TRANSMITE   0x00004a    program     static C:\Users\Alexis\Documents\GitHub\PIC16F877A\Prácticas\Práctica07\e2.asm


