MPLINK 4.49, Linker
Linker Map File - Created Mon Apr 15 12:47:12 2024

                                 Section Info
                  Section       Type    Address   Location Size(Bytes)
                ---------  ---------  ---------  ---------  ---------
                   .org_0       code   0x000000    program   0x000000
                   .org_1       code   0x000000    program   0x000002
                   .org_2       code   0x000005    program   0x00008a



                              Program Memory Usage 
                               Start         End      
                           ---------   ---------      
                            0x000000    0x000000      
                            0x000005    0x000049      
            70 out of 8454 program addresses used, program memory utilization is 0%



                              Symbols - Sorted by Name
                     Name    Address   Location    Storage File                     
                ---------  ---------  ---------  --------- ---------                
                   INICIO   0x000005    program     static C:\Users\USER\Desktop\FI UNAM\MICROCOMPUTADORAS\Práctica07\e2.asm
                     LOOP   0x00003f    program     static C:\Users\USER\Desktop\FI UNAM\MICROCOMPUTADORAS\Práctica07\e2.asm
                    LOOP2   0x00003d    program     static C:\Users\USER\Desktop\FI UNAM\MICROCOMPUTADORAS\Práctica07\e2.asm
                    LOOP3   0x00003b    program     static C:\Users\USER\Desktop\FI UNAM\MICROCOMPUTADORAS\Práctica07\e2.asm
                   RECIBE   0x00000f    program     static C:\Users\USER\Desktop\FI UNAM\MICROCOMPUTADORAS\Práctica07\e2.asm
                  RETARDO   0x000039    program     static C:\Users\USER\Desktop\FI UNAM\MICROCOMPUTADORAS\Práctica07\e2.asm
                TRANSMITE   0x000046    program     static C:\Users\USER\Desktop\FI UNAM\MICROCOMPUTADORAS\Práctica07\e2.asm



                              Symbols - Sorted by Address
                     Name    Address   Location    Storage File                     
                ---------  ---------  ---------  --------- ---------                
                   INICIO   0x000005    program     static C:\Users\USER\Desktop\FI UNAM\MICROCOMPUTADORAS\Práctica07\e2.asm
                   RECIBE   0x00000f    program     static C:\Users\USER\Desktop\FI UNAM\MICROCOMPUTADORAS\Práctica07\e2.asm
                  RETARDO   0x000039    program     static C:\Users\USER\Desktop\FI UNAM\MICROCOMPUTADORAS\Práctica07\e2.asm
                    LOOP3   0x00003b    program     static C:\Users\USER\Desktop\FI UNAM\MICROCOMPUTADORAS\Práctica07\e2.asm
                    LOOP2   0x00003d    program     static C:\Users\USER\Desktop\FI UNAM\MICROCOMPUTADORAS\Práctica07\e2.asm
                     LOOP   0x00003f    program     static C:\Users\USER\Desktop\FI UNAM\MICROCOMPUTADORAS\Práctica07\e2.asm
                TRANSMITE   0x000046    program     static C:\Users\USER\Desktop\FI UNAM\MICROCOMPUTADORAS\Práctica07\e2.asm


