MPLINK 4.49, Linker
Linker Map File - Created Mon Apr 15 13:03:29 2024

                                 Section Info
                  Section       Type    Address   Location Size(Bytes)
                ---------  ---------  ---------  ---------  ---------
                   .org_0       code   0x000000    program   0x000000
                   .org_1       code   0x000000    program   0x000002
                   .org_2       code   0x000005    program   0x000056



                              Program Memory Usage 
                               Start         End      
                           ---------   ---------      
                            0x000000    0x000000      
                            0x000005    0x00002f      
            44 out of 8454 program addresses used, program memory utilization is 0%



                              Symbols - Sorted by Name
                     Name    Address   Location    Storage File                     
                ---------  ---------  ---------  --------- ---------                
                   ESCERO   0x000019    program     static C:\Users\USER\Desktop\FI UNAM\MICROCOMPUTADORAS\Práctica07\e3.asm
                   INICIO   0x000005    program     static C:\Users\USER\Desktop\FI UNAM\MICROCOMPUTADORAS\Práctica07\e3.asm
                     LOOP   0x000021    program     static C:\Users\USER\Desktop\FI UNAM\MICROCOMPUTADORAS\Práctica07\e3.asm
                    LOOP2   0x00001f    program     static C:\Users\USER\Desktop\FI UNAM\MICROCOMPUTADORAS\Práctica07\e3.asm
                    LOOP3   0x00001d    program     static C:\Users\USER\Desktop\FI UNAM\MICROCOMPUTADORAS\Práctica07\e3.asm
                   RECIBE   0x00002c    program     static C:\Users\USER\Desktop\FI UNAM\MICROCOMPUTADORAS\Práctica07\e3.asm
                   REPITE   0x000011    program     static C:\Users\USER\Desktop\FI UNAM\MICROCOMPUTADORAS\Práctica07\e3.asm
                  RETARDO   0x00001b    program     static C:\Users\USER\Desktop\FI UNAM\MICROCOMPUTADORAS\Práctica07\e3.asm
                TRANSMITE   0x000028    program     static C:\Users\USER\Desktop\FI UNAM\MICROCOMPUTADORAS\Práctica07\e3.asm



                              Symbols - Sorted by Address
                     Name    Address   Location    Storage File                     
                ---------  ---------  ---------  --------- ---------                
                   INICIO   0x000005    program     static C:\Users\USER\Desktop\FI UNAM\MICROCOMPUTADORAS\Práctica07\e3.asm
                   REPITE   0x000011    program     static C:\Users\USER\Desktop\FI UNAM\MICROCOMPUTADORAS\Práctica07\e3.asm
                   ESCERO   0x000019    program     static C:\Users\USER\Desktop\FI UNAM\MICROCOMPUTADORAS\Práctica07\e3.asm
                  RETARDO   0x00001b    program     static C:\Users\USER\Desktop\FI UNAM\MICROCOMPUTADORAS\Práctica07\e3.asm
                    LOOP3   0x00001d    program     static C:\Users\USER\Desktop\FI UNAM\MICROCOMPUTADORAS\Práctica07\e3.asm
                    LOOP2   0x00001f    program     static C:\Users\USER\Desktop\FI UNAM\MICROCOMPUTADORAS\Práctica07\e3.asm
                     LOOP   0x000021    program     static C:\Users\USER\Desktop\FI UNAM\MICROCOMPUTADORAS\Práctica07\e3.asm
                TRANSMITE   0x000028    program     static C:\Users\USER\Desktop\FI UNAM\MICROCOMPUTADORAS\Práctica07\e3.asm
                   RECIBE   0x00002c    program     static C:\Users\USER\Desktop\FI UNAM\MICROCOMPUTADORAS\Práctica07\e3.asm


