MPLINK 4.49, Linker
Linker Map File - Created Sun Apr 21 19:49:06 2024

                                 Section Info
                  Section       Type    Address   Location Size(Bytes)
                ---------  ---------  ---------  ---------  ---------
                   .org_0       code   0x000000    program   0x000000
                   .org_1       code   0x000000    program   0x000002
                   .org_2       code   0x000005    program   0x000098



                              Program Memory Usage 
                               Start         End      
                           ---------   ---------      
                            0x000000    0x000000      
                            0x000005    0x000050      
            77 out of 8454 program addresses used, program memory utilization is 0%



                              Symbols - Sorted by Name
                     Name    Address   Location    Storage File                     
                ---------  ---------  ---------  --------- ---------                
                  DERECHA   0x00002a    program     static C:\Users\Alexis\Documents\GitHub\PIC16F877A\Prácticas\Práctica07\e5.asm
                   INICIO   0x000005    program     static C:\Users\Alexis\Documents\GitHub\PIC16F877A\Prácticas\Práctica07\e5.asm
                IZQUIERDA   0x000033    program     static C:\Users\Alexis\Documents\GitHub\PIC16F877A\Prácticas\Práctica07\e5.asm
                     LOOP   0x00004a    program     static C:\Users\Alexis\Documents\GitHub\PIC16F877A\Prácticas\Práctica07\e5.asm
                    LOOP2   0x000048    program     static C:\Users\Alexis\Documents\GitHub\PIC16F877A\Prácticas\Práctica07\e5.asm
                    LOOP3   0x000046    program     static C:\Users\Alexis\Documents\GitHub\PIC16F877A\Prácticas\Práctica07\e5.asm
                   LOOP_D   0x00002b    program     static C:\Users\Alexis\Documents\GitHub\PIC16F877A\Prácticas\Práctica07\e5.asm
                   LOOP_I   0x000034    program     static C:\Users\Alexis\Documents\GitHub\PIC16F877A\Prácticas\Práctica07\e5.asm
                   RECIBE   0x000040    program     static C:\Users\Alexis\Documents\GitHub\PIC16F877A\Prácticas\Práctica07\e5.asm
                   REPITE   0x000015    program     static C:\Users\Alexis\Documents\GitHub\PIC16F877A\Prácticas\Práctica07\e5.asm
                  RETARDO   0x000044    program     static C:\Users\Alexis\Documents\GitHub\PIC16F877A\Prácticas\Práctica07\e5.asm
                TRANSMITE   0x00003c    program     static C:\Users\Alexis\Documents\GitHub\PIC16F877A\Prácticas\Práctica07\e5.asm



                              Symbols - Sorted by Address
                     Name    Address   Location    Storage File                     
                ---------  ---------  ---------  --------- ---------                
                   INICIO   0x000005    program     static C:\Users\Alexis\Documents\GitHub\PIC16F877A\Prácticas\Práctica07\e5.asm
                   REPITE   0x000015    program     static C:\Users\Alexis\Documents\GitHub\PIC16F877A\Prácticas\Práctica07\e5.asm
                  DERECHA   0x00002a    program     static C:\Users\Alexis\Documents\GitHub\PIC16F877A\Prácticas\Práctica07\e5.asm
                   LOOP_D   0x00002b    program     static C:\Users\Alexis\Documents\GitHub\PIC16F877A\Prácticas\Práctica07\e5.asm
                IZQUIERDA   0x000033    program     static C:\Users\Alexis\Documents\GitHub\PIC16F877A\Prácticas\Práctica07\e5.asm
                   LOOP_I   0x000034    program     static C:\Users\Alexis\Documents\GitHub\PIC16F877A\Prácticas\Práctica07\e5.asm
                TRANSMITE   0x00003c    program     static C:\Users\Alexis\Documents\GitHub\PIC16F877A\Prácticas\Práctica07\e5.asm
                   RECIBE   0x000040    program     static C:\Users\Alexis\Documents\GitHub\PIC16F877A\Prácticas\Práctica07\e5.asm
                  RETARDO   0x000044    program     static C:\Users\Alexis\Documents\GitHub\PIC16F877A\Prácticas\Práctica07\e5.asm
                    LOOP3   0x000046    program     static C:\Users\Alexis\Documents\GitHub\PIC16F877A\Prácticas\Práctica07\e5.asm
                    LOOP2   0x000048    program     static C:\Users\Alexis\Documents\GitHub\PIC16F877A\Prácticas\Práctica07\e5.asm
                     LOOP   0x00004a    program     static C:\Users\Alexis\Documents\GitHub\PIC16F877A\Prácticas\Práctica07\e5.asm


