MPLINK 4.49, Linker
Linker Map File - Created Sun Apr 21 19:50:40 2024

                                 Section Info
                  Section       Type    Address   Location Size(Bytes)
                ---------  ---------  ---------  ---------  ---------
                   .org_0       code   0x000000    program   0x000000
                   .org_1       code   0x000000    program   0x000002
                   .org_2       code   0x000005    program   0x000096



                              Program Memory Usage 
                               Start         End      
                           ---------   ---------      
                            0x000000    0x000000      
                            0x000005    0x00004f      
            76 out of 8454 program addresses used, program memory utilization is 0%



                              Symbols - Sorted by Name
                     Name    Address   Location    Storage File                     
                ---------  ---------  ---------  --------- ---------                
                    CINCO   0x000038    program     static C:\Users\Alexis\Documents\GitHub\PIC16F877A\Prácticas\Práctica07\e6.asm
                   CUATRO   0x000035    program     static C:\Users\Alexis\Documents\GitHub\PIC16F877A\Prácticas\Práctica07\e6.asm
                      DOS   0x00002f    program     static C:\Users\Alexis\Documents\GitHub\PIC16F877A\Prácticas\Práctica07\e6.asm
                   INICIO   0x000005    program     static C:\Users\Alexis\Documents\GitHub\PIC16F877A\Prácticas\Práctica07\e6.asm
                     LOOP   0x000049    program     static C:\Users\Alexis\Documents\GitHub\PIC16F877A\Prácticas\Práctica07\e6.asm
                    LOOP2   0x000047    program     static C:\Users\Alexis\Documents\GitHub\PIC16F877A\Prácticas\Práctica07\e6.asm
                    LOOP3   0x000045    program     static C:\Users\Alexis\Documents\GitHub\PIC16F877A\Prácticas\Práctica07\e6.asm
                   RECIBE   0x00003f    program     static C:\Users\Alexis\Documents\GitHub\PIC16F877A\Prácticas\Práctica07\e6.asm
                   REPITE   0x000015    program     static C:\Users\Alexis\Documents\GitHub\PIC16F877A\Prácticas\Práctica07\e6.asm
                  RETARDO   0x000043    program     static C:\Users\Alexis\Documents\GitHub\PIC16F877A\Prácticas\Práctica07\e6.asm
                TRANSMITE   0x00003b    program     static C:\Users\Alexis\Documents\GitHub\PIC16F877A\Prácticas\Práctica07\e6.asm
                     TRES   0x000032    program     static C:\Users\Alexis\Documents\GitHub\PIC16F877A\Prácticas\Práctica07\e6.asm
                      UNO   0x00002d    program     static C:\Users\Alexis\Documents\GitHub\PIC16F877A\Prácticas\Práctica07\e6.asm



                              Symbols - Sorted by Address
                     Name    Address   Location    Storage File                     
                ---------  ---------  ---------  --------- ---------                
                   INICIO   0x000005    program     static C:\Users\Alexis\Documents\GitHub\PIC16F877A\Prácticas\Práctica07\e6.asm
                   REPITE   0x000015    program     static C:\Users\Alexis\Documents\GitHub\PIC16F877A\Prácticas\Práctica07\e6.asm
                      UNO   0x00002d    program     static C:\Users\Alexis\Documents\GitHub\PIC16F877A\Prácticas\Práctica07\e6.asm
                      DOS   0x00002f    program     static C:\Users\Alexis\Documents\GitHub\PIC16F877A\Prácticas\Práctica07\e6.asm
                     TRES   0x000032    program     static C:\Users\Alexis\Documents\GitHub\PIC16F877A\Prácticas\Práctica07\e6.asm
                   CUATRO   0x000035    program     static C:\Users\Alexis\Documents\GitHub\PIC16F877A\Prácticas\Práctica07\e6.asm
                    CINCO   0x000038    program     static C:\Users\Alexis\Documents\GitHub\PIC16F877A\Prácticas\Práctica07\e6.asm
                TRANSMITE   0x00003b    program     static C:\Users\Alexis\Documents\GitHub\PIC16F877A\Prácticas\Práctica07\e6.asm
                   RECIBE   0x00003f    program     static C:\Users\Alexis\Documents\GitHub\PIC16F877A\Prácticas\Práctica07\e6.asm
                  RETARDO   0x000043    program     static C:\Users\Alexis\Documents\GitHub\PIC16F877A\Prácticas\Práctica07\e6.asm
                    LOOP3   0x000045    program     static C:\Users\Alexis\Documents\GitHub\PIC16F877A\Prácticas\Práctica07\e6.asm
                    LOOP2   0x000047    program     static C:\Users\Alexis\Documents\GitHub\PIC16F877A\Prácticas\Práctica07\e6.asm
                     LOOP   0x000049    program     static C:\Users\Alexis\Documents\GitHub\PIC16F877A\Prácticas\Práctica07\e6.asm


