MPLINK 4.49, Linker
Linker Map File - Created Mon May 20 01:52:15 2024

                                 Section Info
                  Section       Type    Address   Location Size(Bytes)
                ---------  ---------  ---------  ---------  ---------
                   .org_0       code   0x000000    program   0x000000
                   .org_1       code   0x000000    program   0x000002
                   .org_2       code   0x000005    program   0x0003d6



                              Program Memory Usage 
                               Start         End      
                           ---------   ---------      
                            0x000000    0x000000      
                            0x000005    0x0001ef      
            492 out of 8454 program addresses used, program memory utilization is 5%



                              Symbols - Sorted by Name
                     Name    Address   Location    Storage File                     
                ---------  ---------  ---------  --------- ---------                
                CENTENAS1   0x0001c3    program     static C:\Users\Alexis\Documents\GitHub\PIC16F877A\Proyectos\Proyecto03\test\test.asm
                     CERO   0x000022    program     static C:\Users\Alexis\Documents\GitHub\PIC16F877A\Proyectos\Proyecto03\test\test.asm
                      CHA   0x00008f    program     static C:\Users\Alexis\Documents\GitHub\PIC16F877A\Proyectos\Proyecto03\test\test.asm
                      CHD   0x000053    program     static C:\Users\Alexis\Documents\GitHub\PIC16F877A\Proyectos\Proyecto03\test\test.asm
                    CICLO   0x0001db    program     static C:\Users\Alexis\Documents\GitHub\PIC16F877A\Proyectos\Proyecto03\test\test.asm
                   CICLO2   0x0001dd    program     static C:\Users\Alexis\Documents\GitHub\PIC16F877A\Proyectos\Proyecto03\test\test.asm
                   CICLO3   0x0001e4    program     static C:\Users\Alexis\Documents\GitHub\PIC16F877A\Proyectos\Proyecto03\test\test.asm
                   CICLO4   0x0001e9    program     static C:\Users\Alexis\Documents\GitHub\PIC16F877A\Proyectos\Proyecto03\test\test.asm
                   CICLO5   0x0001eb    program     static C:\Users\Alexis\Documents\GitHub\PIC16F877A\Proyectos\Proyecto03\test\test.asm
                    CINCO   0x00004b    program     static C:\Users\Alexis\Documents\GitHub\PIC16F877A\Proyectos\Proyecto03\test\test.asm
                     COMP   0x00009e    program     static C:\Users\Alexis\Documents\GitHub\PIC16F877A\Proyectos\Proyecto03\test\test.asm
                     CONF   0x000062    program     static C:\Users\Alexis\Documents\GitHub\PIC16F877A\Proyectos\Proyecto03\test\test.asm
       CONFIGURAR_PUERTOS   0x000008    program     static C:\Users\Alexis\Documents\GitHub\PIC16F877A\Proyectos\Proyecto03\test\test.asm
              CONVERTIDOR   0x00004c    program     static C:\Users\Alexis\Documents\GitHub\PIC16F877A\Proyectos\Proyecto03\test\test.asm
                   CUATRO   0x00004a    program     static C:\Users\Alexis\Documents\GitHub\PIC16F877A\Proyectos\Proyecto03\test\test.asm
                 DECENAS1   0x0001ca    program     static C:\Users\Alexis\Documents\GitHub\PIC16F877A\Proyectos\Proyecto03\test\test.asm
                    DELAY   0x0001d9    program     static C:\Users\Alexis\Documents\GitHub\PIC16F877A\Proyectos\Proyecto03\test\test.asm
                 DIPSWICH   0x000016    program     static C:\Users\Alexis\Documents\GitHub\PIC16F877A\Proyectos\Proyecto03\test\test.asm
                      DOS   0x000034    program     static C:\Users\Alexis\Documents\GitHub\PIC16F877A\Proyectos\Proyecto03\test\test.asm
                   ESPERA   0x00004f    program     static C:\Users\Alexis\Documents\GitHub\PIC16F877A\Proyectos\Proyecto03\test\test.asm
                   INICIO   0x000005    program     static C:\Users\Alexis\Documents\GitHub\PIC16F877A\Proyectos\Proyecto03\test\test.asm
                 LCD_CHAR   0x000046    program     static C:\Users\Alexis\Documents\GitHub\PIC16F877A\Proyectos\Proyecto03\test\test.asm
              LCD_Comando   0x0000cf    program     static C:\Users\Alexis\Documents\GitHub\PIC16F877A\Proyectos\Proyecto03\test\test.asm
                LCD_ENVIA   0x0000d5    program     static C:\Users\Alexis\Documents\GitHub\PIC16F877A\Proyectos\Proyecto03\test\test.asm
           LCD_INICIALIZA   0x0000ba    program     static C:\Users\Alexis\Documents\GitHub\PIC16F877A\Proyectos\Proyecto03\test\test.asm
               LCD_LINEA2   0x0000d8    program     static C:\Users\Alexis\Documents\GitHub\PIC16F877A\Proyectos\Proyecto03\test\test.asm
                    LETRA   0x0000a9    program     static C:\Users\Alexis\Documents\GitHub\PIC16F877A\Proyectos\Proyecto03\test\test.asm
                    LOOP1   0x00005b    program     static C:\Users\Alexis\Documents\GitHub\PIC16F877A\Proyectos\Proyecto03\test\test.asm
                    LOOP2   0x000065    program     static C:\Users\Alexis\Documents\GitHub\PIC16F877A\Proyectos\Proyecto03\test\test.asm
                    LOOP3   0x00006c    program     static C:\Users\Alexis\Documents\GitHub\PIC16F877A\Proyectos\Proyecto03\test\test.asm
                    LOOP4   0x000074    program     static C:\Users\Alexis\Documents\GitHub\PIC16F877A\Proyectos\Proyecto03\test\test.asm
                    LOOP5   0x000079    program     static C:\Users\Alexis\Documents\GitHub\PIC16F877A\Proyectos\Proyecto03\test\test.asm
                    LOOP6   0x000080    program     static C:\Users\Alexis\Documents\GitHub\PIC16F877A\Proyectos\Proyecto03\test\test.asm
                    LOOP7   0x000088    program     static C:\Users\Alexis\Documents\GitHub\PIC16F877A\Proyectos\Proyecto03\test\test.asm
                MENSAJE_1   0x0000f9    program     static C:\Users\Alexis\Documents\GitHub\PIC16F877A\Proyectos\Proyecto03\test\test.asm
                MENSAJE_2   0x00012a    program     static C:\Users\Alexis\Documents\GitHub\PIC16F877A\Proyectos\Proyecto03\test\test.asm
                MENSAJE_3   0x00015b    program     static C:\Users\Alexis\Documents\GitHub\PIC16F877A\Proyectos\Proyecto03\test\test.asm
                MENSAJE_4   0x00018c    program     static C:\Users\Alexis\Documents\GitHub\PIC16F877A\Proyectos\Proyecto03\test\test.asm
              MENSAJE_BIN   0x0000dd    program     static C:\Users\Alexis\Documents\GitHub\PIC16F877A\Proyectos\Proyecto03\test\test.asm
           MULTIPLICACION   0x0000ac    program     static C:\Users\Alexis\Documents\GitHub\PIC16F877A\Proyectos\Proyecto03\test\test.asm
                 NEGATIVO   0x0000b6    program     static C:\Users\Alexis\Documents\GitHub\PIC16F877A\Proyectos\Proyecto03\test\test.asm
                   NUMERO   0x0000a6    program     static C:\Users\Alexis\Documents\GitHub\PIC16F877A\Proyectos\Proyecto03\test\test.asm
              OBTEN_ASCII   0x0001d4    program     static C:\Users\Alexis\Documents\GitHub\PIC16F877A\Proyectos\Proyecto03\test\test.asm
                      REG   0x0000a5    program     static C:\Users\Alexis\Documents\GitHub\PIC16F877A\Proyectos\Proyecto03\test\test.asm
                  REGRESO   0x000021    program     static C:\Users\Alexis\Documents\GitHub\PIC16F877A\Proyectos\Proyecto03\test\test.asm
                 REGRESO1   0x000069    program     static C:\Users\Alexis\Documents\GitHub\PIC16F877A\Proyectos\Proyecto03\test\test.asm
                      RET   0x00007d    program     static C:\Users\Alexis\Documents\GitHub\PIC16F877A\Proyectos\Proyecto03\test\test.asm
                     RETA   0x0001e7    program     static C:\Users\Alexis\Documents\GitHub\PIC16F877A\Proyectos\Proyecto03\test\test.asm
                  RETARDO   0x0001e2    program     static C:\Users\Alexis\Documents\GitHub\PIC16F877A\Proyectos\Proyecto03\test\test.asm
          SEND_BIN_TO_LCD   0x000038    program     static C:\Users\Alexis\Documents\GitHub\PIC16F877A\Proyectos\Proyecto03\test\test.asm
            SEND_BIT_LOOP   0x00003c    program     static C:\Users\Alexis\Documents\GitHub\PIC16F877A\Proyectos\Proyecto03\test\test.asm
                    START   0x000006    program     static C:\Users\Alexis\Documents\GitHub\PIC16F877A\Proyectos\Proyecto03\test\test.asm
                     TEMP   0x0001bd    program     static C:\Users\Alexis\Documents\GitHub\PIC16F877A\Proyectos\Proyecto03\test\test.asm
                     TRES   0x000049    program     static C:\Users\Alexis\Documents\GitHub\PIC16F877A\Proyectos\Proyecto03\test\test.asm
                UNIDADES1   0x0001d1    program     static C:\Users\Alexis\Documents\GitHub\PIC16F877A\Proyectos\Proyecto03\test\test.asm
                      UNO   0x00002b    program     static C:\Users\Alexis\Documents\GitHub\PIC16F877A\Proyectos\Proyecto03\test\test.asm



                              Symbols - Sorted by Address
                     Name    Address   Location    Storage File                     
                ---------  ---------  ---------  --------- ---------                
                   INICIO   0x000005    program     static C:\Users\Alexis\Documents\GitHub\PIC16F877A\Proyectos\Proyecto03\test\test.asm
                    START   0x000006    program     static C:\Users\Alexis\Documents\GitHub\PIC16F877A\Proyectos\Proyecto03\test\test.asm
       CONFIGURAR_PUERTOS   0x000008    program     static C:\Users\Alexis\Documents\GitHub\PIC16F877A\Proyectos\Proyecto03\test\test.asm
                 DIPSWICH   0x000016    program     static C:\Users\Alexis\Documents\GitHub\PIC16F877A\Proyectos\Proyecto03\test\test.asm
                  REGRESO   0x000021    program     static C:\Users\Alexis\Documents\GitHub\PIC16F877A\Proyectos\Proyecto03\test\test.asm
                     CERO   0x000022    program     static C:\Users\Alexis\Documents\GitHub\PIC16F877A\Proyectos\Proyecto03\test\test.asm
                      UNO   0x00002b    program     static C:\Users\Alexis\Documents\GitHub\PIC16F877A\Proyectos\Proyecto03\test\test.asm
                      DOS   0x000034    program     static C:\Users\Alexis\Documents\GitHub\PIC16F877A\Proyectos\Proyecto03\test\test.asm
          SEND_BIN_TO_LCD   0x000038    program     static C:\Users\Alexis\Documents\GitHub\PIC16F877A\Proyectos\Proyecto03\test\test.asm
            SEND_BIT_LOOP   0x00003c    program     static C:\Users\Alexis\Documents\GitHub\PIC16F877A\Proyectos\Proyecto03\test\test.asm
                 LCD_CHAR   0x000046    program     static C:\Users\Alexis\Documents\GitHub\PIC16F877A\Proyectos\Proyecto03\test\test.asm
                     TRES   0x000049    program     static C:\Users\Alexis\Documents\GitHub\PIC16F877A\Proyectos\Proyecto03\test\test.asm
                   CUATRO   0x00004a    program     static C:\Users\Alexis\Documents\GitHub\PIC16F877A\Proyectos\Proyecto03\test\test.asm
                    CINCO   0x00004b    program     static C:\Users\Alexis\Documents\GitHub\PIC16F877A\Proyectos\Proyecto03\test\test.asm
              CONVERTIDOR   0x00004c    program     static C:\Users\Alexis\Documents\GitHub\PIC16F877A\Proyectos\Proyecto03\test\test.asm
                   ESPERA   0x00004f    program     static C:\Users\Alexis\Documents\GitHub\PIC16F877A\Proyectos\Proyecto03\test\test.asm
                      CHD   0x000053    program     static C:\Users\Alexis\Documents\GitHub\PIC16F877A\Proyectos\Proyecto03\test\test.asm
                    LOOP1   0x00005b    program     static C:\Users\Alexis\Documents\GitHub\PIC16F877A\Proyectos\Proyecto03\test\test.asm
                     CONF   0x000062    program     static C:\Users\Alexis\Documents\GitHub\PIC16F877A\Proyectos\Proyecto03\test\test.asm
                    LOOP2   0x000065    program     static C:\Users\Alexis\Documents\GitHub\PIC16F877A\Proyectos\Proyecto03\test\test.asm
                 REGRESO1   0x000069    program     static C:\Users\Alexis\Documents\GitHub\PIC16F877A\Proyectos\Proyecto03\test\test.asm
                    LOOP3   0x00006c    program     static C:\Users\Alexis\Documents\GitHub\PIC16F877A\Proyectos\Proyecto03\test\test.asm
                    LOOP4   0x000074    program     static C:\Users\Alexis\Documents\GitHub\PIC16F877A\Proyectos\Proyecto03\test\test.asm
                    LOOP5   0x000079    program     static C:\Users\Alexis\Documents\GitHub\PIC16F877A\Proyectos\Proyecto03\test\test.asm
                      RET   0x00007d    program     static C:\Users\Alexis\Documents\GitHub\PIC16F877A\Proyectos\Proyecto03\test\test.asm
                    LOOP6   0x000080    program     static C:\Users\Alexis\Documents\GitHub\PIC16F877A\Proyectos\Proyecto03\test\test.asm
                    LOOP7   0x000088    program     static C:\Users\Alexis\Documents\GitHub\PIC16F877A\Proyectos\Proyecto03\test\test.asm
                      CHA   0x00008f    program     static C:\Users\Alexis\Documents\GitHub\PIC16F877A\Proyectos\Proyecto03\test\test.asm
                     COMP   0x00009e    program     static C:\Users\Alexis\Documents\GitHub\PIC16F877A\Proyectos\Proyecto03\test\test.asm
                      REG   0x0000a5    program     static C:\Users\Alexis\Documents\GitHub\PIC16F877A\Proyectos\Proyecto03\test\test.asm
                   NUMERO   0x0000a6    program     static C:\Users\Alexis\Documents\GitHub\PIC16F877A\Proyectos\Proyecto03\test\test.asm
                    LETRA   0x0000a9    program     static C:\Users\Alexis\Documents\GitHub\PIC16F877A\Proyectos\Proyecto03\test\test.asm
           MULTIPLICACION   0x0000ac    program     static C:\Users\Alexis\Documents\GitHub\PIC16F877A\Proyectos\Proyecto03\test\test.asm
                 NEGATIVO   0x0000b6    program     static C:\Users\Alexis\Documents\GitHub\PIC16F877A\Proyectos\Proyecto03\test\test.asm
           LCD_INICIALIZA   0x0000ba    program     static C:\Users\Alexis\Documents\GitHub\PIC16F877A\Proyectos\Proyecto03\test\test.asm
              LCD_Comando   0x0000cf    program     static C:\Users\Alexis\Documents\GitHub\PIC16F877A\Proyectos\Proyecto03\test\test.asm
                LCD_ENVIA   0x0000d5    program     static C:\Users\Alexis\Documents\GitHub\PIC16F877A\Proyectos\Proyecto03\test\test.asm
               LCD_LINEA2   0x0000d8    program     static C:\Users\Alexis\Documents\GitHub\PIC16F877A\Proyectos\Proyecto03\test\test.asm
              MENSAJE_BIN   0x0000dd    program     static C:\Users\Alexis\Documents\GitHub\PIC16F877A\Proyectos\Proyecto03\test\test.asm
                MENSAJE_1   0x0000f9    program     static C:\Users\Alexis\Documents\GitHub\PIC16F877A\Proyectos\Proyecto03\test\test.asm
                MENSAJE_2   0x00012a    program     static C:\Users\Alexis\Documents\GitHub\PIC16F877A\Proyectos\Proyecto03\test\test.asm
                MENSAJE_3   0x00015b    program     static C:\Users\Alexis\Documents\GitHub\PIC16F877A\Proyectos\Proyecto03\test\test.asm
                MENSAJE_4   0x00018c    program     static C:\Users\Alexis\Documents\GitHub\PIC16F877A\Proyectos\Proyecto03\test\test.asm
                     TEMP   0x0001bd    program     static C:\Users\Alexis\Documents\GitHub\PIC16F877A\Proyectos\Proyecto03\test\test.asm
                CENTENAS1   0x0001c3    program     static C:\Users\Alexis\Documents\GitHub\PIC16F877A\Proyectos\Proyecto03\test\test.asm
                 DECENAS1   0x0001ca    program     static C:\Users\Alexis\Documents\GitHub\PIC16F877A\Proyectos\Proyecto03\test\test.asm
                UNIDADES1   0x0001d1    program     static C:\Users\Alexis\Documents\GitHub\PIC16F877A\Proyectos\Proyecto03\test\test.asm
              OBTEN_ASCII   0x0001d4    program     static C:\Users\Alexis\Documents\GitHub\PIC16F877A\Proyectos\Proyecto03\test\test.asm
                    DELAY   0x0001d9    program     static C:\Users\Alexis\Documents\GitHub\PIC16F877A\Proyectos\Proyecto03\test\test.asm
                    CICLO   0x0001db    program     static C:\Users\Alexis\Documents\GitHub\PIC16F877A\Proyectos\Proyecto03\test\test.asm
                   CICLO2   0x0001dd    program     static C:\Users\Alexis\Documents\GitHub\PIC16F877A\Proyectos\Proyecto03\test\test.asm
                  RETARDO   0x0001e2    program     static C:\Users\Alexis\Documents\GitHub\PIC16F877A\Proyectos\Proyecto03\test\test.asm
                   CICLO3   0x0001e4    program     static C:\Users\Alexis\Documents\GitHub\PIC16F877A\Proyectos\Proyecto03\test\test.asm
                     RETA   0x0001e7    program     static C:\Users\Alexis\Documents\GitHub\PIC16F877A\Proyectos\Proyecto03\test\test.asm
                   CICLO4   0x0001e9    program     static C:\Users\Alexis\Documents\GitHub\PIC16F877A\Proyectos\Proyecto03\test\test.asm
                   CICLO5   0x0001eb    program     static C:\Users\Alexis\Documents\GitHub\PIC16F877A\Proyectos\Proyecto03\test\test.asm


