MPLINK 4.49, Linker
Linker Map File - Created Tue Apr 16 03:15:14 2024

                                 Section Info
                  Section       Type    Address   Location Size(Bytes)
                ---------  ---------  ---------  ---------  ---------
                   .org_0       code   0x000000    program   0x000000
                   .org_1       code   0x000000    program   0x0000cc



                              Program Memory Usage 
                               Start         End      
                           ---------   ---------      
                            0x000000    0x000065      
            102 out of 8454 program addresses used, program memory utilization is 1%



                              Symbols - Sorted by Name
                     Name    Address   Location    Storage File                     
                ---------  ---------  ---------  --------- ---------                
                    BUCLE   0x000061    program     static C:\Users\USER\Desktop\FI UNAM\MICROCOMPUTADORAS\Proyecto02\lcd.asm
                   ENABLE   0x000059    program     static C:\Users\USER\Desktop\FI UNAM\MICROCOMPUTADORAS\Proyecto02\lcd.asm
                   INICIO   0x000001    program     static C:\Users\USER\Desktop\FI UNAM\MICROCOMPUTADORAS\Proyecto02\lcd.asm
              LCD_2LINEAS   0x000035    program     static C:\Users\USER\Desktop\FI UNAM\MICROCOMPUTADORAS\Proyecto02\lcd.asm
               LCD_BORRAR   0x000031    program     static C:\Users\USER\Desktop\FI UNAM\MICROCOMPUTADORAS\Proyecto02\lcd.asm
             LCD_CARACTER   0x00003e    program     static C:\Users\USER\Desktop\FI UNAM\MICROCOMPUTADORAS\Proyecto02\lcd.asm
              LCD_COMANDO   0x000037    program     static C:\Users\USER\Desktop\FI UNAM\MICROCOMPUTADORAS\Proyecto02\lcd.asm
               LCD_CONFIG   0x00004f    program     static C:\Users\USER\Desktop\FI UNAM\MICROCOMPUTADORAS\Proyecto02\lcd.asm
                LCD_DATOS   0x000045    program     static C:\Users\USER\Desktop\FI UNAM\MICROCOMPUTADORAS\Proyecto02\lcd.asm
              LCD_DISPLAY   0x00002f    program     static C:\Users\USER\Desktop\FI UNAM\MICROCOMPUTADORAS\Proyecto02\lcd.asm
                 LCD_INCR   0x000033    program     static C:\Users\USER\Desktop\FI UNAM\MICROCOMPUTADORAS\Proyecto02\lcd.asm
               LCD_LINEA1   0x00002d    program     static C:\Users\USER\Desktop\FI UNAM\MICROCOMPUTADORAS\Proyecto02\lcd.asm
               LCD_LINEA2   0x00002b    program     static C:\Users\USER\Desktop\FI UNAM\MICROCOMPUTADORAS\Proyecto02\lcd.asm
              Retardo_1ms   0x00005f    program     static C:\Users\USER\Desktop\FI UNAM\MICROCOMPUTADORAS\Proyecto02\lcd.asm
                    START   0x00002a    program     static C:\Users\USER\Desktop\FI UNAM\MICROCOMPUTADORAS\Proyecto02\lcd.asm



                              Symbols - Sorted by Address
                     Name    Address   Location    Storage File                     
                ---------  ---------  ---------  --------- ---------                
                   INICIO   0x000001    program     static C:\Users\USER\Desktop\FI UNAM\MICROCOMPUTADORAS\Proyecto02\lcd.asm
                    START   0x00002a    program     static C:\Users\USER\Desktop\FI UNAM\MICROCOMPUTADORAS\Proyecto02\lcd.asm
               LCD_LINEA2   0x00002b    program     static C:\Users\USER\Desktop\FI UNAM\MICROCOMPUTADORAS\Proyecto02\lcd.asm
               LCD_LINEA1   0x00002d    program     static C:\Users\USER\Desktop\FI UNAM\MICROCOMPUTADORAS\Proyecto02\lcd.asm
              LCD_DISPLAY   0x00002f    program     static C:\Users\USER\Desktop\FI UNAM\MICROCOMPUTADORAS\Proyecto02\lcd.asm
               LCD_BORRAR   0x000031    program     static C:\Users\USER\Desktop\FI UNAM\MICROCOMPUTADORAS\Proyecto02\lcd.asm
                 LCD_INCR   0x000033    program     static C:\Users\USER\Desktop\FI UNAM\MICROCOMPUTADORAS\Proyecto02\lcd.asm
              LCD_2LINEAS   0x000035    program     static C:\Users\USER\Desktop\FI UNAM\MICROCOMPUTADORAS\Proyecto02\lcd.asm
              LCD_COMANDO   0x000037    program     static C:\Users\USER\Desktop\FI UNAM\MICROCOMPUTADORAS\Proyecto02\lcd.asm
             LCD_CARACTER   0x00003e    program     static C:\Users\USER\Desktop\FI UNAM\MICROCOMPUTADORAS\Proyecto02\lcd.asm
                LCD_DATOS   0x000045    program     static C:\Users\USER\Desktop\FI UNAM\MICROCOMPUTADORAS\Proyecto02\lcd.asm
               LCD_CONFIG   0x00004f    program     static C:\Users\USER\Desktop\FI UNAM\MICROCOMPUTADORAS\Proyecto02\lcd.asm
                   ENABLE   0x000059    program     static C:\Users\USER\Desktop\FI UNAM\MICROCOMPUTADORAS\Proyecto02\lcd.asm
              Retardo_1ms   0x00005f    program     static C:\Users\USER\Desktop\FI UNAM\MICROCOMPUTADORAS\Proyecto02\lcd.asm
                    BUCLE   0x000061    program     static C:\Users\USER\Desktop\FI UNAM\MICROCOMPUTADORAS\Proyecto02\lcd.asm


