MPASM  5.51                      LCDPROFE.ASM   4-16-2024  9:45:38         PAGE  1


LOC  OBJECT CODE     LINE SOURCE TEXT
  VALUE

Warning[205]: Found directive in column 1. (include)
                      00001 include <p16f877.inc>
                      00001         LIST
                      00002 
                      00003 ;==========================================================================
                      00004 ;  MPASM PIC16F877 processor include
                      00005 ; 
                      00006 ;  (c) Copyright 1999-2013 Microchip Technology, All rights reserved
                      00007 ;==========================================================================
                      00008 
Message[301]: MESSAGE: (Processor-header file mismatch.  Verify selected processor.)
                      00540         LIST
                      00002 
Warning[205]: Found directive in column 1. (CBLOCK)
                      00003 CBLOCK 0X20
  00000020            00004 VALOR
  00000021            00005 VALOR1
  00000022            00006 VALOR2
  00000023            00007 FLAG1
  00000024            00008 FLAG2
  00000025            00009 START_BUTTON
Warning[205]: Found directive in column 1. (ENDC)
                      00010 ENDC
                      00011 
                      00012 #DEFINE         RS              PORTA,0
                      00013 #DEFINE         E               PORTA,1
                      00014 
Warning[205]: Found directive in column 1. (ORG)
0000                  00015 ORG             0       
Warning[203]: Found opcode in column 1. (GOTO)
0000   2805           00016 GOTO    INICIO
Warning[205]: Found directive in column 1. (ORG)
0005                  00017 ORG             5
                      00018 
0005                  00019 INICIO:
0005   0185           00020         CLRF    PORTA
0006   0186           00021         CLRF    PORTB
0007   1683           00022         BSF             STATUS,5
0008   1303           00023         BCF             STATUS,6
Message[302]: Register in operand not in bank 0.  Ensure that bank bits are correct.
0009   0186           00024         CLRF    TRISB
000A   3007           00025         MOVLW   0X07
Message[302]: Register in operand not in bank 0.  Ensure that bank bits are correct.
000B   009F           00026         MOVWF   ADCON1
000C   300C           00027         MOVLW   B'00001100'             ;BIT 0 Y 1 COMO SALIDA, 2 Y 3 COMO ENTRADA
Message[302]: Register in operand not in bank 0.  Ensure that bank bits are correct.
000D   0085           00028         MOVWF   TRISA
                      00029 
000E   1283           00030         BCF             STATUS,5
000F   2054           00031         CALL    INICIA_LCD
0010   3080           00032         MOVLW   0X80
0011   2065           00033         CALL    COMANDO
0012   1023           00034         BCF             FLAG1,0
MPASM  5.51                      LCDPROFE.ASM   4-16-2024  9:45:38         PAGE  2


LOC  OBJECT CODE     LINE SOURCE TEXT
  VALUE

0013                  00035 MAIN:
0013   1024           00036         BCF             FLAG2,0
0014   1C23           00037         BTFSS   FLAG1,0
0015   2020           00038         CALL    MSG_BIENVENIDA
0016   1423           00039         BSF             FLAG1,0
0017   0805           00040         MOVFW   PORTA                   ;W <-- PORTA
0018   1925           00041         BTFSC   START_BUTTON,2  ;PORTA(2) <-- BOTON DE INICIO
0019   2813           00042         GOTO    MAIN
001A   281B           00043         GOTO    IN_GAME
001B                  00044 IN_GAME 
001B   1023           00045         BCF             FLAG1,0
001C   1C23           00046         BTFSS   FLAG1,0
001D   2039           00047         CALL    MSG_JUEGO
001E   1424           00048         BSF             FLAG2,0
                      00049 
001F   281B           00050         GOTO    IN_GAME
                      00051         
0020                  00052 MSG_BIENVENIDA
0020   2075           00053         CALL    RET200
0021   2075           00054         CALL    RET200
0022   3048           00055         MOVLW   A'H'
0023   206C           00056         CALL    DATOS
0024   304F           00057         MOVLW   A'O'
0025   206C           00058         CALL    DATOS
0026   304C           00059         MOVLW   A'L'
0027   206C           00060         CALL    DATOS
0028   3041           00061         MOVLW   A'A'
0029   206C           00062         CALL    DATOS
002A   3020           00063         MOVLW   A' '
002B   206C           00064         CALL    DATOS
002C   30C0           00065         MOVLW   0XC0
002D   2065           00066         CALL    COMANDO
002E   304D           00067         MOVLW   A'M'
002F   206C           00068         CALL    DATOS
0030   3055           00069         MOVLW   A'U'
0031   206C           00070         CALL    DATOS
0032   304E           00071         MOVLW   A'N'
0033   206C           00072         CALL    DATOS
0034   3044           00073         MOVLW   A'D'
0035   206C           00074         CALL    DATOS
0036   304F           00075         MOVLW   A'O'
0037   206C           00076         CALL    DATOS
0038   0008           00077         RETURN
0039                  00078 MSG_JUEGO
0039   2075           00079         CALL    RET200
003A   2075           00080         CALL    RET200
003B   3048           00081         MOVLW   A'H'
003C   206C           00082         CALL    DATOS
003D   304F           00083         MOVLW   A'O'
003E   206C           00084         CALL    DATOS
003F   304C           00085         MOVLW   A'L'
0040   206C           00086         CALL    DATOS
0041   3041           00087         MOVLW   A'A'
MPASM  5.51                      LCDPROFE.ASM   4-16-2024  9:45:38         PAGE  3


LOC  OBJECT CODE     LINE SOURCE TEXT
  VALUE

0042   206C           00088         CALL    DATOS
0043   3020           00089         MOVLW   A' '
0044   206C           00090         CALL    DATOS
0045   30C0           00091         MOVLW   0XC0
0046   2065           00092         CALL    COMANDO
0047   3044           00093         MOVLW   A'D'
0048   206C           00094         CALL    DATOS
0049   3049           00095         MOVLW   A'I'
004A   206C           00096         CALL    DATOS
004B   3041           00097         MOVLW   A'A'
004C   206C           00098         CALL    DATOS
004D   3042           00099         MOVLW   A'B'
004E   206C           00100         CALL    DATOS
004F   304C           00101         MOVLW   A'L'
0050   206C           00102         CALL    DATOS
0051   304F           00103         MOVLW   A'O'
0052   206C           00104         CALL    DATOS
0053   0008           00105         RETURN
0054                  00106 INICIA_LCD      
0054   3030           00107         MOVLW   0X30
0055   2065           00108         CALL    COMANDO
0056   207E           00109         CALL    RET100MS
0057   3030           00110         MOVLW   0X30
0058   2065           00111         CALL    COMANDO
0059   207E           00112         CALL    RET100MS
005A   3038           00113         MOVLW   0X38
005B   2065           00114         CALL    COMANDO
005C   300C           00115         MOVLW   0X0C            ;DISPLAY: Activa pantalla, desactiva cursor y parpadeo
005D   2065           00116         CALL    COMANDO
005E   3001           00117         MOVLW   0X01            ;BORRAR
005F   2065           00118         CALL    COMANDO
0060   3006           00119         MOVLW   0X06            ;INCR
0061   2065           00120         CALL    COMANDO
0062   3002           00121         MOVLW   0X02
0063   2065           00122         CALL    COMANDO
0064   0008           00123         RETURN
                      00124 
0065                  00125 COMANDO:
0065   0086           00126         MOVWF   PORTB
0066   2075           00127         CALL    RET200
0067   1005           00128         BCF             RS
0068   1485           00129         BSF             E
0069   2075           00130         CALL    RET200
006A   1085           00131         BCF             E
006B   0008           00132         RETURN
                      00133 
006C                  00134 DATOS:
006C   0086           00135         MOVWF   PORTB
006D   2075           00136         CALL    RET200
006E   1405           00137         BSF             RS
006F   1485           00138         BSF             E
0070   2075           00139         CALL    RET200
0071   1085           00140         BCF             E
MPASM  5.51                      LCDPROFE.ASM   4-16-2024  9:45:38         PAGE  4


LOC  OBJECT CODE     LINE SOURCE TEXT
  VALUE

0072   2075           00141         CALL    RET200
0073   2075           00142         CALL    RET200
0074   0008           00143         RETURN
                      00144 
0075                  00145 RET200
0075   3002           00146         MOVLW   0X02
0076   00A1           00147         MOVWF   VALOR1
0077                  00148 LOOP
0077   30A4           00149         MOVLW   .164
0078   00A0           00150         MOVWF   VALOR
0079                  00151 LOOP1
0079   0BA0           00152         DECFSZ  VALOR,1
007A   2879           00153         GOTO    LOOP1
007B   0BA1           00154         DECFSZ  VALOR1,1
007C   2877           00155         GOTO    LOOP
007D   0008           00156         RETURN
                      00157 
007E                  00158 RET100MS
007E   3003           00159         MOVLW   0X03
007F   00A0           00160         MOVWF   VALOR
0080                  00161 TRES
0080   30FF           00162         MOVLW   0XFF
0081   00A1           00163         MOVWF   VALOR1
0082                  00164 DOS
0082   30FF           00165         MOVLW   0XFF
0083   00A2           00166         MOVWF   VALOR2
0084                  00167 UNO     
Message[305]: Using default destination of 1 (file).
0084   0BA2           00168         DECFSZ  VALOR2
0085   2884           00169         GOTO    UNO
Message[305]: Using default destination of 1 (file).
0086   0BA1           00170         DECFSZ  VALOR1
0087   2882           00171         GOTO    DOS
Message[305]: Using default destination of 1 (file).
0088   0BA0           00172         DECFSZ  VALOR
0089   2880           00173         GOTO    TRES
008A   0008           00174         RETURN
                      00175         END
MPASM  5.51                      LCDPROFE.ASM   4-16-2024  9:45:38         PAGE  5


SYMBOL TABLE
  LABEL                             VALUE 

ACKDT                             00000005
ACKEN                             00000004
ACKSTAT                           00000006
ADCON0                            0000001F
ADCON1                            0000009F
ADCS0                             00000006
ADCS1                             00000007
ADDEN                             00000003
ADFM                              00000007
ADIE                              00000006
ADIF                              00000006
ADON                              00000000
ADRESH                            0000001E
ADRESL                            0000009E
BCLIE                             00000003
BCLIF                             00000003
BF                                00000000
BRGH                              00000002
C                                 00000000
CCP1CON                           00000017
CCP1IE                            00000002
CCP1IF                            00000002
CCP1M0                            00000000
CCP1M1                            00000001
CCP1M2                            00000002
CCP1M3                            00000003
CCP1X                             00000005
CCP1Y                             00000004
CCP2CON                           0000001D
CCP2IE                            00000000
CCP2IF                            00000000
CCP2M0                            00000000
CCP2M1                            00000001
CCP2M2                            00000002
CCP2M3                            00000003
CCP2X                             00000005
CCP2Y                             00000004
CCPR1                             00000015
CCPR1H                            00000016
CCPR1L                            00000015
CCPR2                             0000001B
CCPR2H                            0000001C
CCPR2L                            0000001B
CHS0                              00000003
CHS1                              00000004
CHS2                              00000005
CKE                               00000006
CKP                               00000004
COMANDO                           00000065
CREN                              00000004
CSRC                              00000007
D                                 00000005
DATA_ADDRESS                      00000005
MPASM  5.51                      LCDPROFE.ASM   4-16-2024  9:45:38         PAGE  6


SYMBOL TABLE
  LABEL                             VALUE 

DATOS                             0000006C
DC                                00000001
DOS                               00000082
D_A                               00000005
D_NOT_A                           00000005
E                                 PORTA,1
EEADR                             0000010D
EEADRH                            0000010F
EECON1                            0000018C
EECON2                            0000018D
EEDATA                            0000010C
EEDATH                            0000010E
EEIE                              00000004
EEIF                              00000004
EEPGD                             00000007
F                                 00000001
FERR                              00000002
FLAG1                             00000023
FLAG2                             00000024
FSR                               00000004
GCEN                              00000007
GIE                               00000007
GO                                00000002
GO_DONE                           00000002
GO_NOT_DONE                       00000002
I2C_DATA                          00000005
I2C_READ                          00000002
I2C_START                         00000003
I2C_STOP                          00000004
IBF                               00000007
IBOV                              00000005
INDF                              00000000
INICIA_LCD                        00000054
INICIO                            00000005
INTCON                            0000000B
INTE                              00000004
INTEDG                            00000006
INTF                              00000001
IN_GAME                           0000001B
IRP                               00000007
LOOP                              00000077
LOOP1                             00000079
MAIN                              00000013
MSG_BIENVENIDA                    00000020
MSG_JUEGO                         00000039
NOT_A                             00000005
NOT_ADDRESS                       00000005
NOT_BO                            00000000
NOT_BOR                           00000000
NOT_DONE                          00000002
NOT_PD                            00000003
NOT_POR                           00000001
NOT_RBPU                          00000007
MPASM  5.51                      LCDPROFE.ASM   4-16-2024  9:45:38         PAGE  7


SYMBOL TABLE
  LABEL                             VALUE 

NOT_RC8                           00000006
NOT_T1SYNC                        00000002
NOT_TO                            00000004
NOT_TX8                           00000006
NOT_W                             00000002
NOT_WRITE                         00000002
OBF                               00000006
OERR                              00000001
OPTION_REG                        00000081
P                                 00000004
PCFG0                             00000000
PCFG1                             00000001
PCFG2                             00000002
PCFG3                             00000003
PCL                               00000002
PCLATH                            0000000A
PCON                              0000008E
PEIE                              00000006
PEN                               00000002
PIE1                              0000008C
PIE2                              0000008D
PIR1                              0000000C
PIR2                              0000000D
PORTA                             00000005
PORTB                             00000006
PORTC                             00000007
PORTD                             00000008
PORTE                             00000009
PR2                               00000092
PS0                               00000000
PS1                               00000001
PS2                               00000002
PSA                               00000003
PSPIE                             00000007
PSPIF                             00000007
PSPMODE                           00000004
R                                 00000002
RA0                               00000000
RA1                               00000001
RA2                               00000002
RA3                               00000003
RA4                               00000004
RA5                               00000005
RB0                               00000000
RB1                               00000001
RB2                               00000002
RB3                               00000003
RB4                               00000004
RB5                               00000005
RB6                               00000006
RB7                               00000007
RBIE                              00000003
RBIF                              00000000
MPASM  5.51                      LCDPROFE.ASM   4-16-2024  9:45:38         PAGE  8


SYMBOL TABLE
  LABEL                             VALUE 

RC0                               00000000
RC1                               00000001
RC2                               00000002
RC3                               00000003
RC4                               00000004
RC5                               00000005
RC6                               00000006
RC7                               00000007
RC8_9                             00000006
RC9                               00000006
RCD8                              00000000
RCEN                              00000003
RCIE                              00000005
RCIF                              00000005
RCREG                             0000001A
RCSTA                             00000018
RD                                00000000
RD0                               00000000
RD1                               00000001
RD2                               00000002
RD3                               00000003
RD4                               00000004
RD5                               00000005
RD6                               00000006
RD7                               00000007
RE0                               00000000
RE1                               00000001
RE2                               00000002
READ_WRITE                        00000002
RET100MS                          0000007E
RET200                            00000075
RP0                               00000005
RP1                               00000006
RS                                PORTA,0
RSEN                              00000001
RX9                               00000006
RX9D                              00000000
R_NOT_W                           00000002
R_W                               00000002
S                                 00000003
SEN                               00000000
SMP                               00000007
SPBRG                             00000099
SPEN                              00000007
SREN                              00000005
SSPADD                            00000093
SSPBUF                            00000013
SSPCON                            00000014
SSPCON2                           00000091
SSPEN                             00000005
SSPIE                             00000003
SSPIF                             00000003
SSPM0                             00000000
MPASM  5.51                      LCDPROFE.ASM   4-16-2024  9:45:38         PAGE  9


SYMBOL TABLE
  LABEL                             VALUE 

SSPM1                             00000001
SSPM2                             00000002
SSPM3                             00000003
SSPOV                             00000006
SSPSTAT                           00000094
START_BUTTON                      00000025
STATUS                            00000003
SYNC                              00000004
T0CS                              00000005
T0IE                              00000005
T0IF                              00000002
T0SE                              00000004
T1CKPS0                           00000004
T1CKPS1                           00000005
T1CON                             00000010
T1INSYNC                          00000002
T1OSCEN                           00000003
T1SYNC                            00000002
T2CKPS0                           00000000
T2CKPS1                           00000001
T2CON                             00000012
TMR0                              00000001
TMR0IE                            00000005
TMR0IF                            00000002
TMR1                              0000000E
TMR1CS                            00000001
TMR1H                             0000000F
TMR1IE                            00000000
TMR1IF                            00000000
TMR1L                             0000000E
TMR1ON                            00000000
TMR2                              00000011
TMR2IE                            00000001
TMR2IF                            00000001
TMR2ON                            00000002
TOUTPS0                           00000003
TOUTPS1                           00000004
TOUTPS2                           00000005
TOUTPS3                           00000006
TRES                              00000080
TRISA                             00000085
TRISA0                            00000000
TRISA1                            00000001
TRISA2                            00000002
TRISA3                            00000003
TRISA4                            00000004
TRISA5                            00000005
TRISB                             00000086
TRISB0                            00000000
TRISB1                            00000001
TRISB2                            00000002
TRISB3                            00000003
TRISB4                            00000004
MPASM  5.51                      LCDPROFE.ASM   4-16-2024  9:45:38         PAGE 10


SYMBOL TABLE
  LABEL                             VALUE 

TRISB5                            00000005
TRISB6                            00000006
TRISB7                            00000007
TRISC                             00000087
TRISC0                            00000000
TRISC1                            00000001
TRISC2                            00000002
TRISC3                            00000003
TRISC4                            00000004
TRISC5                            00000005
TRISC6                            00000006
TRISC7                            00000007
TRISD                             00000088
TRISD0                            00000000
TRISD1                            00000001
TRISD2                            00000002
TRISD3                            00000003
TRISD4                            00000004
TRISD5                            00000005
TRISD6                            00000006
TRISD7                            00000007
TRISE                             00000089
TRISE0                            00000000
TRISE1                            00000001
TRISE2                            00000002
TRMT                              00000001
TX8_9                             00000006
TX9                               00000006
TX9D                              00000000
TXD8                              00000000
TXEN                              00000005
TXIE                              00000004
TXIF                              00000004
TXREG                             00000019
TXSTA                             00000098
UA                                00000001
UNO                               00000084
VALOR                             00000020
VALOR1                            00000021
VALOR2                            00000022
W                                 00000000
WCOL                              00000007
WR                                00000001
WREN                              00000002
WRERR                             00000003
Z                                 00000002
_BODEN_OFF                        00003FBF
_BODEN_ON                         00003FFF
_BOREN_OFF                        00003FBF
_BOREN_ON                         00003FFF
_CONFIG                           00002007
_CPD_OFF                          00003FFF
_CPD_ON                           00003EFF
MPASM  5.51                      LCDPROFE.ASM   4-16-2024  9:45:38         PAGE 11


SYMBOL TABLE
  LABEL                             VALUE 

_CP_ALL                           00000FCF
_CP_HALF                          00001FDF
_CP_OFF                           00003FFF
_CP_UPPER_256                     00002FEF
_DEBUG_OFF                        00003FFF
_DEBUG_ON                         000037FF
_DEVID1                           00002006
_FOSC_EXTRC                       00003FFF
_FOSC_HS                          00003FFE
_FOSC_LP                          00003FFC
_FOSC_XT                          00003FFD
_HS_OSC                           00003FFE
_IDLOC0                           00002000
_IDLOC1                           00002001
_IDLOC2                           00002002
_IDLOC3                           00002003
_LP_OSC                           00003FFC
_LVP_OFF                          00003F7F
_LVP_ON                           00003FFF
_PWRTE_OFF                        00003FFF
_PWRTE_ON                         00003FF7
_RC_OSC                           00003FFF
_WDTE_OFF                         00003FFB
_WDTE_ON                          00003FFF
_WDT_OFF                          00003FFB
_WDT_ON                           00003FFF
_WRT_ENABLE_OFF                   00003DFF
_WRT_ENABLE_ON                    00003FFF
_WRT_OFF                          00003DFF
_WRT_ON                           00003FFF
_XT_OSC                           00003FFD
__16F877A                         00000001


MEMORY USAGE MAP ('X' = Used,  '-' = Unused)

0000 : X----XXXXXXXXXXX XXXXXXXXXXXXXXXX XXXXXXXXXXXXXXXX XXXXXXXXXXXXXXXX
0040 : XXXXXXXXXXXXXXXX XXXXXXXXXXXXXXXX XXXXXXXXXXXXXXXX XXXXXXXXXXXXXXXX
0080 : XXXXXXXXXXX----- ---------------- ---------------- ----------------

All other memory blocks unused.

Program Memory Words Used:   135
Program Memory Words Free:  8057


Errors   :     0
Warnings :     6 reported,     0 suppressed
Messages :     7 reported,     0 suppressed

