MPLINK 4.49, Linker
Linker Map File - Created Sun May 19 10:33:48 2024

                                 Section Info
                  Section       Type    Address   Location Size(Bytes)
                ---------  ---------  ---------  ---------  ---------
                   .org_0       code   0x000000    program   0x000000
                   .org_1       code   0x000000    program   0x000002
                   .org_2       code   0x000005    program   0x00041e



                              Program Memory Usage 
                               Start         End      
                           ---------   ---------      
                            0x000000    0x000000      
                            0x000005    0x000213      
            528 out of 8454 program addresses used, program memory utilization is 6%



                              Symbols - Sorted by Name
                     Name    Address   Location    Storage File                     
                ---------  ---------  ---------  --------- ---------                
           BORRAR_DISPLAY   0x0001ab    program     static C:\Users\Alexis\Documents\GitHub\PIC16F877A\Proyectos\Proyecto02\proyecto2.asm
            CENTENAS_LOOP   0x0001af    program     static C:\Users\Alexis\Documents\GitHub\PIC16F877A\Proyectos\Proyecto02\proyecto2.asm
                 CHECK_P2   0x000064    program     static C:\Users\Alexis\Documents\GitHub\PIC16F877A\Proyectos\Proyecto02\proyecto2.asm
                 CHECK_P3   0x000076    program     static C:\Users\Alexis\Documents\GitHub\PIC16F877A\Proyectos\Proyecto02\proyecto2.asm
                 CHECK_P4   0x000088    program     static C:\Users\Alexis\Documents\GitHub\PIC16F877A\Proyectos\Proyecto02\proyecto2.asm
            CHECK_PLAYERS   0x0001c0    program     static C:\Users\Alexis\Documents\GitHub\PIC16F877A\Proyectos\Proyecto02\proyecto2.asm
                    CICLO   0x00003f    program     static C:\Users\Alexis\Documents\GitHub\PIC16F877A\Proyectos\Proyecto02\proyecto2.asm
                  COMANDO   0x00019b    program     static C:\Users\Alexis\Documents\GitHub\PIC16F877A\Proyectos\Proyecto02\proyecto2.asm
                 CONTINUA   0x000098    program     static C:\Users\Alexis\Documents\GitHub\PIC16F877A\Proyectos\Proyecto02\proyecto2.asm
                   CONVER   0x0001ae    program     static C:\Users\Alexis\Documents\GitHub\PIC16F877A\Proyectos\Proyecto02\proyecto2.asm
                 CUATRO_P   0x0001ee    program     static C:\Users\Alexis\Documents\GitHub\PIC16F877A\Proyectos\Proyecto02\proyecto2.asm
                    DATOS   0x0001a2    program     static C:\Users\Alexis\Documents\GitHub\PIC16F877A\Proyectos\Proyecto02\proyecto2.asm
             DECENAS_LOOP   0x0001b6    program     static C:\Users\Alexis\Documents\GitHub\PIC16F877A\Proyectos\Proyecto02\proyecto2.asm
                  DETECTA   0x000092    program     static C:\Users\Alexis\Documents\GitHub\PIC16F877A\Proyectos\Proyecto02\proyecto2.asm
                      DOS   0x0001fe    program     static C:\Users\Alexis\Documents\GitHub\PIC16F877A\Proyectos\Proyecto02\proyecto2.asm
                     DOSA   0x00020b    program     static C:\Users\Alexis\Documents\GitHub\PIC16F877A\Proyectos\Proyecto02\proyecto2.asm
                    DOS_P   0x0001e8    program     static C:\Users\Alexis\Documents\GitHub\PIC16F877A\Proyectos\Proyecto02\proyecto2.asm
                END_MENOR   0x000091    program     static C:\Users\Alexis\Documents\GitHub\PIC16F877A\Proyectos\Proyecto02\proyecto2.asm
                  GANADOR   0x0000ab    program     static C:\Users\Alexis\Documents\GitHub\PIC16F877A\Proyectos\Proyecto02\proyecto2.asm
               INICIA_LCD   0x00018a    program     static C:\Users\Alexis\Documents\GitHub\PIC16F877A\Proyectos\Proyecto02\proyecto2.asm
                   INICIO   0x000005    program     static C:\Users\Alexis\Documents\GitHub\PIC16F877A\Proyectos\Proyecto02\proyecto2.asm
                  IN_GAME   0x00002b    program     static C:\Users\Alexis\Documents\GitHub\PIC16F877A\Proyectos\Proyecto02\proyecto2.asm
                     LOOP   0x0001f3    program     static C:\Users\Alexis\Documents\GitHub\PIC16F877A\Proyectos\Proyecto02\proyecto2.asm
                    LOOP1   0x0001f5    program     static C:\Users\Alexis\Documents\GitHub\PIC16F877A\Proyectos\Proyecto02\proyecto2.asm
                     MAIN   0x00001a    program     static C:\Users\Alexis\Documents\GitHub\PIC16F877A\Proyectos\Proyecto02\proyecto2.asm
                    MENOR   0x00005b    program     static C:\Users\Alexis\Documents\GitHub\PIC16F877A\Proyectos\Proyecto02\proyecto2.asm
                      MSG   0x0000e5    program     static C:\Users\Alexis\Documents\GitHub\PIC16F877A\Proyectos\Proyecto02\proyecto2.asm
           MSG_BIENVENIDA   0x00011e    program     static C:\Users\Alexis\Documents\GitHub\PIC16F877A\Proyectos\Proyecto02\proyecto2.asm
                MSG_JUEGO   0x000153    program     static C:\Users\Alexis\Documents\GitHub\PIC16F877A\Proyectos\Proyecto02\proyecto2.asm
                 MSG_NEXT   0x000103    program     static C:\Users\Alexis\Documents\GitHub\PIC16F877A\Proyectos\Proyecto02\proyecto2.asm
              NEXT_PLAYER   0x00003b    program     static C:\Users\Alexis\Documents\GitHub\PIC16F877A\Proyectos\Proyecto02\proyecto2.asm
                RECORRIDO   0x000043    program     static C:\Users\Alexis\Documents\GitHub\PIC16F877A\Proyectos\Proyecto02\proyecto2.asm
                      REP   0x000056    program     static C:\Users\Alexis\Documents\GitHub\PIC16F877A\Proyectos\Proyecto02\proyecto2.asm
                 RET100MS   0x0001fa    program     static C:\Users\Alexis\Documents\GitHub\PIC16F877A\Proyectos\Proyecto02\proyecto2.asm
                   RET200   0x0001f1    program     static C:\Users\Alexis\Documents\GitHub\PIC16F877A\Proyectos\Proyecto02\proyecto2.asm
                    RET2S   0x000207    program     static C:\Users\Alexis\Documents\GitHub\PIC16F877A\Proyectos\Proyecto02\proyecto2.asm
                 SETSCORE   0x000099    program     static C:\Users\Alexis\Documents\GitHub\PIC16F877A\Proyectos\Proyecto02\proyecto2.asm
                 S_CUATRO   0x0001e1    program     static C:\Users\Alexis\Documents\GitHub\PIC16F877A\Proyectos\Proyecto02\proyecto2.asm
                    S_DOS   0x0001d9    program     static C:\Users\Alexis\Documents\GitHub\PIC16F877A\Proyectos\Proyecto02\proyecto2.asm
                   S_TRES   0x0001dd    program     static C:\Users\Alexis\Documents\GitHub\PIC16F877A\Proyectos\Proyecto02\proyecto2.asm
                    S_UNO   0x0001d5    program     static C:\Users\Alexis\Documents\GitHub\PIC16F877A\Proyectos\Proyecto02\proyecto2.asm
                     TRES   0x0001fc    program     static C:\Users\Alexis\Documents\GitHub\PIC16F877A\Proyectos\Proyecto02\proyecto2.asm
                    TRESA   0x000209    program     static C:\Users\Alexis\Documents\GitHub\PIC16F877A\Proyectos\Proyecto02\proyecto2.asm
                   TRES_P   0x0001eb    program     static C:\Users\Alexis\Documents\GitHub\PIC16F877A\Proyectos\Proyecto02\proyecto2.asm
            UNIDADES_LOOP   0x0001bd    program     static C:\Users\Alexis\Documents\GitHub\PIC16F877A\Proyectos\Proyecto02\proyecto2.asm
                      UNO   0x000200    program     static C:\Users\Alexis\Documents\GitHub\PIC16F877A\Proyectos\Proyecto02\proyecto2.asm
                     UNOA   0x00020d    program     static C:\Users\Alexis\Documents\GitHub\PIC16F877A\Proyectos\Proyecto02\proyecto2.asm
                    UNO_P   0x0001e5    program     static C:\Users\Alexis\Documents\GitHub\PIC16F877A\Proyectos\Proyecto02\proyecto2.asm
                UPDATE_P2   0x00006d    program     static C:\Users\Alexis\Documents\GitHub\PIC16F877A\Proyectos\Proyecto02\proyecto2.asm
                UPDATE_P3   0x00007f    program     static C:\Users\Alexis\Documents\GitHub\PIC16F877A\Proyectos\Proyecto02\proyecto2.asm
                UPDATE_P4   0x00008d    program     static C:\Users\Alexis\Documents\GitHub\PIC16F877A\Proyectos\Proyecto02\proyecto2.asm



                              Symbols - Sorted by Address
                     Name    Address   Location    Storage File                     
                ---------  ---------  ---------  --------- ---------                
                   INICIO   0x000005    program     static C:\Users\Alexis\Documents\GitHub\PIC16F877A\Proyectos\Proyecto02\proyecto2.asm
                     MAIN   0x00001a    program     static C:\Users\Alexis\Documents\GitHub\PIC16F877A\Proyectos\Proyecto02\proyecto2.asm
                  IN_GAME   0x00002b    program     static C:\Users\Alexis\Documents\GitHub\PIC16F877A\Proyectos\Proyecto02\proyecto2.asm
              NEXT_PLAYER   0x00003b    program     static C:\Users\Alexis\Documents\GitHub\PIC16F877A\Proyectos\Proyecto02\proyecto2.asm
                    CICLO   0x00003f    program     static C:\Users\Alexis\Documents\GitHub\PIC16F877A\Proyectos\Proyecto02\proyecto2.asm
                RECORRIDO   0x000043    program     static C:\Users\Alexis\Documents\GitHub\PIC16F877A\Proyectos\Proyecto02\proyecto2.asm
                      REP   0x000056    program     static C:\Users\Alexis\Documents\GitHub\PIC16F877A\Proyectos\Proyecto02\proyecto2.asm
                    MENOR   0x00005b    program     static C:\Users\Alexis\Documents\GitHub\PIC16F877A\Proyectos\Proyecto02\proyecto2.asm
                 CHECK_P2   0x000064    program     static C:\Users\Alexis\Documents\GitHub\PIC16F877A\Proyectos\Proyecto02\proyecto2.asm
                UPDATE_P2   0x00006d    program     static C:\Users\Alexis\Documents\GitHub\PIC16F877A\Proyectos\Proyecto02\proyecto2.asm
                 CHECK_P3   0x000076    program     static C:\Users\Alexis\Documents\GitHub\PIC16F877A\Proyectos\Proyecto02\proyecto2.asm
                UPDATE_P3   0x00007f    program     static C:\Users\Alexis\Documents\GitHub\PIC16F877A\Proyectos\Proyecto02\proyecto2.asm
                 CHECK_P4   0x000088    program     static C:\Users\Alexis\Documents\GitHub\PIC16F877A\Proyectos\Proyecto02\proyecto2.asm
                UPDATE_P4   0x00008d    program     static C:\Users\Alexis\Documents\GitHub\PIC16F877A\Proyectos\Proyecto02\proyecto2.asm
                END_MENOR   0x000091    program     static C:\Users\Alexis\Documents\GitHub\PIC16F877A\Proyectos\Proyecto02\proyecto2.asm
                  DETECTA   0x000092    program     static C:\Users\Alexis\Documents\GitHub\PIC16F877A\Proyectos\Proyecto02\proyecto2.asm
                 CONTINUA   0x000098    program     static C:\Users\Alexis\Documents\GitHub\PIC16F877A\Proyectos\Proyecto02\proyecto2.asm
                 SETSCORE   0x000099    program     static C:\Users\Alexis\Documents\GitHub\PIC16F877A\Proyectos\Proyecto02\proyecto2.asm
                  GANADOR   0x0000ab    program     static C:\Users\Alexis\Documents\GitHub\PIC16F877A\Proyectos\Proyecto02\proyecto2.asm
                      MSG   0x0000e5    program     static C:\Users\Alexis\Documents\GitHub\PIC16F877A\Proyectos\Proyecto02\proyecto2.asm
                 MSG_NEXT   0x000103    program     static C:\Users\Alexis\Documents\GitHub\PIC16F877A\Proyectos\Proyecto02\proyecto2.asm
           MSG_BIENVENIDA   0x00011e    program     static C:\Users\Alexis\Documents\GitHub\PIC16F877A\Proyectos\Proyecto02\proyecto2.asm
                MSG_JUEGO   0x000153    program     static C:\Users\Alexis\Documents\GitHub\PIC16F877A\Proyectos\Proyecto02\proyecto2.asm
               INICIA_LCD   0x00018a    program     static C:\Users\Alexis\Documents\GitHub\PIC16F877A\Proyectos\Proyecto02\proyecto2.asm
                  COMANDO   0x00019b    program     static C:\Users\Alexis\Documents\GitHub\PIC16F877A\Proyectos\Proyecto02\proyecto2.asm
                    DATOS   0x0001a2    program     static C:\Users\Alexis\Documents\GitHub\PIC16F877A\Proyectos\Proyecto02\proyecto2.asm
           BORRAR_DISPLAY   0x0001ab    program     static C:\Users\Alexis\Documents\GitHub\PIC16F877A\Proyectos\Proyecto02\proyecto2.asm
                   CONVER   0x0001ae    program     static C:\Users\Alexis\Documents\GitHub\PIC16F877A\Proyectos\Proyecto02\proyecto2.asm
            CENTENAS_LOOP   0x0001af    program     static C:\Users\Alexis\Documents\GitHub\PIC16F877A\Proyectos\Proyecto02\proyecto2.asm
             DECENAS_LOOP   0x0001b6    program     static C:\Users\Alexis\Documents\GitHub\PIC16F877A\Proyectos\Proyecto02\proyecto2.asm
            UNIDADES_LOOP   0x0001bd    program     static C:\Users\Alexis\Documents\GitHub\PIC16F877A\Proyectos\Proyecto02\proyecto2.asm
            CHECK_PLAYERS   0x0001c0    program     static C:\Users\Alexis\Documents\GitHub\PIC16F877A\Proyectos\Proyecto02\proyecto2.asm
                    S_UNO   0x0001d5    program     static C:\Users\Alexis\Documents\GitHub\PIC16F877A\Proyectos\Proyecto02\proyecto2.asm
                    S_DOS   0x0001d9    program     static C:\Users\Alexis\Documents\GitHub\PIC16F877A\Proyectos\Proyecto02\proyecto2.asm
                   S_TRES   0x0001dd    program     static C:\Users\Alexis\Documents\GitHub\PIC16F877A\Proyectos\Proyecto02\proyecto2.asm
                 S_CUATRO   0x0001e1    program     static C:\Users\Alexis\Documents\GitHub\PIC16F877A\Proyectos\Proyecto02\proyecto2.asm
                    UNO_P   0x0001e5    program     static C:\Users\Alexis\Documents\GitHub\PIC16F877A\Proyectos\Proyecto02\proyecto2.asm
                    DOS_P   0x0001e8    program     static C:\Users\Alexis\Documents\GitHub\PIC16F877A\Proyectos\Proyecto02\proyecto2.asm
                   TRES_P   0x0001eb    program     static C:\Users\Alexis\Documents\GitHub\PIC16F877A\Proyectos\Proyecto02\proyecto2.asm
                 CUATRO_P   0x0001ee    program     static C:\Users\Alexis\Documents\GitHub\PIC16F877A\Proyectos\Proyecto02\proyecto2.asm
                   RET200   0x0001f1    program     static C:\Users\Alexis\Documents\GitHub\PIC16F877A\Proyectos\Proyecto02\proyecto2.asm
                     LOOP   0x0001f3    program     static C:\Users\Alexis\Documents\GitHub\PIC16F877A\Proyectos\Proyecto02\proyecto2.asm
                    LOOP1   0x0001f5    program     static C:\Users\Alexis\Documents\GitHub\PIC16F877A\Proyectos\Proyecto02\proyecto2.asm
                 RET100MS   0x0001fa    program     static C:\Users\Alexis\Documents\GitHub\PIC16F877A\Proyectos\Proyecto02\proyecto2.asm
                     TRES   0x0001fc    program     static C:\Users\Alexis\Documents\GitHub\PIC16F877A\Proyectos\Proyecto02\proyecto2.asm
                      DOS   0x0001fe    program     static C:\Users\Alexis\Documents\GitHub\PIC16F877A\Proyectos\Proyecto02\proyecto2.asm
                      UNO   0x000200    program     static C:\Users\Alexis\Documents\GitHub\PIC16F877A\Proyectos\Proyecto02\proyecto2.asm
                    RET2S   0x000207    program     static C:\Users\Alexis\Documents\GitHub\PIC16F877A\Proyectos\Proyecto02\proyecto2.asm
                    TRESA   0x000209    program     static C:\Users\Alexis\Documents\GitHub\PIC16F877A\Proyectos\Proyecto02\proyecto2.asm
                     DOSA   0x00020b    program     static C:\Users\Alexis\Documents\GitHub\PIC16F877A\Proyectos\Proyecto02\proyecto2.asm
                     UNOA   0x00020d    program     static C:\Users\Alexis\Documents\GitHub\PIC16F877A\Proyectos\Proyecto02\proyecto2.asm


