MPLINK 4.49, Linker
Linker Map File - Created Mon Feb 26 12:39:15 2024

                                 Section Info
                  Section       Type    Address   Location Size(Bytes)
                ---------  ---------  ---------  ---------  ---------
                   .org_0       code   0x000000    program   0x000000
                   .org_1       code   0x000000    program   0x000002
                   .org_2       code   0x000005    program   0x000020



                              Program Memory Usage 
                               Start         End      
                           ---------   ---------      
                            0x000000    0x000000      
                            0x000005    0x000014      
            17 out of 8454 program addresses used, program memory utilization is 0%



                              Symbols - Sorted by Name
                     Name    Address   Location    Storage File                     
                ---------  ---------  ---------  --------- ---------                
                 CONTINUA   0x000010    program     static C:\Users\USER\Desktop\FI UNAM\MICROCOMPUTADORAS\Práctica02\e2.asm
                   INICIO   0x000005    program     static C:\Users\USER\Desktop\FI UNAM\MICROCOMPUTADORAS\Práctica02\e2.asm
              INTERCAMBIA   0x00000e    program     static C:\Users\USER\Desktop\FI UNAM\MICROCOMPUTADORAS\Práctica02\e2.asm
                SIGUIENTE   0x000009    program     static C:\Users\USER\Desktop\FI UNAM\MICROCOMPUTADORAS\Práctica02\e2.asm



                              Symbols - Sorted by Address
                     Name    Address   Location    Storage File                     
                ---------  ---------  ---------  --------- ---------                
                   INICIO   0x000005    program     static C:\Users\USER\Desktop\FI UNAM\MICROCOMPUTADORAS\Práctica02\e2.asm
                SIGUIENTE   0x000009    program     static C:\Users\USER\Desktop\FI UNAM\MICROCOMPUTADORAS\Práctica02\e2.asm
              INTERCAMBIA   0x00000e    program     static C:\Users\USER\Desktop\FI UNAM\MICROCOMPUTADORAS\Práctica02\e2.asm
                 CONTINUA   0x000010    program     static C:\Users\USER\Desktop\FI UNAM\MICROCOMPUTADORAS\Práctica02\e2.asm


