MPLINK 4.49, Linker
Linker Map File - Created Mon Mar 04 13:18:42 2024

                                 Section Info
                  Section       Type    Address   Location Size(Bytes)
                ---------  ---------  ---------  ---------  ---------
                   .org_0       code   0x000000    program   0x000000
                   .org_1       code   0x000000    program   0x000002
                   .org_2       code   0x000005    program   0x000044



                              Program Memory Usage 
                               Start         End      
                           ---------   ---------      
                            0x000000    0x000000      
                            0x000005    0x000026      
            35 out of 8454 program addresses used, program memory utilization is 0%



                              Symbols - Sorted by Name
                     Name    Address   Location    Storage File                     
                ---------  ---------  ---------  --------- ---------                
                    FINAL   0x000026    program     static C:\Users\USER\Desktop\FI UNAM\MICROCOMPUTADORAS\Práctica02\ejercicio3.asm
                   INICIO   0x000005    program     static C:\Users\USER\Desktop\FI UNAM\MICROCOMPUTADORAS\Práctica02\ejercicio3.asm
                ITERACION   0x000009    program     static C:\Users\USER\Desktop\FI UNAM\MICROCOMPUTADORAS\Práctica02\ejercicio3.asm
                     LOOP   0x000012    program     static C:\Users\USER\Desktop\FI UNAM\MICROCOMPUTADORAS\Práctica02\ejercicio3.asm
                     SWAP   0x000019    program     static C:\Users\USER\Desktop\FI UNAM\MICROCOMPUTADORAS\Práctica02\ejercicio3.asm



                              Symbols - Sorted by Address
                     Name    Address   Location    Storage File                     
                ---------  ---------  ---------  --------- ---------                
                   INICIO   0x000005    program     static C:\Users\USER\Desktop\FI UNAM\MICROCOMPUTADORAS\Práctica02\ejercicio3.asm
                ITERACION   0x000009    program     static C:\Users\USER\Desktop\FI UNAM\MICROCOMPUTADORAS\Práctica02\ejercicio3.asm
                     LOOP   0x000012    program     static C:\Users\USER\Desktop\FI UNAM\MICROCOMPUTADORAS\Práctica02\ejercicio3.asm
                     SWAP   0x000019    program     static C:\Users\USER\Desktop\FI UNAM\MICROCOMPUTADORAS\Práctica02\ejercicio3.asm
                    FINAL   0x000026    program     static C:\Users\USER\Desktop\FI UNAM\MICROCOMPUTADORAS\Práctica02\ejercicio3.asm


