MPLINK 4.49, Linker
Linker Map File - Created Sat Mar 02 16:10:04 2024

                                 Section Info
                  Section       Type    Address   Location Size(Bytes)
                ---------  ---------  ---------  ---------  ---------
                   .org_0       code   0x000000    program   0x000000
                   .org_1       code   0x000000    program   0x000002
                   .org_2       code   0x000005    program   0x000022



                              Program Memory Usage 
                               Start         End      
                           ---------   ---------      
                            0x000000    0x000000      
                            0x000005    0x000015      
            18 out of 8454 program addresses used, program memory utilization is 0%



                              Symbols - Sorted by Name
                     Name    Address   Location    Storage File                     
                ---------  ---------  ---------  --------- ---------                
                    CHECK   0x000009    program     static C:\Users\USER\Desktop\FI UNAM\MICROCOMPUTADORAS\Práctica02\ejercicio2.asm
                   INICIO   0x000005    program     static C:\Users\USER\Desktop\FI UNAM\MICROCOMPUTADORAS\Práctica02\ejercicio2.asm
                RES_MAYOR   0x000012    program     static C:\Users\USER\Desktop\FI UNAM\MICROCOMPUTADORAS\Práctica02\ejercicio2.asm
                RES_MENOR   0x000011    program     static C:\Users\USER\Desktop\FI UNAM\MICROCOMPUTADORAS\Práctica02\ejercicio2.asm
                 TERMINAR   0x000015    program     static C:\Users\USER\Desktop\FI UNAM\MICROCOMPUTADORAS\Práctica02\ejercicio2.asm



                              Symbols - Sorted by Address
                     Name    Address   Location    Storage File                     
                ---------  ---------  ---------  --------- ---------                
                   INICIO   0x000005    program     static C:\Users\USER\Desktop\FI UNAM\MICROCOMPUTADORAS\Práctica02\ejercicio2.asm
                    CHECK   0x000009    program     static C:\Users\USER\Desktop\FI UNAM\MICROCOMPUTADORAS\Práctica02\ejercicio2.asm
                RES_MENOR   0x000011    program     static C:\Users\USER\Desktop\FI UNAM\MICROCOMPUTADORAS\Práctica02\ejercicio2.asm
                RES_MAYOR   0x000012    program     static C:\Users\USER\Desktop\FI UNAM\MICROCOMPUTADORAS\Práctica02\ejercicio2.asm
                 TERMINAR   0x000015    program     static C:\Users\USER\Desktop\FI UNAM\MICROCOMPUTADORAS\Práctica02\ejercicio2.asm


