MPLINK 4.49, Linker
Linker Map File - Created Sun Apr 14 21:21:27 2024

                                 Section Info
                  Section       Type    Address   Location Size(Bytes)
                ---------  ---------  ---------  ---------  ---------
                   .org_0       code   0x000000    program   0x000000
                   .org_1       code   0x000000    program   0x000002
                   .org_2       code   0x000005    program   0x00002a



                              Program Memory Usage 
                               Start         End      
                           ---------   ---------      
                            0x000000    0x000000      
                            0x000005    0x000019      
            22 out of 8454 program addresses used, program memory utilization is 0%



                              Symbols - Sorted by Name
                     Name    Address   Location    Storage File                     
                ---------  ---------  ---------  --------- ---------                
                   ESPERA   0x000010    program     static C:\Users\Alexis\Desktop\FI\Microcomputadoras\Lab\P6\e1.asm
                   INICIO   0x000005    program     static C:\Users\Alexis\Desktop\FI\Microcomputadoras\Lab\P6\e1.asm
                     LOOP   0x000017    program     static C:\Users\Alexis\Desktop\FI\Microcomputadoras\Lab\P6\e1.asm
                   REPITE   0x00000e    program     static C:\Users\Alexis\Desktop\FI\Microcomputadoras\Lab\P6\e1.asm
                  RETARDO   0x000015    program     static C:\Users\Alexis\Desktop\FI\Microcomputadoras\Lab\P6\e1.asm



                              Symbols - Sorted by Address
                     Name    Address   Location    Storage File                     
                ---------  ---------  ---------  --------- ---------                
                   INICIO   0x000005    program     static C:\Users\Alexis\Desktop\FI\Microcomputadoras\Lab\P6\e1.asm
                   REPITE   0x00000e    program     static C:\Users\Alexis\Desktop\FI\Microcomputadoras\Lab\P6\e1.asm
                   ESPERA   0x000010    program     static C:\Users\Alexis\Desktop\FI\Microcomputadoras\Lab\P6\e1.asm
                  RETARDO   0x000015    program     static C:\Users\Alexis\Desktop\FI\Microcomputadoras\Lab\P6\e1.asm
                     LOOP   0x000017    program     static C:\Users\Alexis\Desktop\FI\Microcomputadoras\Lab\P6\e1.asm


