MPLINK 4.49, Linker
Linker Map File - Created Sun Apr 14 21:22:10 2024

                                 Section Info
                  Section       Type    Address   Location Size(Bytes)
                ---------  ---------  ---------  ---------  ---------
                   .org_0       code   0x000000    program   0x000000
                   .org_1       code   0x000000    program   0x000002
                   .org_2       code   0x000005    program   0x000074



                              Program Memory Usage 
                               Start         End      
                           ---------   ---------      
                            0x000000    0x000000      
                            0x000005    0x00003e      
            59 out of 8454 program addresses used, program memory utilization is 0%



                              Symbols - Sorted by Name
                     Name    Address   Location    Storage File                     
                ---------  ---------  ---------  --------- ---------                
                   ESPERA   0x000010    program     static C:\Users\Alexis\Desktop\FI\Microcomputadoras\Lab\P6\e2.asm
                   INICIO   0x000005    program     static C:\Users\Alexis\Desktop\FI\Microcomputadoras\Lab\P6\e2.asm
                     LOOP   0x00003c    program     static C:\Users\Alexis\Desktop\FI\Microcomputadoras\Lab\P6\e2.asm
                  MAYOR_1   0x000018    program     static C:\Users\Alexis\Desktop\FI\Microcomputadoras\Lab\P6\e2.asm
                  MAYOR_2   0x00001c    program     static C:\Users\Alexis\Desktop\FI\Microcomputadoras\Lab\P6\e2.asm
                  MAYOR_3   0x000020    program     static C:\Users\Alexis\Desktop\FI\Microcomputadoras\Lab\P6\e2.asm
                  MAYOR_4   0x000024    program     static C:\Users\Alexis\Desktop\FI\Microcomputadoras\Lab\P6\e2.asm
                  MENOR_1   0x00002b    program     static C:\Users\Alexis\Desktop\FI\Microcomputadoras\Lab\P6\e2.asm
                  MENOR_2   0x00002e    program     static C:\Users\Alexis\Desktop\FI\Microcomputadoras\Lab\P6\e2.asm
                  MENOR_3   0x000031    program     static C:\Users\Alexis\Desktop\FI\Microcomputadoras\Lab\P6\e2.asm
                  MENOR_4   0x000034    program     static C:\Users\Alexis\Desktop\FI\Microcomputadoras\Lab\P6\e2.asm
               MENOR_4_80   0x000037    program     static C:\Users\Alexis\Desktop\FI\Microcomputadoras\Lab\P6\e2.asm
                   REPITE   0x00000e    program     static C:\Users\Alexis\Desktop\FI\Microcomputadoras\Lab\P6\e2.asm
                  RETARDO   0x00003a    program     static C:\Users\Alexis\Desktop\FI\Microcomputadoras\Lab\P6\e2.asm



                              Symbols - Sorted by Address
                     Name    Address   Location    Storage File                     
                ---------  ---------  ---------  --------- ---------                
                   INICIO   0x000005    program     static C:\Users\Alexis\Desktop\FI\Microcomputadoras\Lab\P6\e2.asm
                   REPITE   0x00000e    program     static C:\Users\Alexis\Desktop\FI\Microcomputadoras\Lab\P6\e2.asm
                   ESPERA   0x000010    program     static C:\Users\Alexis\Desktop\FI\Microcomputadoras\Lab\P6\e2.asm
                  MAYOR_1   0x000018    program     static C:\Users\Alexis\Desktop\FI\Microcomputadoras\Lab\P6\e2.asm
                  MAYOR_2   0x00001c    program     static C:\Users\Alexis\Desktop\FI\Microcomputadoras\Lab\P6\e2.asm
                  MAYOR_3   0x000020    program     static C:\Users\Alexis\Desktop\FI\Microcomputadoras\Lab\P6\e2.asm
                  MAYOR_4   0x000024    program     static C:\Users\Alexis\Desktop\FI\Microcomputadoras\Lab\P6\e2.asm
                  MENOR_1   0x00002b    program     static C:\Users\Alexis\Desktop\FI\Microcomputadoras\Lab\P6\e2.asm
                  MENOR_2   0x00002e    program     static C:\Users\Alexis\Desktop\FI\Microcomputadoras\Lab\P6\e2.asm
                  MENOR_3   0x000031    program     static C:\Users\Alexis\Desktop\FI\Microcomputadoras\Lab\P6\e2.asm
                  MENOR_4   0x000034    program     static C:\Users\Alexis\Desktop\FI\Microcomputadoras\Lab\P6\e2.asm
               MENOR_4_80   0x000037    program     static C:\Users\Alexis\Desktop\FI\Microcomputadoras\Lab\P6\e2.asm
                  RETARDO   0x00003a    program     static C:\Users\Alexis\Desktop\FI\Microcomputadoras\Lab\P6\e2.asm
                     LOOP   0x00003c    program     static C:\Users\Alexis\Desktop\FI\Microcomputadoras\Lab\P6\e2.asm


