MPLINK 4.49, Linker
Linker Map File - Created Sun Apr 14 21:24:22 2024

                                 Section Info
                  Section       Type    Address   Location Size(Bytes)
                ---------  ---------  ---------  ---------  ---------
                   .org_0       code   0x000000    program   0x000000
                   .org_1       code   0x000000    program   0x000002
                   .org_2       code   0x000005    program   0x000082



                              Program Memory Usage 
                               Start         End      
                           ---------   ---------      
                            0x000000    0x000000      
                            0x000005    0x000045      
            66 out of 8454 program addresses used, program memory utilization is 0%



                              Symbols - Sorted by Name
                     Name    Address   Location    Storage File                     
                ---------  ---------  ---------  --------- ---------                
                 CANAL5_7   0x00002f    program     static C:\Users\Alexis\Desktop\FI\Microcomputadoras\Lab\P6\e3.asm
             CANAL5_MAYOR   0x000034    program     static C:\Users\Alexis\Desktop\FI\Microcomputadoras\Lab\P6\e3.asm
                 CANAL6_7   0x00002a    program     static C:\Users\Alexis\Desktop\FI\Microcomputadoras\Lab\P6\e3.asm
             CANAL6_MAYOR   0x000037    program     static C:\Users\Alexis\Desktop\FI\Microcomputadoras\Lab\P6\e3.asm
             CANAL7_MAYOR   0x00003a    program     static C:\Users\Alexis\Desktop\FI\Microcomputadoras\Lab\P6\e3.asm
                   INICIO   0x000005    program     static C:\Users\Alexis\Desktop\FI\Microcomputadoras\Lab\P6\e3.asm
                     LOOP   0x000041    program     static C:\Users\Alexis\Desktop\FI\Microcomputadoras\Lab\P6\e3.asm
                    LOOP1   0x00003f    program     static C:\Users\Alexis\Desktop\FI\Microcomputadoras\Lab\P6\e3.asm
                   REPITE   0x00000c    program     static C:\Users\Alexis\Desktop\FI\Microcomputadoras\Lab\P6\e3.asm
                  RETARDO   0x00003d    program     static C:\Users\Alexis\Desktop\FI\Microcomputadoras\Lab\P6\e3.asm



                              Symbols - Sorted by Address
                     Name    Address   Location    Storage File                     
                ---------  ---------  ---------  --------- ---------                
                   INICIO   0x000005    program     static C:\Users\Alexis\Desktop\FI\Microcomputadoras\Lab\P6\e3.asm
                   REPITE   0x00000c    program     static C:\Users\Alexis\Desktop\FI\Microcomputadoras\Lab\P6\e3.asm
                 CANAL6_7   0x00002a    program     static C:\Users\Alexis\Desktop\FI\Microcomputadoras\Lab\P6\e3.asm
                 CANAL5_7   0x00002f    program     static C:\Users\Alexis\Desktop\FI\Microcomputadoras\Lab\P6\e3.asm
             CANAL5_MAYOR   0x000034    program     static C:\Users\Alexis\Desktop\FI\Microcomputadoras\Lab\P6\e3.asm
             CANAL6_MAYOR   0x000037    program     static C:\Users\Alexis\Desktop\FI\Microcomputadoras\Lab\P6\e3.asm
             CANAL7_MAYOR   0x00003a    program     static C:\Users\Alexis\Desktop\FI\Microcomputadoras\Lab\P6\e3.asm
                  RETARDO   0x00003d    program     static C:\Users\Alexis\Desktop\FI\Microcomputadoras\Lab\P6\e3.asm
                    LOOP1   0x00003f    program     static C:\Users\Alexis\Desktop\FI\Microcomputadoras\Lab\P6\e3.asm
                     LOOP   0x000041    program     static C:\Users\Alexis\Desktop\FI\Microcomputadoras\Lab\P6\e3.asm


