MPLINK 4.49, Linker
Linker Map File - Created Mon Mar 11 13:06:04 2024

                                 Section Info
                  Section       Type    Address   Location Size(Bytes)
                ---------  ---------  ---------  ---------  ---------
                   .org_0       code   0x000000    program   0x000000
                   .org_1       code   0x000000    program   0x000002
                   .org_2       code   0x000005    program   0x000098



                              Program Memory Usage 
                               Start         End      
                           ---------   ---------      
                            0x000000    0x000000      
                            0x000005    0x000050      
            77 out of 8454 program addresses used, program memory utilization is 0%



                              Symbols - Sorted by Name
                     Name    Address   Location    Storage File                     
                ---------  ---------  ---------  --------- ---------                
                 APAGADOS   0x000019    program     static C:\Users\USER\Desktop\FI UNAM\MICROCOMPUTADORAS\Práctica04\e1.asm
                 CORR_DER   0x00001e    program     static C:\Users\USER\Desktop\FI UNAM\MICROCOMPUTADORAS\Práctica04\e1.asm
                 CORR_IZQ   0x000027    program     static C:\Users\USER\Desktop\FI UNAM\MICROCOMPUTADORAS\Práctica04\e1.asm
               ENCENDIDOS   0x00001b    program     static C:\Users\USER\Desktop\FI UNAM\MICROCOMPUTADORAS\Práctica04\e1.asm
                   INICIO   0x000005    program     static C:\Users\USER\Desktop\FI UNAM\MICROCOMPUTADORAS\Práctica04\e1.asm
                     LOOP   0x00000e    program     static C:\Users\USER\Desktop\FI UNAM\MICROCOMPUTADORAS\Práctica04\e1.asm
               NO_TERMINA   0x000021    program     static C:\Users\USER\Desktop\FI UNAM\MICROCOMPUTADORAS\Práctica04\e1.asm
              NO_TERMINA2   0x00002a    program     static C:\Users\USER\Desktop\FI UNAM\MICROCOMPUTADORAS\Práctica04\e1.asm
              NO_TERMINA3   0x000032    program     static C:\Users\USER\Desktop\FI UNAM\MICROCOMPUTADORAS\Práctica04\e1.asm
              NO_TERMINA4   0x000037    program     static C:\Users\USER\Desktop\FI UNAM\MICROCOMPUTADORAS\Práctica04\e1.asm
                   ON_OFF   0x00003d    program     static C:\Users\USER\Desktop\FI UNAM\MICROCOMPUTADORAS\Práctica04\e1.asm
                     PONG   0x00002f    program     static C:\Users\USER\Desktop\FI UNAM\MICROCOMPUTADORAS\Práctica04\e1.asm
                  RETARDO   0x000044    program     static C:\Users\USER\Desktop\FI UNAM\MICROCOMPUTADORAS\Práctica04\e1.asm
                      dos   0x000048    program     static C:\Users\USER\Desktop\FI UNAM\MICROCOMPUTADORAS\Práctica04\e1.asm
                     tres   0x000046    program     static C:\Users\USER\Desktop\FI UNAM\MICROCOMPUTADORAS\Práctica04\e1.asm
                      uno   0x00004a    program     static C:\Users\USER\Desktop\FI UNAM\MICROCOMPUTADORAS\Práctica04\e1.asm



                              Symbols - Sorted by Address
                     Name    Address   Location    Storage File                     
                ---------  ---------  ---------  --------- ---------                
                   INICIO   0x000005    program     static C:\Users\USER\Desktop\FI UNAM\MICROCOMPUTADORAS\Práctica04\e1.asm
                     LOOP   0x00000e    program     static C:\Users\USER\Desktop\FI UNAM\MICROCOMPUTADORAS\Práctica04\e1.asm
                 APAGADOS   0x000019    program     static C:\Users\USER\Desktop\FI UNAM\MICROCOMPUTADORAS\Práctica04\e1.asm
               ENCENDIDOS   0x00001b    program     static C:\Users\USER\Desktop\FI UNAM\MICROCOMPUTADORAS\Práctica04\e1.asm
                 CORR_DER   0x00001e    program     static C:\Users\USER\Desktop\FI UNAM\MICROCOMPUTADORAS\Práctica04\e1.asm
               NO_TERMINA   0x000021    program     static C:\Users\USER\Desktop\FI UNAM\MICROCOMPUTADORAS\Práctica04\e1.asm
                 CORR_IZQ   0x000027    program     static C:\Users\USER\Desktop\FI UNAM\MICROCOMPUTADORAS\Práctica04\e1.asm
              NO_TERMINA2   0x00002a    program     static C:\Users\USER\Desktop\FI UNAM\MICROCOMPUTADORAS\Práctica04\e1.asm
                     PONG   0x00002f    program     static C:\Users\USER\Desktop\FI UNAM\MICROCOMPUTADORAS\Práctica04\e1.asm
              NO_TERMINA3   0x000032    program     static C:\Users\USER\Desktop\FI UNAM\MICROCOMPUTADORAS\Práctica04\e1.asm
              NO_TERMINA4   0x000037    program     static C:\Users\USER\Desktop\FI UNAM\MICROCOMPUTADORAS\Práctica04\e1.asm
                   ON_OFF   0x00003d    program     static C:\Users\USER\Desktop\FI UNAM\MICROCOMPUTADORAS\Práctica04\e1.asm
                  RETARDO   0x000044    program     static C:\Users\USER\Desktop\FI UNAM\MICROCOMPUTADORAS\Práctica04\e1.asm
                     tres   0x000046    program     static C:\Users\USER\Desktop\FI UNAM\MICROCOMPUTADORAS\Práctica04\e1.asm
                      dos   0x000048    program     static C:\Users\USER\Desktop\FI UNAM\MICROCOMPUTADORAS\Práctica04\e1.asm
                      uno   0x00004a    program     static C:\Users\USER\Desktop\FI UNAM\MICROCOMPUTADORAS\Práctica04\e1.asm


