MPLINK 4.49, Linker
Linker Map File - Created Sun Apr 07 01:33:03 2024

                                 Section Info
                  Section       Type    Address   Location Size(Bytes)
                ---------  ---------  ---------  ---------  ---------
                   .org_0       code   0x000000    program   0x000000
                   .org_1       code   0x000000    program   0x000002
                   .org_2       code   0x000005    program   0x0000be



                              Program Memory Usage 
                               Start         End      
                           ---------   ---------      
                            0x000000    0x000000      
                            0x000005    0x000063      
            96 out of 8454 program addresses used, program memory utilization is 1%



                              Symbols - Sorted by Name
                     Name    Address   Location    Storage File                     
                ---------  ---------  ---------  --------- ---------                
                     CERO   0x000022    program     static C:\Users\Alexis\Desktop\FI\Microcomputadoras\Lab\P5\e1.asm
                    CINCO   0x00003f    program     static C:\Users\Alexis\Desktop\FI\Microcomputadoras\Lab\P5\e1.asm
                   CUATRO   0x000039    program     static C:\Users\Alexis\Desktop\FI\Microcomputadoras\Lab\P5\e1.asm
                      DOS   0x00002d    program     static C:\Users\Alexis\Desktop\FI\Microcomputadoras\Lab\P5\e1.asm
                   INICIO   0x000005    program     static C:\Users\Alexis\Desktop\FI\Microcomputadoras\Lab\P5\e1.asm
                     LOOP   0x00000f    program     static C:\Users\Alexis\Desktop\FI\Microcomputadoras\Lab\P5\e1.asm
                     OCHO   0x000051    program     static C:\Users\Alexis\Desktop\FI\Microcomputadoras\Lab\P5\e1.asm
                  RETARDO   0x000057    program     static C:\Users\Alexis\Desktop\FI\Microcomputadoras\Lab\P5\e1.asm
                     SEIS   0x000045    program     static C:\Users\Alexis\Desktop\FI\Microcomputadoras\Lab\P5\e1.asm
                    SIETE   0x00004b    program     static C:\Users\Alexis\Desktop\FI\Microcomputadoras\Lab\P5\e1.asm
                     TRES   0x000033    program     static C:\Users\Alexis\Desktop\FI\Microcomputadoras\Lab\P5\e1.asm
                      UNO   0x000027    program     static C:\Users\Alexis\Desktop\FI\Microcomputadoras\Lab\P5\e1.asm
                      dos   0x00005b    program     static C:\Users\Alexis\Desktop\FI\Microcomputadoras\Lab\P5\e1.asm
                     tres   0x000059    program     static C:\Users\Alexis\Desktop\FI\Microcomputadoras\Lab\P5\e1.asm
                      uno   0x00005d    program     static C:\Users\Alexis\Desktop\FI\Microcomputadoras\Lab\P5\e1.asm



                              Symbols - Sorted by Address
                     Name    Address   Location    Storage File                     
                ---------  ---------  ---------  --------- ---------                
                   INICIO   0x000005    program     static C:\Users\Alexis\Desktop\FI\Microcomputadoras\Lab\P5\e1.asm
                     LOOP   0x00000f    program     static C:\Users\Alexis\Desktop\FI\Microcomputadoras\Lab\P5\e1.asm
                     CERO   0x000022    program     static C:\Users\Alexis\Desktop\FI\Microcomputadoras\Lab\P5\e1.asm
                      UNO   0x000027    program     static C:\Users\Alexis\Desktop\FI\Microcomputadoras\Lab\P5\e1.asm
                      DOS   0x00002d    program     static C:\Users\Alexis\Desktop\FI\Microcomputadoras\Lab\P5\e1.asm
                     TRES   0x000033    program     static C:\Users\Alexis\Desktop\FI\Microcomputadoras\Lab\P5\e1.asm
                   CUATRO   0x000039    program     static C:\Users\Alexis\Desktop\FI\Microcomputadoras\Lab\P5\e1.asm
                    CINCO   0x00003f    program     static C:\Users\Alexis\Desktop\FI\Microcomputadoras\Lab\P5\e1.asm
                     SEIS   0x000045    program     static C:\Users\Alexis\Desktop\FI\Microcomputadoras\Lab\P5\e1.asm
                    SIETE   0x00004b    program     static C:\Users\Alexis\Desktop\FI\Microcomputadoras\Lab\P5\e1.asm
                     OCHO   0x000051    program     static C:\Users\Alexis\Desktop\FI\Microcomputadoras\Lab\P5\e1.asm
                  RETARDO   0x000057    program     static C:\Users\Alexis\Desktop\FI\Microcomputadoras\Lab\P5\e1.asm
                     tres   0x000059    program     static C:\Users\Alexis\Desktop\FI\Microcomputadoras\Lab\P5\e1.asm
                      dos   0x00005b    program     static C:\Users\Alexis\Desktop\FI\Microcomputadoras\Lab\P5\e1.asm
                      uno   0x00005d    program     static C:\Users\Alexis\Desktop\FI\Microcomputadoras\Lab\P5\e1.asm


