MPLINK 4.49, Linker
Linker Map File - Created Sun Apr 07 02:25:55 2024

                                 Section Info
                  Section       Type    Address   Location Size(Bytes)
                ---------  ---------  ---------  ---------  ---------
                   .org_0       code   0x000000    program   0x000000
                   .org_1       code   0x000000    program   0x000002
                   .org_2       code   0x000005    program   0x0000a0



                              Program Memory Usage 
                               Start         End      
                           ---------   ---------      
                            0x000000    0x000000      
                            0x000005    0x000054      
            81 out of 8454 program addresses used, program memory utilization is 0%



                              Symbols - Sorted by Name
                     Name    Address   Location    Storage File                     
                ---------  ---------  ---------  --------- ---------                
                     CERO   0x00001b    program     static C:\Users\Alexis\Desktop\FI\Microcomputadoras\Lab\P5\e2.asm
                   CUATRO   0x000045    program     static C:\Users\Alexis\Desktop\FI\Microcomputadoras\Lab\P5\e2.asm
                      DOS   0x000030    program     static C:\Users\Alexis\Desktop\FI\Microcomputadoras\Lab\P5\e2.asm
                   INICIO   0x000005    program     static C:\Users\Alexis\Desktop\FI\Microcomputadoras\Lab\P5\e2.asm
                     LOOP   0x000010    program     static C:\Users\Alexis\Desktop\FI\Microcomputadoras\Lab\P5\e2.asm
            LOOP_ESTADO_1   0x000020    program     static C:\Users\Alexis\Desktop\FI\Microcomputadoras\Lab\P5\e2.asm
            LOOP_ESTADO_2   0x000032    program     static C:\Users\Alexis\Desktop\FI\Microcomputadoras\Lab\P5\e2.asm
                     TRES   0x000042    program     static C:\Users\Alexis\Desktop\FI\Microcomputadoras\Lab\P5\e2.asm
                      UNO   0x00001e    program     static C:\Users\Alexis\Desktop\FI\Microcomputadoras\Lab\P5\e2.asm
                      dos   0x00004c    program     static C:\Users\Alexis\Desktop\FI\Microcomputadoras\Lab\P5\e2.asm
                  retardo   0x000048    program     static C:\Users\Alexis\Desktop\FI\Microcomputadoras\Lab\P5\e2.asm
                     tres   0x00004a    program     static C:\Users\Alexis\Desktop\FI\Microcomputadoras\Lab\P5\e2.asm
                      uno   0x00004e    program     static C:\Users\Alexis\Desktop\FI\Microcomputadoras\Lab\P5\e2.asm



                              Symbols - Sorted by Address
                     Name    Address   Location    Storage File                     
                ---------  ---------  ---------  --------- ---------                
                   INICIO   0x000005    program     static C:\Users\Alexis\Desktop\FI\Microcomputadoras\Lab\P5\e2.asm
                     LOOP   0x000010    program     static C:\Users\Alexis\Desktop\FI\Microcomputadoras\Lab\P5\e2.asm
                     CERO   0x00001b    program     static C:\Users\Alexis\Desktop\FI\Microcomputadoras\Lab\P5\e2.asm
                      UNO   0x00001e    program     static C:\Users\Alexis\Desktop\FI\Microcomputadoras\Lab\P5\e2.asm
            LOOP_ESTADO_1   0x000020    program     static C:\Users\Alexis\Desktop\FI\Microcomputadoras\Lab\P5\e2.asm
                      DOS   0x000030    program     static C:\Users\Alexis\Desktop\FI\Microcomputadoras\Lab\P5\e2.asm
            LOOP_ESTADO_2   0x000032    program     static C:\Users\Alexis\Desktop\FI\Microcomputadoras\Lab\P5\e2.asm
                     TRES   0x000042    program     static C:\Users\Alexis\Desktop\FI\Microcomputadoras\Lab\P5\e2.asm
                   CUATRO   0x000045    program     static C:\Users\Alexis\Desktop\FI\Microcomputadoras\Lab\P5\e2.asm
                  retardo   0x000048    program     static C:\Users\Alexis\Desktop\FI\Microcomputadoras\Lab\P5\e2.asm
                     tres   0x00004a    program     static C:\Users\Alexis\Desktop\FI\Microcomputadoras\Lab\P5\e2.asm
                      dos   0x00004c    program     static C:\Users\Alexis\Desktop\FI\Microcomputadoras\Lab\P5\e2.asm
                      uno   0x00004e    program     static C:\Users\Alexis\Desktop\FI\Microcomputadoras\Lab\P5\e2.asm


