MPLINK 4.49, Linker
Linker Map File - Created Mon May 13 00:03:00 2024

                                 Section Info
                  Section       Type    Address   Location Size(Bytes)
                ---------  ---------  ---------  ---------  ---------
                   .org_0       code   0x000000    program   0x000000
                   .org_1       code   0x000000    program   0x000002
                   .org_2       code   0x000005    program   0x0000a8



                              Program Memory Usage 
                               Start         End      
                           ---------   ---------      
                            0x000000    0x000000      
                            0x000005    0x000058      
            85 out of 8454 program addresses used, program memory utilization is 1%



                              Symbols - Sorted by Name
                     Name    Address   Location    Storage File                     
                ---------  ---------  ---------  --------- ---------                
                   BUCLE1   0x000050    program     static C:\Users\USER\Documents\GitHub\PIC16F877A\Prácticas\Práctica05\e2.asm
                   BUCLE2   0x00004d    program     static C:\Users\USER\Documents\GitHub\PIC16F877A\Prácticas\Práctica05\e2.asm
                   BUCLE3   0x00004b    program     static C:\Users\USER\Documents\GitHub\PIC16F877A\Prácticas\Práctica05\e2.asm
                     CERO   0x00001a    program     static C:\Users\USER\Documents\GitHub\PIC16F877A\Prácticas\Práctica05\e2.asm
                   CUATRO   0x000046    program     static C:\Users\USER\Documents\GitHub\PIC16F877A\Prácticas\Práctica05\e2.asm
                      DOS   0x000030    program     static C:\Users\USER\Documents\GitHub\PIC16F877A\Prácticas\Práctica05\e2.asm
                    FINAL   0x000058    program     static C:\Users\USER\Documents\GitHub\PIC16F877A\Prácticas\Práctica05\e2.asm
                   INICIO   0x000005    program     static C:\Users\USER\Documents\GitHub\PIC16F877A\Prácticas\Práctica05\e2.asm
                     LOOP   0x00000f    program     static C:\Users\USER\Documents\GitHub\PIC16F877A\Prácticas\Práctica05\e2.asm
            LOOP_ESTADO_1   0x00001f    program     static C:\Users\USER\Documents\GitHub\PIC16F877A\Prácticas\Práctica05\e2.asm
            LOOP_ESTADO_2   0x000032    program     static C:\Users\USER\Documents\GitHub\PIC16F877A\Prácticas\Práctica05\e2.asm
                  RETARDO   0x000049    program     static C:\Users\USER\Documents\GitHub\PIC16F877A\Prácticas\Práctica05\e2.asm
                     TRES   0x000043    program     static C:\Users\USER\Documents\GitHub\PIC16F877A\Prácticas\Práctica05\e2.asm
                      UNO   0x00001d    program     static C:\Users\USER\Documents\GitHub\PIC16F877A\Prácticas\Práctica05\e2.asm



                              Symbols - Sorted by Address
                     Name    Address   Location    Storage File                     
                ---------  ---------  ---------  --------- ---------                
                   INICIO   0x000005    program     static C:\Users\USER\Documents\GitHub\PIC16F877A\Prácticas\Práctica05\e2.asm
                     LOOP   0x00000f    program     static C:\Users\USER\Documents\GitHub\PIC16F877A\Prácticas\Práctica05\e2.asm
                     CERO   0x00001a    program     static C:\Users\USER\Documents\GitHub\PIC16F877A\Prácticas\Práctica05\e2.asm
                      UNO   0x00001d    program     static C:\Users\USER\Documents\GitHub\PIC16F877A\Prácticas\Práctica05\e2.asm
            LOOP_ESTADO_1   0x00001f    program     static C:\Users\USER\Documents\GitHub\PIC16F877A\Prácticas\Práctica05\e2.asm
                      DOS   0x000030    program     static C:\Users\USER\Documents\GitHub\PIC16F877A\Prácticas\Práctica05\e2.asm
            LOOP_ESTADO_2   0x000032    program     static C:\Users\USER\Documents\GitHub\PIC16F877A\Prácticas\Práctica05\e2.asm
                     TRES   0x000043    program     static C:\Users\USER\Documents\GitHub\PIC16F877A\Prácticas\Práctica05\e2.asm
                   CUATRO   0x000046    program     static C:\Users\USER\Documents\GitHub\PIC16F877A\Prácticas\Práctica05\e2.asm
                  RETARDO   0x000049    program     static C:\Users\USER\Documents\GitHub\PIC16F877A\Prácticas\Práctica05\e2.asm
                   BUCLE3   0x00004b    program     static C:\Users\USER\Documents\GitHub\PIC16F877A\Prácticas\Práctica05\e2.asm
                   BUCLE2   0x00004d    program     static C:\Users\USER\Documents\GitHub\PIC16F877A\Prácticas\Práctica05\e2.asm
                   BUCLE1   0x000050    program     static C:\Users\USER\Documents\GitHub\PIC16F877A\Prácticas\Práctica05\e2.asm
                    FINAL   0x000058    program     static C:\Users\USER\Documents\GitHub\PIC16F877A\Prácticas\Práctica05\e2.asm


