MPLINK 4.49, Linker
Linker Map File - Created Mon May 13 00:04:50 2024

                                 Section Info
                  Section       Type    Address   Location Size(Bytes)
                ---------  ---------  ---------  ---------  ---------
                   .org_0       code   0x000000    program   0x000000
                   .org_1       code   0x000000    program   0x000002
                   .org_2       code   0x000005    program   0x000078



                              Program Memory Usage 
                               Start         End      
                           ---------   ---------      
                            0x000000    0x000000      
                            0x000005    0x000040      
            61 out of 8454 program addresses used, program memory utilization is 0%



                              Symbols - Sorted by Name
                     Name    Address   Location    Storage File                     
                ---------  ---------  ---------  --------- ---------                
                   BUCLE1   0x00003b    program     static C:\Users\USER\Documents\GitHub\PIC16F877A\Prácticas\Práctica05\e3.asm
                   BUCLE2   0x000039    program     static C:\Users\USER\Documents\GitHub\PIC16F877A\Prácticas\Práctica05\e3.asm
                     CERO   0x000019    program     static C:\Users\USER\Documents\GitHub\PIC16F877A\Prácticas\Práctica05\e3.asm
                      DOS   0x000025    program     static C:\Users\USER\Documents\GitHub\PIC16F877A\Prácticas\Práctica05\e3.asm
                   INICIO   0x000005    program     static C:\Users\USER\Documents\GitHub\PIC16F877A\Prácticas\Práctica05\e3.asm
                     LOOP   0x00000e    program     static C:\Users\USER\Documents\GitHub\PIC16F877A\Prácticas\Práctica05\e3.asm
                  RETARDO   0x000039    program     static C:\Users\USER\Documents\GitHub\PIC16F877A\Prácticas\Práctica05\e3.asm
                     TRES   0x00002f    program     static C:\Users\USER\Documents\GitHub\PIC16F877A\Prácticas\Práctica05\e3.asm
                      UNO   0x00001b    program     static C:\Users\USER\Documents\GitHub\PIC16F877A\Prácticas\Práctica05\e3.asm



                              Symbols - Sorted by Address
                     Name    Address   Location    Storage File                     
                ---------  ---------  ---------  --------- ---------                
                   INICIO   0x000005    program     static C:\Users\USER\Documents\GitHub\PIC16F877A\Prácticas\Práctica05\e3.asm
                     LOOP   0x00000e    program     static C:\Users\USER\Documents\GitHub\PIC16F877A\Prácticas\Práctica05\e3.asm
                     CERO   0x000019    program     static C:\Users\USER\Documents\GitHub\PIC16F877A\Prácticas\Práctica05\e3.asm
                      UNO   0x00001b    program     static C:\Users\USER\Documents\GitHub\PIC16F877A\Prácticas\Práctica05\e3.asm
                      DOS   0x000025    program     static C:\Users\USER\Documents\GitHub\PIC16F877A\Prácticas\Práctica05\e3.asm
                     TRES   0x00002f    program     static C:\Users\USER\Documents\GitHub\PIC16F877A\Prácticas\Práctica05\e3.asm
                   BUCLE2   0x000039    program     static C:\Users\USER\Documents\GitHub\PIC16F877A\Prácticas\Práctica05\e3.asm
                  RETARDO   0x000039    program     static C:\Users\USER\Documents\GitHub\PIC16F877A\Prácticas\Práctica05\e3.asm
                   BUCLE1   0x00003b    program     static C:\Users\USER\Documents\GitHub\PIC16F877A\Prácticas\Práctica05\e3.asm


