MPLINK 4.49, Linker
Linker Map File - Created Mon May 20 09:40:01 2024

                                 Section Info
                  Section       Type    Address   Location Size(Bytes)
                ---------  ---------  ---------  ---------  ---------
                   .org_0       code   0x000000    program   0x000000
                   .org_1       code   0x000000    program   0x000002
                   .org_2       code   0x000005    program   0x0004dc



                              Program Memory Usage 
                               Start         End      
                           ---------   ---------      
                            0x000000    0x000000      
                            0x000005    0x000272      
            623 out of 8454 program addresses used, program memory utilization is 7%



                              Symbols - Sorted by Name
                     Name    Address   Location    Storage File                     
                ---------  ---------  ---------  --------- ---------                
           BORRAR_DISPLAY   0x00023b    program     static C:\Users\USER\Documents\GitHub\PIC16F877A\Proyectos\Proyecto03\proyecto.asm
            CENTENAS_LOOP   0x00023f    program     static C:\Users\USER\Documents\GitHub\PIC16F877A\Proyectos\Proyecto03\proyecto.asm
                     CERO   0x00002a    program     static C:\Users\USER\Documents\GitHub\PIC16F877A\Proyectos\Proyecto03\proyecto.asm
                      CHA   0x0000b5    program     static C:\Users\USER\Documents\GitHub\PIC16F877A\Proyectos\Proyecto03\proyecto.asm
                      CHD   0x00006b    program     static C:\Users\USER\Documents\GitHub\PIC16F877A\Proyectos\Proyecto03\proyecto.asm
                  COMANDO   0x00022b    program     static C:\Users\USER\Documents\GitHub\PIC16F877A\Proyectos\Proyecto03\proyecto.asm
                     COMP   0x0000c4    program     static C:\Users\USER\Documents\GitHub\PIC16F877A\Proyectos\Proyecto03\proyecto.asm
                     CONF   0x00007a    program     static C:\Users\USER\Documents\GitHub\PIC16F877A\Proyectos\Proyecto03\proyecto.asm
                   CONVER   0x00023e    program     static C:\Users\USER\Documents\GitHub\PIC16F877A\Proyectos\Proyecto03\proyecto.asm
              CONVERTIDOR   0x000059    program     static C:\Users\USER\Documents\GitHub\PIC16F877A\Proyectos\Proyecto03\proyecto.asm
         CONVERTIDOR_TEMP   0x000062    program     static C:\Users\USER\Documents\GitHub\PIC16F877A\Proyectos\Proyecto03\proyecto.asm
                    DATOS   0x000232    program     static C:\Users\USER\Documents\GitHub\PIC16F877A\Proyectos\Proyecto03\proyecto.asm
             DECENAS_LOOP   0x000246    program     static C:\Users\USER\Documents\GitHub\PIC16F877A\Proyectos\Proyecto03\proyecto.asm
                      DOS   0x00025d    program     static C:\Users\USER\Documents\GitHub\PIC16F877A\Proyectos\Proyecto03\proyecto.asm
                     DOSA   0x00026a    program     static C:\Users\USER\Documents\GitHub\PIC16F877A\Proyectos\Proyecto03\proyecto.asm
                   ESPERA   0x00005c    program     static C:\Users\USER\Documents\GitHub\PIC16F877A\Proyectos\Proyecto03\proyecto.asm
                  ESPERA2   0x000065    program     static C:\Users\USER\Documents\GitHub\PIC16F877A\Proyectos\Proyecto03\proyecto.asm
                     FIVE   0x000055    program     static C:\Users\USER\Documents\GitHub\PIC16F877A\Proyectos\Proyecto03\proyecto.asm
                     FOUR   0x00004f    program     static C:\Users\USER\Documents\GitHub\PIC16F877A\Proyectos\Proyecto03\proyecto.asm
               INICIA_LCD   0x00021a    program     static C:\Users\USER\Documents\GitHub\PIC16F877A\Proyectos\Proyecto03\proyecto.asm
                   INICIO   0x000005    program     static C:\Users\USER\Documents\GitHub\PIC16F877A\Proyectos\Proyecto03\proyecto.asm
                    LETRA   0x0000cf    program     static C:\Users\USER\Documents\GitHub\PIC16F877A\Proyectos\Proyecto03\proyecto.asm
                     LOOP   0x000252    program     static C:\Users\USER\Documents\GitHub\PIC16F877A\Proyectos\Proyecto03\proyecto.asm
                    LOOP1   0x000073    program     static C:\Users\USER\Documents\GitHub\PIC16F877A\Proyectos\Proyecto03\proyecto.asm
                   LOOP11   0x000254    program     static C:\Users\USER\Documents\GitHub\PIC16F877A\Proyectos\Proyecto03\proyecto.asm
                    LOOP2   0x00007d    program     static C:\Users\USER\Documents\GitHub\PIC16F877A\Proyectos\Proyecto03\proyecto.asm
                    LOOP3   0x000084    program     static C:\Users\USER\Documents\GitHub\PIC16F877A\Proyectos\Proyecto03\proyecto.asm
                    LOOP4   0x00008c    program     static C:\Users\USER\Documents\GitHub\PIC16F877A\Proyectos\Proyecto03\proyecto.asm
                    LOOP5   0x000091    program     static C:\Users\USER\Documents\GitHub\PIC16F877A\Proyectos\Proyecto03\proyecto.asm
                    LOOP6   0x000098    program     static C:\Users\USER\Documents\GitHub\PIC16F877A\Proyectos\Proyecto03\proyecto.asm
                    LOOP7   0x0000a0    program     static C:\Users\USER\Documents\GitHub\PIC16F877A\Proyectos\Proyecto03\proyecto.asm
                     MAIN   0x00001c    program     static C:\Users\USER\Documents\GitHub\PIC16F877A\Proyectos\Proyecto03\proyecto.asm
             MOSTRAR_BITS   0x000032    program     static C:\Users\USER\Documents\GitHub\PIC16F877A\Proyectos\Proyecto03\proyecto.asm
           MSG_BIENVENIDA   0x0001ae    program     static C:\Users\USER\Documents\GitHub\PIC16F877A\Proyectos\Proyecto03\proyecto.asm
                  MSG_BIN   0x00014e    program     static C:\Users\USER\Documents\GitHub\PIC16F877A\Proyectos\Proyecto03\proyecto.asm
                 MSG_DECI   0x0000ff    program     static C:\Users\USER\Documents\GitHub\PIC16F877A\Proyectos\Proyecto03\proyecto.asm
                 MSG_HEXA   0x000129    program     static C:\Users\USER\Documents\GitHub\PIC16F877A\Proyectos\Proyecto03\proyecto.asm
                MSG_JUEGO   0x0001e3    program     static C:\Users\USER\Documents\GitHub\PIC16F877A\Proyectos\Proyecto03\proyecto.asm
                 MSG_NEXT   0x000193    program     static C:\Users\USER\Documents\GitHub\PIC16F877A\Proyectos\Proyecto03\proyecto.asm
                 MSG_TEMP   0x0000d2    program     static C:\Users\USER\Documents\GitHub\PIC16F877A\Proyectos\Proyecto03\proyecto.asm
                 MSG_VOLT   0x000162    program     static C:\Users\USER\Documents\GitHub\PIC16F877A\Proyectos\Proyecto03\proyecto.asm
           MULTIPLICACION   0x0000a7    program     static C:\Users\USER\Documents\GitHub\PIC16F877A\Proyectos\Proyecto03\proyecto.asm
                 NEGATIVO   0x0000b1    program     static C:\Users\USER\Documents\GitHub\PIC16F877A\Proyectos\Proyecto03\proyecto.asm
                   NUMERO   0x0000cc    program     static C:\Users\USER\Documents\GitHub\PIC16F877A\Proyectos\Proyecto03\proyecto.asm
                      ONE   0x00003e    program     static C:\Users\USER\Documents\GitHub\PIC16F877A\Proyectos\Proyecto03\proyecto.asm
                     REDO   0x000013    program     static C:\Users\USER\Documents\GitHub\PIC16F877A\Proyectos\Proyecto03\proyecto.asm
                      REG   0x0000cb    program     static C:\Users\USER\Documents\GitHub\PIC16F877A\Proyectos\Proyecto03\proyecto.asm
                 REGRESO1   0x000081    program     static C:\Users\USER\Documents\GitHub\PIC16F877A\Proyectos\Proyecto03\proyecto.asm
                      RET   0x000095    program     static C:\Users\USER\Documents\GitHub\PIC16F877A\Proyectos\Proyecto03\proyecto.asm
                 RET100MS   0x000259    program     static C:\Users\USER\Documents\GitHub\PIC16F877A\Proyectos\Proyecto03\proyecto.asm
                   RET200   0x000250    program     static C:\Users\USER\Documents\GitHub\PIC16F877A\Proyectos\Proyecto03\proyecto.asm
                    RET2S   0x000266    program     static C:\Users\USER\Documents\GitHub\PIC16F877A\Proyectos\Proyecto03\proyecto.asm
                    THREE   0x00004a    program     static C:\Users\USER\Documents\GitHub\PIC16F877A\Proyectos\Proyecto03\proyecto.asm
                     TRES   0x00025b    program     static C:\Users\USER\Documents\GitHub\PIC16F877A\Proyectos\Proyecto03\proyecto.asm
                    TRESA   0x000268    program     static C:\Users\USER\Documents\GitHub\PIC16F877A\Proyectos\Proyecto03\proyecto.asm
                      TWO   0x000045    program     static C:\Users\USER\Documents\GitHub\PIC16F877A\Proyectos\Proyecto03\proyecto.asm
            UNIDADES_LOOP   0x00024d    program     static C:\Users\USER\Documents\GitHub\PIC16F877A\Proyectos\Proyecto03\proyecto.asm
                      UNO   0x00025f    program     static C:\Users\USER\Documents\GitHub\PIC16F877A\Proyectos\Proyecto03\proyecto.asm
                     UNOA   0x00026c    program     static C:\Users\USER\Documents\GitHub\PIC16F877A\Proyectos\Proyecto03\proyecto.asm



                              Symbols - Sorted by Address
                     Name    Address   Location    Storage File                     
                ---------  ---------  ---------  --------- ---------                
                   INICIO   0x000005    program     static C:\Users\USER\Documents\GitHub\PIC16F877A\Proyectos\Proyecto03\proyecto.asm
                     REDO   0x000013    program     static C:\Users\USER\Documents\GitHub\PIC16F877A\Proyectos\Proyecto03\proyecto.asm
                     MAIN   0x00001c    program     static C:\Users\USER\Documents\GitHub\PIC16F877A\Proyectos\Proyecto03\proyecto.asm
                     CERO   0x00002a    program     static C:\Users\USER\Documents\GitHub\PIC16F877A\Proyectos\Proyecto03\proyecto.asm
             MOSTRAR_BITS   0x000032    program     static C:\Users\USER\Documents\GitHub\PIC16F877A\Proyectos\Proyecto03\proyecto.asm
                      ONE   0x00003e    program     static C:\Users\USER\Documents\GitHub\PIC16F877A\Proyectos\Proyecto03\proyecto.asm
                      TWO   0x000045    program     static C:\Users\USER\Documents\GitHub\PIC16F877A\Proyectos\Proyecto03\proyecto.asm
                    THREE   0x00004a    program     static C:\Users\USER\Documents\GitHub\PIC16F877A\Proyectos\Proyecto03\proyecto.asm
                     FOUR   0x00004f    program     static C:\Users\USER\Documents\GitHub\PIC16F877A\Proyectos\Proyecto03\proyecto.asm
                     FIVE   0x000055    program     static C:\Users\USER\Documents\GitHub\PIC16F877A\Proyectos\Proyecto03\proyecto.asm
              CONVERTIDOR   0x000059    program     static C:\Users\USER\Documents\GitHub\PIC16F877A\Proyectos\Proyecto03\proyecto.asm
                   ESPERA   0x00005c    program     static C:\Users\USER\Documents\GitHub\PIC16F877A\Proyectos\Proyecto03\proyecto.asm
         CONVERTIDOR_TEMP   0x000062    program     static C:\Users\USER\Documents\GitHub\PIC16F877A\Proyectos\Proyecto03\proyecto.asm
                  ESPERA2   0x000065    program     static C:\Users\USER\Documents\GitHub\PIC16F877A\Proyectos\Proyecto03\proyecto.asm
                      CHD   0x00006b    program     static C:\Users\USER\Documents\GitHub\PIC16F877A\Proyectos\Proyecto03\proyecto.asm
                    LOOP1   0x000073    program     static C:\Users\USER\Documents\GitHub\PIC16F877A\Proyectos\Proyecto03\proyecto.asm
                     CONF   0x00007a    program     static C:\Users\USER\Documents\GitHub\PIC16F877A\Proyectos\Proyecto03\proyecto.asm
                    LOOP2   0x00007d    program     static C:\Users\USER\Documents\GitHub\PIC16F877A\Proyectos\Proyecto03\proyecto.asm
                 REGRESO1   0x000081    program     static C:\Users\USER\Documents\GitHub\PIC16F877A\Proyectos\Proyecto03\proyecto.asm
                    LOOP3   0x000084    program     static C:\Users\USER\Documents\GitHub\PIC16F877A\Proyectos\Proyecto03\proyecto.asm
                    LOOP4   0x00008c    program     static C:\Users\USER\Documents\GitHub\PIC16F877A\Proyectos\Proyecto03\proyecto.asm
                    LOOP5   0x000091    program     static C:\Users\USER\Documents\GitHub\PIC16F877A\Proyectos\Proyecto03\proyecto.asm
                      RET   0x000095    program     static C:\Users\USER\Documents\GitHub\PIC16F877A\Proyectos\Proyecto03\proyecto.asm
                    LOOP6   0x000098    program     static C:\Users\USER\Documents\GitHub\PIC16F877A\Proyectos\Proyecto03\proyecto.asm
                    LOOP7   0x0000a0    program     static C:\Users\USER\Documents\GitHub\PIC16F877A\Proyectos\Proyecto03\proyecto.asm
           MULTIPLICACION   0x0000a7    program     static C:\Users\USER\Documents\GitHub\PIC16F877A\Proyectos\Proyecto03\proyecto.asm
                 NEGATIVO   0x0000b1    program     static C:\Users\USER\Documents\GitHub\PIC16F877A\Proyectos\Proyecto03\proyecto.asm
                      CHA   0x0000b5    program     static C:\Users\USER\Documents\GitHub\PIC16F877A\Proyectos\Proyecto03\proyecto.asm
                     COMP   0x0000c4    program     static C:\Users\USER\Documents\GitHub\PIC16F877A\Proyectos\Proyecto03\proyecto.asm
                      REG   0x0000cb    program     static C:\Users\USER\Documents\GitHub\PIC16F877A\Proyectos\Proyecto03\proyecto.asm
                   NUMERO   0x0000cc    program     static C:\Users\USER\Documents\GitHub\PIC16F877A\Proyectos\Proyecto03\proyecto.asm
                    LETRA   0x0000cf    program     static C:\Users\USER\Documents\GitHub\PIC16F877A\Proyectos\Proyecto03\proyecto.asm
                 MSG_TEMP   0x0000d2    program     static C:\Users\USER\Documents\GitHub\PIC16F877A\Proyectos\Proyecto03\proyecto.asm
                 MSG_DECI   0x0000ff    program     static C:\Users\USER\Documents\GitHub\PIC16F877A\Proyectos\Proyecto03\proyecto.asm
                 MSG_HEXA   0x000129    program     static C:\Users\USER\Documents\GitHub\PIC16F877A\Proyectos\Proyecto03\proyecto.asm
                  MSG_BIN   0x00014e    program     static C:\Users\USER\Documents\GitHub\PIC16F877A\Proyectos\Proyecto03\proyecto.asm
                 MSG_VOLT   0x000162    program     static C:\Users\USER\Documents\GitHub\PIC16F877A\Proyectos\Proyecto03\proyecto.asm
                 MSG_NEXT   0x000193    program     static C:\Users\USER\Documents\GitHub\PIC16F877A\Proyectos\Proyecto03\proyecto.asm
           MSG_BIENVENIDA   0x0001ae    program     static C:\Users\USER\Documents\GitHub\PIC16F877A\Proyectos\Proyecto03\proyecto.asm
                MSG_JUEGO   0x0001e3    program     static C:\Users\USER\Documents\GitHub\PIC16F877A\Proyectos\Proyecto03\proyecto.asm
               INICIA_LCD   0x00021a    program     static C:\Users\USER\Documents\GitHub\PIC16F877A\Proyectos\Proyecto03\proyecto.asm
                  COMANDO   0x00022b    program     static C:\Users\USER\Documents\GitHub\PIC16F877A\Proyectos\Proyecto03\proyecto.asm
                    DATOS   0x000232    program     static C:\Users\USER\Documents\GitHub\PIC16F877A\Proyectos\Proyecto03\proyecto.asm
           BORRAR_DISPLAY   0x00023b    program     static C:\Users\USER\Documents\GitHub\PIC16F877A\Proyectos\Proyecto03\proyecto.asm
                   CONVER   0x00023e    program     static C:\Users\USER\Documents\GitHub\PIC16F877A\Proyectos\Proyecto03\proyecto.asm
            CENTENAS_LOOP   0x00023f    program     static C:\Users\USER\Documents\GitHub\PIC16F877A\Proyectos\Proyecto03\proyecto.asm
             DECENAS_LOOP   0x000246    program     static C:\Users\USER\Documents\GitHub\PIC16F877A\Proyectos\Proyecto03\proyecto.asm
            UNIDADES_LOOP   0x00024d    program     static C:\Users\USER\Documents\GitHub\PIC16F877A\Proyectos\Proyecto03\proyecto.asm
                   RET200   0x000250    program     static C:\Users\USER\Documents\GitHub\PIC16F877A\Proyectos\Proyecto03\proyecto.asm
                     LOOP   0x000252    program     static C:\Users\USER\Documents\GitHub\PIC16F877A\Proyectos\Proyecto03\proyecto.asm
                   LOOP11   0x000254    program     static C:\Users\USER\Documents\GitHub\PIC16F877A\Proyectos\Proyecto03\proyecto.asm
                 RET100MS   0x000259    program     static C:\Users\USER\Documents\GitHub\PIC16F877A\Proyectos\Proyecto03\proyecto.asm
                     TRES   0x00025b    program     static C:\Users\USER\Documents\GitHub\PIC16F877A\Proyectos\Proyecto03\proyecto.asm
                      DOS   0x00025d    program     static C:\Users\USER\Documents\GitHub\PIC16F877A\Proyectos\Proyecto03\proyecto.asm
                      UNO   0x00025f    program     static C:\Users\USER\Documents\GitHub\PIC16F877A\Proyectos\Proyecto03\proyecto.asm
                    RET2S   0x000266    program     static C:\Users\USER\Documents\GitHub\PIC16F877A\Proyectos\Proyecto03\proyecto.asm
                    TRESA   0x000268    program     static C:\Users\USER\Documents\GitHub\PIC16F877A\Proyectos\Proyecto03\proyecto.asm
                     DOSA   0x00026a    program     static C:\Users\USER\Documents\GitHub\PIC16F877A\Proyectos\Proyecto03\proyecto.asm
                     UNOA   0x00026c    program     static C:\Users\USER\Documents\GitHub\PIC16F877A\Proyectos\Proyecto03\proyecto.asm


