MPASM  5.51                      PROYECTO.ASM   5-20-2024  9:40:00         PAGE  1


LOC  OBJECT CODE     LINE SOURCE TEXT
  VALUE

                      00001         include <p16f877.inc>
                      00001         LIST
                      00002 
                      00003 ;==========================================================================
                      00004 ;  MPASM PIC16F877 processor include
                      00005 ; 
                      00006 ;  (c) Copyright 1999-2013 Microchip Technology, All rights reserved
                      00007 ;==========================================================================
                      00008 
Message[301]: MESSAGE: (Processor-header file mismatch.  Verify selected processor.)
                      00540         LIST
                      00002 
                      00003         CBLOCK 0X20
  00000020            00004                 VALOR
  00000021            00005                 VALOR1
  00000022            00006                 VALOR2
  00000023            00007                 AUX
  00000024            00008                 CONTADOR
  00000025            00009                 INDEX
  00000026            00010                 UNIDADES
  00000027            00011                 DECENAS
  00000028            00012                 CENTENAS
  00000029            00013                 ENTRADA
  0000002A            00014                 FLAG
  0000002B            00015                 FLAGMENU
  0000002C            00016                 FLAGBIN
  0000002D            00017                 FLAGHEX
  0000002E            00018                 FLAGDECI
  0000002F            00019                 FLAGTEMP
  00000030            00020         RESU                 ; PASAMOS EL VALOR DE ADRESH A E
  00000031            00021         U 
  00000032            00022         T
  00000033            00023         M
  00000034            00024         L
  00000035            00025         L1
  00000036            00026         ZA
  00000037            00027                 H
  00000038            00028                 X
  00000039            00029                 HA
  0000003A            00030                 HB
  0000003B            00031                 TEMP    
                      00032                 
  0000003C            00033                 TEM
                      00034         ENDC
                      00035 
                      00036 #DEFINE         RS              PORTC,1
                      00037 #DEFINE         E               PORTC,0
                      00038 
0000                  00039         ORG             0       
0000   2805           00040         GOTO    INICIO
0005                  00041         ORG             5
                      00042 
0005                  00043 INICIO:
MPASM  5.51                      PROYECTO.ASM   5-20-2024  9:40:00         PAGE  2


LOC  OBJECT CODE     LINE SOURCE TEXT
  VALUE

0005   0185           00044                         CLRF    PORTA
0006   0186           00045                         CLRF    PORTB
0007   1683           00046                         BSF     STATUS,RP0
0008   1303           00047                         BCF     STATUS,RP1
0009   3000           00048                         MOVLW   0X00    
Message[302]: Register in operand not in bank 0.  Ensure that bank bits are correct.
000A   009F           00049                         MOVWF   ADCON1                  ;Congigurar entradas analógicas
Message[302]: Register in operand not in bank 0.  Ensure that bank bits are correct.
000B   0188           00050                         CLRF    TRISD                   ;Configura puerto D como salida
000C   30FF           00051                         MOVLW   0XFF
Message[302]: Register in operand not in bank 0.  Ensure that bank bits are correct.
000D   0086           00052                         MOVWF   TRISB
Message[302]: Register in operand not in bank 0.  Ensure that bank bits are correct.
000E   0187           00053                         CLRF    TRISC
000F   1283           00054                         BCF             STATUS,5
0010   221A           00055                         CALL    INICIA_LCD
0011   3080           00056                         MOVLW   0X80
0012   222B           00057                         CALL    COMANDO
                      00058 
0013                  00059 REDO:
                      00060                         ;CALL   BORRAR_DISPLAY
0013   01AA           00061                         CLRF    FLAG
0014   01AB           00062                         CLRF    FLAGMENU
0015   01AC           00063                         CLRF    FLAGBIN
0016   01A4           00064                         CLRF    CONTADOR
0017   01A6           00065                         CLRF    UNIDADES
0018   01A7           00066                         CLRF    DECENAS
0019   01A8           00067                         CLRF    CENTENAS
001A   01A9           00068                         CLRF    ENTRADA
001B   01A3           00069                         CLRF    AUX
                      00070                         
001C                  00071 MAIN:           ;Modo de direccionamiento indexado
001C   1C2B           00072                         BTFSS   FLAGMENU,0
001D   21AE           00073                         CALL    MSG_BIENVENIDA
001E   142B           00074                         BSF             FLAGMENU,0
001F   0806           00075                         MOVF    PORTB,W
0020   3907           00076                         ANDLW   0X07
0021   0782           00077                         ADDWF   PCL,F
0022   282A           00078                         GOTO    CERO
0023   283E           00079                         GOTO    ONE
0024   2845           00080                         GOTO    TWO
0025   284A           00081                         GOTO    THREE
0026   284F           00082                         GOTO    FOUR
0027   2855           00083                         GOTO    FIVE
0028   281C           00084                         GOTO    MAIN
0029   281C           00085                         GOTO    MAIN
                      00086 ;BINARIO
002A                  00087 CERO:
002A   2059           00088                         CALL    CONVERTIDOR
                      00089                     ; Inicializar la pantalla LCD para mostrar el valor en binario
                      00090                     ;CALL       BORRAR_DISPLAY
                      00091                     ;MOVLW      0X80
                      00092                     ;CALL       COMANDO
MPASM  5.51                      PROYECTO.ASM   5-20-2024  9:40:00         PAGE  3


LOC  OBJECT CODE     LINE SOURCE TEXT
  VALUE

                      00093                     ; Mostrar el valor binario
002B   3008           00094                     MOVLW       D'8'                 ; Número de bits a mostrar
002C   00A4           00095                     MOVWF       CONTADOR
002D   1C2C           00096                         BTFSS   FLAGBIN,0
002E   214E           00097                         CALL    MSG_BIN
002F   142C           00098                         BSF             FLAGBIN,0
0030   30C0           00099                         MOVLW   0XC0
0031   222B           00100                         CALL    COMANDO
0032                  00101 MOSTRAR_BITS:
0032   0DA9           00102                     RLF         ENTRADA, F                       ; Desplazar el bit más significativo al
                             Carry
0033   1803           00103                     BTFSC       STATUS, C
0034   3031           00104                     MOVLW       '1'
0035   1C03           00105                     BTFSS       STATUS, C
0036   3030           00106                     MOVLW       '0'
0037   2232           00107                     CALL        DATOS
0038   0BA4           00108                     DECFSZ      CONTADOR, F
0039   2832           00109                     GOTO        MOSTRAR_BITS
003A   2266           00110                         CALL    RET2S
003B   01AB           00111                         CLRF    FLAGMENU
003C   01AC           00112                         CLRF    FLAGBIN
003D   281C           00113                         GOTO    MAIN
                      00114 ;DECIMAL
003E                  00115 ONE:
003E   2059           00116                         CALL    CONVERTIDOR                     ;W <-- ENTRADA DEL CONVERTIDOR ANALOGICO
003F   1C2A           00117                         BTFSS   FLAG,0                          ;CHECAMOS BANDERA ANTES DE IMPRIMIR EL M
                            ENSAJE
0040   20FF           00118                         CALL    MSG_DECI                        ;SI BANDERA ACTIVA NO IMPRIME MSG
0041   142A           00119                         BSF             FLAG,0
0042   0806           00120                         MOVFW   PORTB
                      00121                         ;SUBLW  0X01
                      00122                         ;BTFSC  STATUS,Z
                      00123                         ;GOTO   ONE
0043   2266           00124                         CALL    RET2S
0044   2813           00125                         GOTO    REDO
                      00126 ;HEXADECIMAL
0045                  00127 TWO:
0045   2059           00128                         CALL    CONVERTIDOR
0046   20B5           00129                         CALL    CHA
0047   2129           00130                         CALL    MSG_HEXA
0048   2266           00131                         CALL    RET2S
0049   2813           00132                         GOTO    REDO
                      00133 ;VOLTAJE
004A                  00134 THREE:
004A   2059           00135                         CALL    CONVERTIDOR
004B   206B           00136                         CALL    CHD
                      00137                         ;CALL   BORRAR_DISPLAY
004C   2162           00138                         CALL    MSG_VOLT
004D   2266           00139                         CALL    RET2S
004E   2813           00140                         GOTO    REDO
                      00141 ;TEMPERATURA
004F                  00142 FOUR:
004F   2062           00143                         CALL    CONVERTIDOR_TEMP
MPASM  5.51                      PROYECTO.ASM   5-20-2024  9:40:00         PAGE  4


LOC  OBJECT CODE     LINE SOURCE TEXT
  VALUE

0050   073B           00144                         ADDWF   TEMP,W
0051   2259           00145                         CALL    RET100MS
0052   20D2           00146                         CALL    MSG_TEMP
0053   2266           00147                         CALL    RET2S
0054   2813           00148                         GOTO    REDO
                      00149 ;BATERIA
0055                  00150 FIVE:
0055   2059           00151                         CALL    CONVERTIDOR
0056   223B           00152                         CALL    BORRAR_DISPLAY
0057   2259           00153                         CALL    RET100MS
0058   2813           00154                         GOTO    REDO
                      00155 
0059                  00156 CONVERTIDOR:
0059   30CD           00157                         MOVLW   B'11001101'
005A   009F           00158                         MOVWF   ADCON0
005B   0186           00159                         CLRF    PORTB
005C                  00160 ESPERA:         
005C   2250           00161                         CALL    RET200
005D   191F           00162                         BTFSC   ADCON0,2                ;Pregunta por registro GO/DONE
005E   285C           00163                         GOTO    ESPERA
005F   081E           00164                         MOVFW   ADRESH                  ;W = ADRESH
0060   00A9           00165                         MOVWF   ENTRADA                 ;ENTRADA = W
0061   0008           00166                         RETURN
                      00167                         
0062                  00168 CONVERTIDOR_TEMP:
0062   30C5           00169                         MOVLW   B'11000101'
0063   009F           00170                         MOVWF   ADCON0
0064   0186           00171                         CLRF    PORTB
0065                  00172 ESPERA2:        
0065   2250           00173                         CALL    RET200
0066   191F           00174                         BTFSC   ADCON0,2                ;Pregunta por registro GO/DONE
0067   2865           00175                         GOTO    ESPERA2
0068   081E           00176                         MOVFW   ADRESH
0069   00A9           00177                         MOVWF   ENTRADA
006A   0008           00178                         RETURN
                      00179                         
                      00180 ; CONVERSIÓN DE HEXA A DECIMAL PARA EL VOLTIMETRO
006B                  00181 CHD
006B   00B0           00182     MOVWF RESU                 ; PASAMOS EL VALOR DE ADRESH A E
006C   3000           00183     MOVLW H'00'             ; PASAMOS UN CERO PARA INICIALIZAR LOS CONTADORES
006D   00B1           00184     MOVWF U 
006E   00B2           00185     MOVWF T
006F   00B3           00186     MOVWF M
0070   00B4           00187     MOVWF L
0071   00B5           00188     MOVWF L1
0072   00B6           00189     MOVWF ZA
0073                  00190 LOOP1
0073   3033           00191     MOVLW H'33'             ; NÚMERO A RESTAR 51 DECIMAL
0074   0230           00192     SUBWF RESU,0               ; W = ADRESH - 33H
0075   1C03           00193     BTFSS STATUS, H'00'     ; COMPRUEBA SI EL RESULTADO ES POSITIVO
0076   287A           00194     GOTO CONF               ; SALTA SI FUE NEGATIVO Y PASA A LOS DECIMALES
0077   00B0           00195     MOVWF RESU                 ; GUARDA EL RESULTADO DE LA RESTA
0078   0AB1           00196     INCF U,1                ; INCREMENTA LA PARTE ENTERA
MPASM  5.51                      PROYECTO.ASM   5-20-2024  9:40:00         PAGE  5


LOC  OBJECT CODE     LINE SOURCE TEXT
  VALUE

0079   2873           00197     GOTO LOOP1              ; REGRESA A RESTAR
007A                  00198 CONF
007A   0830           00199     MOVF RESU,W                ; W = E
007B   00B6           00200     MOVWF ZA                ; ZA = E
007C   20A7           00201     CALL MULTIPLICACION
007D                  00202 LOOP2
007D   3033           00203     MOVLW H'33'             ; NÚMERO A RESTAR 51 DECIMAL
007E   0230           00204     SUBWF RESU,0               ; W = E - W
007F   1C03           00205     BTFSS STATUS, H'00'     ; COMPRUEBA SI EL RESULTADO ES POSITIVO
0080   2884           00206     GOTO LOOP3
0081                  00207 REGRESO1
0081   00B0           00208     MOVWF RESU                 ; GUARDA EL RESULTADO DE LA RESTA
0082   0AB4           00209     INCF L,1                ; INCREMENTA LA PARTE DECIMAL
0083   287D           00210     GOTO LOOP2              ; REGRESA A RESTAR
0084                  00211 LOOP3
0084   00B6           00212     MOVWF ZA                ; GUARDA EL RESULTADO DE LA RESTA
0085   3001           00213     MOVLW H'01'             ; W = 1
0086   0232           00214     SUBWF T,0               ; W = T - 1
0087   1C03           00215     BTFSS STATUS,H'00'      ; COMPRUEBA EL RESULTADO DE LA RESTA
0088   288C           00216     GOTO LOOP4 
0089   00B2           00217     MOVWF T
008A   0836           00218     MOVF ZA, 0
008B   2881           00219     GOTO REGRESO1
008C                  00220 LOOP4
008C   3000           00221     MOVLW H'00'             ; LIMPIAMOS EL REGISTRO M
008D   00B3           00222     MOVWF M
008E   0830           00223     MOVF RESU,W                ; W = E
008F   00B6           00224     MOVWF ZA                ; ZA = E
0090   20A7           00225     CALL MULTIPLICACION
0091                  00226 LOOP5
0091   3033           00227     MOVLW H'33'             ; NÚMERO A RESTAR 51 DECIMAL
0092   0230           00228     SUBWF RESU,0               ; W = E - W
0093   1C03           00229     BTFSS STATUS, H'00'     ; COMPRUEBA SI EL RESULTADO ES POSITIVO
0094   2898           00230     GOTO LOOP6
0095                  00231 RET
0095   00B0           00232     MOVWF RESU                 ; GUARDA EL RESULTADO DE LA RESTA
0096   0AB5           00233     INCF L1,1               ; INCREMENTA LA PARTE DECIMAL
0097   2891           00234     GOTO LOOP5              ; REGRESA A RESTAR
0098                  00235 LOOP6
0098   00B6           00236     MOVWF ZA                ; GUARDA EL RESULTADO DE LA RESTA
0099   3001           00237     MOVLW H'01'             ; W = 1
009A   0232           00238     SUBWF T,0               ; W = T - 1
009B   1D03           00239     BTFSS STATUS,H'02'      ; COMPRUEBA EL RESULTADO DE LA RESTA
009C   28A0           00240     GOTO LOOP7              ; SI ES 
009D   00B2           00241     MOVWF T
009E   0836           00242     MOVF ZA, 0
009F   2895           00243     GOTO RET
00A0                  00244 LOOP7                       ; REALIZA LA CONVERSIÓN A ASCII
00A0   3030           00245     MOVLW H'30'
00A1   04B1           00246     IORWF U,1
00A2   3030           00247     MOVLW H'30'
00A3   04B4           00248     IORWF L,1
00A4   3030           00249     MOVLW H'30'
MPASM  5.51                      PROYECTO.ASM   5-20-2024  9:40:00         PAGE  6


LOC  OBJECT CODE     LINE SOURCE TEXT
  VALUE

00A5   04B5           00250     IORWF L1,1
00A6   0008           00251     RETURN
                      00252 ; MULTIPLICACIÓN
00A7                  00253 MULTIPLICACION
00A7   0836           00254     MOVF ZA,W               ; ES EL VALOR DEL RESIDUO QUE DEBEMOS DE MULTIPLICAR
00A8   07B0           00255     ADDWF RESU,1               ; E = E + ZA
00A9   1803           00256     BTFSC STATUS, H'00'     ; REVISA SI HUBO ALGÚN DESBORDAMIENTO
00AA   20B1           00257     CALL NEGATIVO           ; SI HUBO DESBORDAMIENTO SALTA
00AB   0AB3           00258     INCF M,1                ; INCREMENTA PARA EL CONTADOR DE LA MULTIPLICACIÓN
00AC   3038           00259     MOVLW X                 ; W = 9
00AD   0633           00260     XORWF M,0               ; AND ENTRE  W Y X
00AE   1D03           00261     BTFSS STATUS, H'02'     ; COMPRUEBA LA BANDERA DE CERO PARA SABER SI YA SE MULTIPLICÓ POR 10
00AF   28A7           00262     GOTO MULTIPLICACION     ; SIGNIFICA QUE AÚN NO MULTIPLICÓ POR 10
00B0   0008           00263     RETURN
                      00264 
00B1                  00265 NEGATIVO
00B1   3001           00266     MOVLW H'01'             ; W = 1
00B2   0732           00267     ADDWF T,W               ; W = T + 1
00B3   00B2           00268     MOVWF T                 ; T = W
00B4   0008           00269     RETURN                  ; REGRESA
                      00270 ; CONVERTIDOR HEX A ASCII
00B5                  00271 CHA
00B5   081E           00272     MOVF ADRESH,W           ; MUEVE EL VALOR DEL ADRESH A W
00B6   00BC           00273     MOVWF TEM               ; PASA EL ADRESH A W
00B7   30F0           00274     MOVLW H'F0'
00B8   05BC           00275     ANDWF TEM,1             ; ELIMINAMOS LA PARTE BAJA
00B9   0E3C           00276     SWAPF TEM,0
00BA   00BC           00277     MOVWF TEM
00BB   20C4           00278     CALL COMP
00BC   00B9           00279     MOVWF HA
                      00280 
00BD   081E           00281     MOVF ADRESH,W           ; MUEVE EL VALOR DEL ADRESH A W
00BE   00BC           00282     MOVWF TEM               ; PASA EL ADRESH A W
00BF   300F           00283     MOVLW H'0F'
00C0   05BC           00284     ANDWF TEM,1             ; ELIMINAMOS LA PARTE BAJA
00C1   20C4           00285     CALL COMP
00C2   00BA           00286     MOVWF HB
00C3   0008           00287     RETURN
00C4                  00288 COMP
00C4   3009           00289     MOVLW H'09'
00C5   023C           00290     SUBWF TEM,0
00C6   1C03           00291     BTFSS STATUS, H'00'
00C7   28CC           00292     GOTO NUMERO
00C8   1903           00293     BTFSC STATUS, H'02'
00C9   28CC           00294     GOTO NUMERO
00CA   28CF           00295     GOTO LETRA
00CB                  00296 REG
00CB   0008           00297     RETURN
00CC                  00298 NUMERO
00CC   3030           00299     MOVLW H'30'
00CD   073C           00300     ADDWF TEM,0 
00CE   28CB           00301     GOTO REG
00CF                  00302 LETRA
MPASM  5.51                      PROYECTO.ASM   5-20-2024  9:40:00         PAGE  7


LOC  OBJECT CODE     LINE SOURCE TEXT
  VALUE

00CF   3037           00303     MOVLW H'37'
00D0   073C           00304     ADDWF TEM,0
00D1   28CB           00305     GOTO REG    
                      00306 
                      00307 ;###########################################
                      00308 ;### RUTINAS DE MENSAJE SIN LÓGICA  ########
                      00309 ;###########################################
00D2                  00310 MSG_TEMP
00D2   223B           00311         CALL    BORRAR_DISPLAY
00D3   2259           00312         CALL    RET100MS
00D4   3080           00313         MOVLW   0X80
00D5   222B           00314         CALL    COMANDO
00D6   2250           00315         CALL    RET200
00D7   2250           00316         CALL    RET200
00D8   3054           00317         MOVLW   A'T'
00D9   2232           00318         CALL    DATOS
00DA   3045           00319         MOVLW   A'E'
00DB   2232           00320         CALL    DATOS
00DC   304D           00321         MOVLW   A'M'
00DD   2232           00322         CALL    DATOS
00DE   3050           00323         MOVLW   A'P'
00DF   2232           00324         CALL    DATOS
00E0   3045           00325         MOVLW   A'E'
00E1   2232           00326         CALL    DATOS
00E2   3052           00327         MOVLW   A'R'
00E3   2232           00328         CALL    DATOS
00E4   3041           00329         MOVLW   A'A'
00E5   2232           00330         CALL    DATOS
00E6   3054           00331         MOVLW   A'T'
00E7   2232           00332         CALL    DATOS
00E8   3055           00333         MOVLW   A'U'
00E9   2232           00334         CALL    DATOS
00EA   3052           00335         MOVLW   A'R'
00EB   2232           00336         CALL    DATOS
00EC   3041           00337         MOVLW   A'A'
00ED   2232           00338         CALL    DATOS
00EE   30C0           00339         MOVLW   0XC0
00EF   222B           00340         CALL    COMANDO
00F0   0829           00341         MOVFW   ENTRADA
00F1   0729           00342         ADDWF   ENTRADA,W
00F2   223E           00343         CALL    CONVER
00F3   0828           00344         MOVFW   CENTENAS
00F4   3E30           00345         ADDLW   0X30
00F5   2232           00346         CALL    DATOS
00F6   0827           00347         MOVFW   DECENAS
00F7   3E30           00348         ADDLW   0X30
00F8   2232           00349         CALL    DATOS
00F9   0826           00350         MOVFW   UNIDADES
00FA   3E30           00351         ADDLW   0X30
00FB   2232           00352         CALL    DATOS
00FC   3043           00353         MOVLW   'C'
00FD   2232           00354         CALL    DATOS
00FE   0008           00355         RETURN
MPASM  5.51                      PROYECTO.ASM   5-20-2024  9:40:00         PAGE  8


LOC  OBJECT CODE     LINE SOURCE TEXT
  VALUE

                      00356 
00FF                  00357 MSG_DECI
00FF   223B           00358         CALL    BORRAR_DISPLAY
0100   2259           00359         CALL    RET100MS
0101   3080           00360         MOVLW   0X80
0102   222B           00361         CALL    COMANDO
0103   2250           00362         CALL    RET200
0104   2250           00363         CALL    RET200
0105   3044           00364         MOVLW   A'D'
0106   2232           00365         CALL    DATOS
0107   3045           00366         MOVLW   A'E'
0108   2232           00367         CALL    DATOS
0109   3043           00368         MOVLW   A'C'
010A   2232           00369         CALL    DATOS
010B   3049           00370         MOVLW   A'I'
010C   2232           00371         CALL    DATOS
010D   304D           00372         MOVLW   A'M'
010E   2232           00373         CALL    DATOS
010F   3041           00374         MOVLW   A'A'
0110   2232           00375         CALL    DATOS
0111   304C           00376         MOVLW   A'L'
0112   2232           00377         CALL    DATOS
0113   3020           00378         MOVLW   A' '
0114   2232           00379         CALL    DATOS
0115   3020           00380         MOVLW   A' '
0116   2232           00381         CALL    DATOS
0117   3020           00382         MOVLW   A' '
0118   2232           00383         CALL    DATOS
0119   3020           00384         MOVLW   A' '
011A   2232           00385         CALL    DATOS
011B   30C0           00386         MOVLW   0XC0
011C   222B           00387         CALL    COMANDO
011D   0829           00388         MOVFW   ENTRADA
011E   223E           00389         CALL    CONVER
011F   0828           00390         MOVFW   CENTENAS
0120   3E30           00391         ADDLW   .48
0121   2232           00392         CALL    DATOS
0122   0827           00393         MOVFW   DECENAS
0123   3E30           00394         ADDLW   .48
0124   2232           00395         CALL    DATOS
0125   0826           00396         MOVFW   UNIDADES
0126   3E30           00397         ADDLW   .48
0127   2232           00398         CALL    DATOS
                      00399 
0128   0008           00400         RETURN
0129                  00401 MSG_HEXA
0129   223B           00402         CALL    BORRAR_DISPLAY
012A   2259           00403         CALL    RET100MS
012B   3080           00404         MOVLW   0X80
012C   222B           00405         CALL    COMANDO
012D   2250           00406         CALL    RET200
012E   2250           00407         CALL    RET200
012F   3048           00408         MOVLW   A'H'
MPASM  5.51                      PROYECTO.ASM   5-20-2024  9:40:00         PAGE  9


LOC  OBJECT CODE     LINE SOURCE TEXT
  VALUE

0130   2232           00409         CALL    DATOS
0131   3045           00410         MOVLW   A'E'
0132   2232           00411         CALL    DATOS
0133   3058           00412         MOVLW   A'X'
0134   2232           00413         CALL    DATOS
0135   3041           00414         MOVLW   A'A'
0136   2232           00415         CALL    DATOS
0137   3044           00416         MOVLW   A'D'
0138   2232           00417         CALL    DATOS
0139   3045           00418         MOVLW   A'E'
013A   2232           00419         CALL    DATOS
013B   3043           00420         MOVLW   A'C'
013C   2232           00421         CALL    DATOS
013D   3049           00422         MOVLW   A'I'
013E   2232           00423         CALL    DATOS
013F   304D           00424         MOVLW   A'M'
0140   2232           00425         CALL    DATOS
0141   3041           00426         MOVLW   A'A'
0142   2232           00427         CALL    DATOS
0143   304C           00428         MOVLW   A'L'
0144   2232           00429         CALL    DATOS
0145   30C0           00430         MOVLW   0XC0
0146   222B           00431         CALL    COMANDO
0147   0839           00432     MOVF HA,W
0148   0088           00433     MOVWF PORTD
0149   2232           00434     CALL DATOS
014A   083A           00435     MOVF HB,W
014B   0088           00436     MOVWF PORTD
014C   2232           00437     CALL DATOS
                      00438 
014D   0008           00439         RETURN
014E                  00440 MSG_BIN
014E   223B           00441         CALL    BORRAR_DISPLAY
014F   2259           00442         CALL    RET100MS
0150   2259           00443         CALL    RET100MS
0151   3080           00444         MOVLW   0X80
0152   222B           00445         CALL    COMANDO
0153   3042           00446         MOVLW   A'B'
0154   2232           00447         CALL    DATOS
0155   3049           00448         MOVLW   A'I'
0156   2232           00449         CALL    DATOS
0157   304E           00450         MOVLW   A'N'
0158   2232           00451         CALL    DATOS
0159   3041           00452         MOVLW   A'A'
015A   2232           00453         CALL    DATOS
015B   3052           00454         MOVLW   A'R'
015C   2232           00455         CALL    DATOS
015D   3049           00456         MOVLW   A'I'
015E   2232           00457         CALL    DATOS
015F   304F           00458         MOVLW   A'O'
0160   2232           00459         CALL    DATOS
                      00460 
0161   0008           00461         RETURN
MPASM  5.51                      PROYECTO.ASM   5-20-2024  9:40:00         PAGE 10


LOC  OBJECT CODE     LINE SOURCE TEXT
  VALUE

                      00462 
0162                  00463 MSG_VOLT
0162   223B           00464         CALL    BORRAR_DISPLAY
0163   2259           00465         CALL    RET100MS
0164   2259           00466         CALL    RET100MS
0165   3080           00467         MOVLW   0X80
0166   222B           00468         CALL    COMANDO
0167   3056           00469         MOVLW   A'V'
0168   2232           00470         CALL    DATOS
0169   304F           00471         MOVLW   A'O'
016A   2232           00472         CALL    DATOS
016B   304C           00473         MOVLW   A'L'
016C   2232           00474         CALL    DATOS
016D   3054           00475         MOVLW   A'T'
016E   2232           00476         CALL    DATOS
016F   3041           00477         MOVLW   A'A'
0170   2232           00478         CALL    DATOS
0171   304A           00479         MOVLW   A'J'
0172   2232           00480         CALL    DATOS
0173   3045           00481         MOVLW   A'E'
0174   2232           00482         CALL    DATOS
0175   30C0           00483         MOVLW   0XC0
0176   222B           00484         CALL    COMANDO
0177   0831           00485     MOVF U,W
0178   0088           00486     MOVWF PORTD
0179   2232           00487     CALL DATOS
017A   302E           00488     MOVLW '.'
017B   0088           00489     MOVWF PORTD
017C   2232           00490     CALL DATOS
017D   0834           00491     MOVF L,W
017E   0088           00492     MOVWF PORTD
017F   2232           00493     CALL DATOS
0180   0835           00494     MOVF L1,W
0181   0088           00495     MOVWF PORTD
0182   2232           00496     CALL DATOS
0183   3056           00497     MOVLW 'V'
0184   0088           00498     MOVWF PORTD
0185   2232           00499     CALL DATOS
                      00500 
0186   3020           00501         MOVLW   ' '
0187   0088           00502         MOVWF   PORTD
0188   2232           00503         CALL    DATOS
0189   3020           00504         MOVLW   ' '
018A   0088           00505         MOVWF   PORTD
018B   2232           00506         CALL    DATOS
018C   3020           00507         MOVLW   ' '
018D   0088           00508         MOVWF   PORTD
018E   2232           00509         CALL    DATOS
018F   3020           00510         MOVLW   ' '
0190   0088           00511         MOVWF   PORTD
0191   2232           00512         CALL    DATOS
0192   0008           00513         RETURN
                      00514 
MPASM  5.51                      PROYECTO.ASM   5-20-2024  9:40:00         PAGE 11


LOC  OBJECT CODE     LINE SOURCE TEXT
  VALUE

0193                  00515 MSG_NEXT
0193   223B           00516         CALL    BORRAR_DISPLAY
0194   2259           00517         CALL    RET100MS
0195   3080           00518         MOVLW   0X80
0196   222B           00519         CALL    COMANDO
0197   3050           00520         MOVLW   A'P'
0198   2232           00521         CALL    DATOS
0199   3052           00522         MOVLW   A'R'
019A   2232           00523         CALL    DATOS
019B   3045           00524         MOVLW   A'E'
019C   2232           00525         CALL    DATOS
019D   3053           00526         MOVLW   A'S'
019E   2232           00527         CALL    DATOS
019F   3053           00528         MOVLW   A'S'
01A0   2232           00529         CALL    DATOS
01A1   3020           00530         MOVLW   A' '
01A2   2232           00531         CALL    DATOS
01A3   3053           00532         MOVLW   A'S'
01A4   2232           00533         CALL    DATOS
01A5   3054           00534         MOVLW   A'T'
01A6   2232           00535         CALL    DATOS
01A7   3041           00536         MOVLW   A'A'
01A8   2232           00537         CALL    DATOS
01A9   3052           00538         MOVLW   A'R'
01AA   2232           00539         CALL    DATOS
01AB   3054           00540         MOVLW   A'T'
01AC   2232           00541         CALL    DATOS
                      00542 
01AD   0008           00543         RETURN
                      00544 
01AE                  00545 MSG_BIENVENIDA
01AE   223B           00546         CALL    BORRAR_DISPLAY
01AF   2259           00547         CALL    RET100MS
01B0   3080           00548         MOVLW   0X80
01B1   222B           00549         CALL    COMANDO
01B2   3041           00550         MOVLW   A'A'
01B3   2232           00551         CALL    DATOS
01B4   306C           00552         MOVLW   A'l'
01B5   2232           00553         CALL    DATOS
01B6   3065           00554         MOVLW   A'e'
01B7   2232           00555         CALL    DATOS
01B8   3078           00556         MOVLW   A'x'
01B9   2232           00557         CALL    DATOS
01BA   3069           00558         MOVLW   A'i'
01BB   2232           00559         CALL    DATOS
01BC   3073           00560         MOVLW   A's'
01BD   2232           00561         CALL    DATOS
01BE   3020           00562         MOVLW   A' '
01BF   2232           00563         CALL    DATOS
01C0   3053           00564         MOVLW   A'S'
01C1   2232           00565         CALL    DATOS
01C2   3061           00566         MOVLW   A'a'
01C3   2232           00567         CALL    DATOS
MPASM  5.51                      PROYECTO.ASM   5-20-2024  9:40:00         PAGE 12


LOC  OBJECT CODE     LINE SOURCE TEXT
  VALUE

01C4   306E           00568         MOVLW   A'n'
01C5   2232           00569         CALL    DATOS
01C6   3063           00570         MOVLW   A'c'
01C7   2232           00571         CALL    DATOS
01C8   3068           00572         MOVLW   A'h'
01C9   2232           00573         CALL    DATOS
01CA   3065           00574         MOVLW   A'e'
01CB   2232           00575         CALL    DATOS
01CC   307A           00576         MOVLW   A'z'
01CD   2232           00577         CALL    DATOS
                      00578 
01CE   30C0           00579         MOVLW   0XC0
01CF   222B           00580         CALL    COMANDO
01D0   3046           00581         MOVLW   A'F'
01D1   2232           00582         CALL    DATOS
01D2   302E           00583         MOVLW   A'.'
01D3   2232           00584         CALL    DATOS
01D4   3049           00585         MOVLW   A'I'
01D5   2232           00586         CALL    DATOS
01D6   302E           00587         MOVLW   A'.'
01D7   2232           00588         CALL    DATOS
01D8   3020           00589         MOVLW   A' '
01D9   2232           00590         CALL    DATOS
01DA   3055           00591         MOVLW   A'U'
01DB   2232           00592         CALL    DATOS
01DC   304E           00593         MOVLW   A'N'
01DD   2232           00594         CALL    DATOS
01DE   3041           00595         MOVLW   A'A'
01DF   2232           00596         CALL    DATOS
01E0   304D           00597         MOVLW   A'M'
01E1   2232           00598         CALL    DATOS
                      00599 
01E2   0008           00600         RETURN
01E3                  00601 MSG_JUEGO
01E3   223B           00602         CALL    BORRAR_DISPLAY
01E4   2259           00603         CALL    RET100MS
01E5   3080           00604         MOVLW   0X80
01E6   222B           00605         CALL    COMANDO
01E7   2250           00606         CALL    RET200
01E8   2250           00607         CALL    RET200
01E9   3050           00608         MOVLW   A'P'
01EA   2232           00609         CALL    DATOS
01EB   3072           00610         MOVLW   A'r'
01EC   2232           00611         CALL    DATOS
01ED   3065           00612         MOVLW   A'e'
01EE   2232           00613         CALL    DATOS
01EF   3073           00614         MOVLW   A's'
01F0   2232           00615         CALL    DATOS
01F1   3069           00616         MOVLW   A'i'
01F2   2232           00617         CALL    DATOS
01F3   306F           00618         MOVLW   A'o'
01F4   2232           00619         CALL    DATOS
01F5   306E           00620         MOVLW   A'n'
MPASM  5.51                      PROYECTO.ASM   5-20-2024  9:40:00         PAGE 13


LOC  OBJECT CODE     LINE SOURCE TEXT
  VALUE

01F6   2232           00621         CALL    DATOS
01F7   3061           00622         MOVLW   A'a'
01F8   2232           00623         CALL    DATOS
01F9   30C0           00624         MOVLW   0XC0
01FA   222B           00625         CALL    COMANDO
01FB   3053           00626         MOVLW   A'S'
01FC   2232           00627         CALL    DATOS
01FD   3054           00628         MOVLW   A'T'
01FE   2232           00629         CALL    DATOS
01FF   3041           00630         MOVLW   A'A'
0200   2232           00631         CALL    DATOS
0201   3052           00632         MOVLW   A'R'
0202   2232           00633         CALL    DATOS
0203   3054           00634         MOVLW   A'T'
0204   2232           00635         CALL    DATOS
0205   3020           00636         MOVLW   A' '
0206   2232           00637         CALL    DATOS
0207   3070           00638         MOVLW   A'p'
0208   2232           00639         CALL    DATOS
0209   3061           00640         MOVLW   A'a'
020A   2232           00641         CALL    DATOS
020B   3072           00642         MOVLW   A'r'
020C   2232           00643         CALL    DATOS
020D   3061           00644         MOVLW   A'a'
020E   2232           00645         CALL    DATOS
020F   3020           00646         MOVLW   A' '
0210   2232           00647         CALL    DATOS
0211   3069           00648         MOVLW   A'i'
0212   2232           00649         CALL    DATOS
0213   306E           00650         MOVLW   A'n'
0214   2232           00651         CALL    DATOS
0215   3069           00652         MOVLW   A'i'
0216   2232           00653         CALL    DATOS
0217   3074           00654         MOVLW   A't'
0218   2232           00655         CALL    DATOS
0219   0008           00656         RETURN
                      00657 ;###########################################
                      00658 ;### RUTINAS DE CONFIG DE LCD   ############
                      00659 ;###########################################
021A                  00660 INICIA_LCD      
021A   3030           00661         MOVLW   0X30
021B   222B           00662         CALL    COMANDO
021C   2259           00663         CALL    RET100MS
021D   3030           00664         MOVLW   0X30
021E   222B           00665         CALL    COMANDO
021F   2259           00666         CALL    RET100MS
0220   3038           00667         MOVLW   0X38            ;8 BITS = 2 RENGLONES
0221   222B           00668         CALL    COMANDO
0222   300C           00669         MOVLW   0X0C            ;DISPLAY: Activa pantalla, desactiva cursor y parpadeo
0223   222B           00670         CALL    COMANDO
0224   3001           00671         MOVLW   0X01            ;BORRAR PANTALLA
0225   222B           00672         CALL    COMANDO
0226   3006           00673         MOVLW   0X06            ;SIN INCREMENTO
MPASM  5.51                      PROYECTO.ASM   5-20-2024  9:40:00         PAGE 14


LOC  OBJECT CODE     LINE SOURCE TEXT
  VALUE

0227   222B           00674         CALL    COMANDO
0228   3002           00675         MOVLW   0X02
0229   222B           00676         CALL    COMANDO
022A   0008           00677         RETURN
                      00678 
022B                  00679 COMANDO:
022B   0088           00680         MOVWF   PORTD
022C   2250           00681         CALL    RET200
022D   1087           00682         BCF             RS
022E   1407           00683         BSF             E
022F   2250           00684         CALL    RET200
0230   1007           00685         BCF             E
0231   0008           00686         RETURN
                      00687 
0232                  00688 DATOS:
0232   0088           00689         MOVWF   PORTD
0233   2250           00690         CALL    RET200
0234   1487           00691         BSF             RS
0235   1407           00692         BSF             E
0236   2250           00693         CALL    RET200
0237   1007           00694         BCF             E
0238   2250           00695         CALL    RET200
0239   2250           00696         CALL    RET200
023A   0008           00697         RETURN
                      00698 
023B                  00699 BORRAR_DISPLAY:
023B   3001           00700         MOVLW   0X01
023C   222B           00701         CALL    COMANDO
023D   0008           00702         RETURN
                      00703 ;###########################################
                      00704 ;### RUTINAS HEXA --> ASSCII  ##############
                      00705 ;###########################################
023E                  00706 CONVER:
023E   00A3           00707                 MOVWF   AUX
023F                  00708 CENTENAS_LOOP:
023F   3064           00709         MOVLW   .100            ; Valor para restar (100 decimal)
0240   0223           00710         SUBWF   AUX, W         ; Intenta restar 100
0241   1C03           00711         BTFSS   STATUS, C       ; Si hay carry, el resultado es negativo, salta
0242   2A46           00712                 GOTO    DECENAS_LOOP    ; Procede a convertir decenas si no se puede restar más centenas
0243   0AA8           00713         INCF    CENTENAS, F     ; Incrementa las centenas
0244   00A3           00714         MOVWF   AUX            ; Actualiza TEMP con el nuevo valor
0245   2A3F           00715         GOTO    CENTENAS_LOOP   ; Intenta restar 100 nuevamente
                      00716 
                      00717 ; Convertir a Decenas
0246                  00718 DECENAS_LOOP:
0246   300A           00719         MOVLW   .10             ; Valor para restar (10 decimal)
0247   0223           00720         SUBWF   AUX, W         ; Intenta restar 10
0248   1C03           00721         BTFSS   STATUS, C       ; Si hay carry, el resultado es negativo, salta
0249   2A4D           00722         GOTO    UNIDADES_LOOP   ; Procede a convertir unidades si no se puede restar más decenas
024A   0AA7           00723         INCF    DECENAS, F      ; Incrementa las decenas
024B   00A3           00724         MOVWF   AUX            ; Actualiza TEMP con el nuevo valor
024C   2A46           00725         GOTO    DECENAS_LOOP    ; Intenta restar 10 nuevamente
                      00726 
MPASM  5.51                      PROYECTO.ASM   5-20-2024  9:40:00         PAGE 15


LOC  OBJECT CODE     LINE SOURCE TEXT
  VALUE

                      00727 ; Ajuste de Unidades
024D                  00728 UNIDADES_LOOP:
024D   0823           00729         MOVF    AUX, W         ; Mueve el valor restante a W
024E   00A6           00730         MOVWF   UNIDADES        ; Almacena el valor final como unidades
                      00731 
024F   0008           00732     RETURN
                      00733 
                      00734 
                      00735 ;###########################################
                      00736 ;### RUTINAS DE RETARDO  ###################
                      00737 ;###########################################
0250                  00738 RET200
0250   3002           00739         MOVLW   0X02
0251   00A1           00740         MOVWF   VALOR1
0252                  00741 LOOP
0252   30A4           00742         MOVLW   .164
0253   00A0           00743         MOVWF   VALOR
0254                  00744 LOOP11
0254   0BA0           00745         DECFSZ  VALOR,1
0255   2A54           00746         GOTO    LOOP11
0256   0BA1           00747         DECFSZ  VALOR1,1
0257   2A52           00748         GOTO    LOOP
0258   0008           00749         RETURN
                      00750 
0259                  00751 RET100MS
0259   3003           00752         MOVLW   D'3'
025A   00A0           00753         MOVWF   VALOR
025B                  00754 TRES
025B   30FF           00755         MOVLW   0XFF
025C   00A1           00756         MOVWF   VALOR1
025D                  00757 DOS
025D   30FF           00758         MOVLW   0XFF
025E   00A2           00759         MOVWF   VALOR2
025F                  00760 UNO     
Message[305]: Using default destination of 1 (file).
025F   0BA2           00761         DECFSZ  VALOR2
0260   2A5F           00762         GOTO    UNO
Message[305]: Using default destination of 1 (file).
0261   0BA1           00763         DECFSZ  VALOR1
0262   2A5D           00764         GOTO    DOS
Message[305]: Using default destination of 1 (file).
0263   0BA0           00765         DECFSZ  VALOR
0264   2A5B           00766         GOTO    TRES
0265   0008           00767         RETURN
                      00768 
0266                  00769 RET2S
0266   301F           00770         MOVLW   0X1F
0267   00A0           00771         MOVWF   VALOR
0268                  00772 TRESA
0268   30FF           00773         MOVLW   0XFF
0269   00A1           00774         MOVWF   VALOR1
026A                  00775 DOSA
026A   30FF           00776         MOVLW   0XFF
MPASM  5.51                      PROYECTO.ASM   5-20-2024  9:40:00         PAGE 16


LOC  OBJECT CODE     LINE SOURCE TEXT
  VALUE

026B   00A2           00777         MOVWF   VALOR2
026C                  00778 UNOA    
Message[305]: Using default destination of 1 (file).
026C   0BA2           00779         DECFSZ  VALOR2
026D   2A6C           00780         GOTO    UNOA
Message[305]: Using default destination of 1 (file).
026E   0BA1           00781         DECFSZ  VALOR1
026F   2A6A           00782         GOTO    DOSA
Message[305]: Using default destination of 1 (file).
0270   0BA0           00783         DECFSZ  VALOR
0271   2A68           00784         GOTO    TRESA
0272   0008           00785         RETURN
                      00786 
                      00787         END
MPASM  5.51                      PROYECTO.ASM   5-20-2024  9:40:00         PAGE 17


SYMBOL TABLE
  LABEL                             VALUE 

ACKDT                             00000005
ACKEN                             00000004
ACKSTAT                           00000006
ADCON0                            0000001F
ADCON1                            0000009F
ADCS0                             00000006
ADCS1                             00000007
ADDEN                             00000003
ADFM                              00000007
ADIE                              00000006
ADIF                              00000006
ADON                              00000000
ADRESH                            0000001E
ADRESL                            0000009E
AUX                               00000023
BCLIE                             00000003
BCLIF                             00000003
BF                                00000000
BORRAR_DISPLAY                    0000023B
BRGH                              00000002
C                                 00000000
CCP1CON                           00000017
CCP1IE                            00000002
CCP1IF                            00000002
CCP1M0                            00000000
CCP1M1                            00000001
CCP1M2                            00000002
CCP1M3                            00000003
CCP1X                             00000005
CCP1Y                             00000004
CCP2CON                           0000001D
CCP2IE                            00000000
CCP2IF                            00000000
CCP2M0                            00000000
CCP2M1                            00000001
CCP2M2                            00000002
CCP2M3                            00000003
CCP2X                             00000005
CCP2Y                             00000004
CCPR1                             00000015
CCPR1H                            00000016
CCPR1L                            00000015
CCPR2                             0000001B
CCPR2H                            0000001C
CCPR2L                            0000001B
CENTENAS                          00000028
CENTENAS_LOOP                     0000023F
CERO                              0000002A
CHA                               000000B5
CHD                               0000006B
CHS0                              00000003
CHS1                              00000004
CHS2                              00000005
MPASM  5.51                      PROYECTO.ASM   5-20-2024  9:40:00         PAGE 18


SYMBOL TABLE
  LABEL                             VALUE 

CKE                               00000006
CKP                               00000004
COMANDO                           0000022B
COMP                              000000C4
CONF                              0000007A
CONTADOR                          00000024
CONVER                            0000023E
CONVERTIDOR                       00000059
CONVERTIDOR_TEMP                  00000062
CREN                              00000004
CSRC                              00000007
D                                 00000005
DATA_ADDRESS                      00000005
DATOS                             00000232
DC                                00000001
DECENAS                           00000027
DECENAS_LOOP                      00000246
DOS                               0000025D
DOSA                              0000026A
D_A                               00000005
D_NOT_A                           00000005
E                                 PORTC,0
EEADR                             0000010D
EEADRH                            0000010F
EECON1                            0000018C
EECON2                            0000018D
EEDATA                            0000010C
EEDATH                            0000010E
EEIE                              00000004
EEIF                              00000004
EEPGD                             00000007
ENTRADA                           00000029
ESPERA                            0000005C
ESPERA2                           00000065
F                                 00000001
FERR                              00000002
FIVE                              00000055
FLAG                              0000002A
FLAGBIN                           0000002C
FLAGDECI                          0000002E
FLAGHEX                           0000002D
FLAGMENU                          0000002B
FLAGTEMP                          0000002F
FOUR                              0000004F
FSR                               00000004
GCEN                              00000007
GIE                               00000007
GO                                00000002
GO_DONE                           00000002
GO_NOT_DONE                       00000002
H                                 00000037
HA                                00000039
HB                                0000003A
MPASM  5.51                      PROYECTO.ASM   5-20-2024  9:40:00         PAGE 19


SYMBOL TABLE
  LABEL                             VALUE 

I2C_DATA                          00000005
I2C_READ                          00000002
I2C_START                         00000003
I2C_STOP                          00000004
IBF                               00000007
IBOV                              00000005
INDEX                             00000025
INDF                              00000000
INICIA_LCD                        0000021A
INICIO                            00000005
INTCON                            0000000B
INTE                              00000004
INTEDG                            00000006
INTF                              00000001
IRP                               00000007
L                                 00000034
L1                                00000035
LETRA                             000000CF
LOOP                              00000252
LOOP1                             00000073
LOOP11                            00000254
LOOP2                             0000007D
LOOP3                             00000084
LOOP4                             0000008C
LOOP5                             00000091
LOOP6                             00000098
LOOP7                             000000A0
M                                 00000033
MAIN                              0000001C
MOSTRAR_BITS                      00000032
MSG_BIENVENIDA                    000001AE
MSG_BIN                           0000014E
MSG_DECI                          000000FF
MSG_HEXA                          00000129
MSG_JUEGO                         000001E3
MSG_NEXT                          00000193
MSG_TEMP                          000000D2
MSG_VOLT                          00000162
MULTIPLICACION                    000000A7
NEGATIVO                          000000B1
NOT_A                             00000005
NOT_ADDRESS                       00000005
NOT_BO                            00000000
NOT_BOR                           00000000
NOT_DONE                          00000002
NOT_PD                            00000003
NOT_POR                           00000001
NOT_RBPU                          00000007
NOT_RC8                           00000006
NOT_T1SYNC                        00000002
NOT_TO                            00000004
NOT_TX8                           00000006
NOT_W                             00000002
MPASM  5.51                      PROYECTO.ASM   5-20-2024  9:40:00         PAGE 20


SYMBOL TABLE
  LABEL                             VALUE 

NOT_WRITE                         00000002
NUMERO                            000000CC
OBF                               00000006
OERR                              00000001
ONE                               0000003E
OPTION_REG                        00000081
P                                 00000004
PCFG0                             00000000
PCFG1                             00000001
PCFG2                             00000002
PCFG3                             00000003
PCL                               00000002
PCLATH                            0000000A
PCON                              0000008E
PEIE                              00000006
PEN                               00000002
PIE1                              0000008C
PIE2                              0000008D
PIR1                              0000000C
PIR2                              0000000D
PORTA                             00000005
PORTB                             00000006
PORTC                             00000007
PORTD                             00000008
PORTE                             00000009
PR2                               00000092
PS0                               00000000
PS1                               00000001
PS2                               00000002
PSA                               00000003
PSPIE                             00000007
PSPIF                             00000007
PSPMODE                           00000004
R                                 00000002
RA0                               00000000
RA1                               00000001
RA2                               00000002
RA3                               00000003
RA4                               00000004
RA5                               00000005
RB0                               00000000
RB1                               00000001
RB2                               00000002
RB3                               00000003
RB4                               00000004
RB5                               00000005
RB6                               00000006
RB7                               00000007
RBIE                              00000003
RBIF                              00000000
RC0                               00000000
RC1                               00000001
RC2                               00000002
MPASM  5.51                      PROYECTO.ASM   5-20-2024  9:40:00         PAGE 21


SYMBOL TABLE
  LABEL                             VALUE 

RC3                               00000003
RC4                               00000004
RC5                               00000005
RC6                               00000006
RC7                               00000007
RC8_9                             00000006
RC9                               00000006
RCD8                              00000000
RCEN                              00000003
RCIE                              00000005
RCIF                              00000005
RCREG                             0000001A
RCSTA                             00000018
RD                                00000000
RD0                               00000000
RD1                               00000001
RD2                               00000002
RD3                               00000003
RD4                               00000004
RD5                               00000005
RD6                               00000006
RD7                               00000007
RE0                               00000000
RE1                               00000001
RE2                               00000002
READ_WRITE                        00000002
REDO                              00000013
REG                               000000CB
REGRESO1                          00000081
RESU                              00000030
RET                               00000095
RET100MS                          00000259
RET200                            00000250
RET2S                             00000266
RP0                               00000005
RP1                               00000006
RS                                PORTC,1
RSEN                              00000001
RX9                               00000006
RX9D                              00000000
R_NOT_W                           00000002
R_W                               00000002
S                                 00000003
SEN                               00000000
SMP                               00000007
SPBRG                             00000099
SPEN                              00000007
SREN                              00000005
SSPADD                            00000093
SSPBUF                            00000013
SSPCON                            00000014
SSPCON2                           00000091
SSPEN                             00000005
MPASM  5.51                      PROYECTO.ASM   5-20-2024  9:40:00         PAGE 22


SYMBOL TABLE
  LABEL                             VALUE 

SSPIE                             00000003
SSPIF                             00000003
SSPM0                             00000000
SSPM1                             00000001
SSPM2                             00000002
SSPM3                             00000003
SSPOV                             00000006
SSPSTAT                           00000094
STATUS                            00000003
SYNC                              00000004
T                                 00000032
T0CS                              00000005
T0IE                              00000005
T0IF                              00000002
T0SE                              00000004
T1CKPS0                           00000004
T1CKPS1                           00000005
T1CON                             00000010
T1INSYNC                          00000002
T1OSCEN                           00000003
T1SYNC                            00000002
T2CKPS0                           00000000
T2CKPS1                           00000001
T2CON                             00000012
TEM                               0000003C
TEMP                              0000003B
THREE                             0000004A
TMR0                              00000001
TMR0IE                            00000005
TMR0IF                            00000002
TMR1                              0000000E
TMR1CS                            00000001
TMR1H                             0000000F
TMR1IE                            00000000
TMR1IF                            00000000
TMR1L                             0000000E
TMR1ON                            00000000
TMR2                              00000011
TMR2IE                            00000001
TMR2IF                            00000001
TMR2ON                            00000002
TOUTPS0                           00000003
TOUTPS1                           00000004
TOUTPS2                           00000005
TOUTPS3                           00000006
TRES                              0000025B
TRESA                             00000268
TRISA                             00000085
TRISA0                            00000000
TRISA1                            00000001
TRISA2                            00000002
TRISA3                            00000003
TRISA4                            00000004
MPASM  5.51                      PROYECTO.ASM   5-20-2024  9:40:00         PAGE 23


SYMBOL TABLE
  LABEL                             VALUE 

TRISA5                            00000005
TRISB                             00000086
TRISB0                            00000000
TRISB1                            00000001
TRISB2                            00000002
TRISB3                            00000003
TRISB4                            00000004
TRISB5                            00000005
TRISB6                            00000006
TRISB7                            00000007
TRISC                             00000087
TRISC0                            00000000
TRISC1                            00000001
TRISC2                            00000002
TRISC3                            00000003
TRISC4                            00000004
TRISC5                            00000005
TRISC6                            00000006
TRISC7                            00000007
TRISD                             00000088
TRISD0                            00000000
TRISD1                            00000001
TRISD2                            00000002
TRISD3                            00000003
TRISD4                            00000004
TRISD5                            00000005
TRISD6                            00000006
TRISD7                            00000007
TRISE                             00000089
TRISE0                            00000000
TRISE1                            00000001
TRISE2                            00000002
TRMT                              00000001
TWO                               00000045
TX8_9                             00000006
TX9                               00000006
TX9D                              00000000
TXD8                              00000000
TXEN                              00000005
TXIE                              00000004
TXIF                              00000004
TXREG                             00000019
TXSTA                             00000098
U                                 00000031
UA                                00000001
UNIDADES                          00000026
UNIDADES_LOOP                     0000024D
UNO                               0000025F
UNOA                              0000026C
VALOR                             00000020
VALOR1                            00000021
VALOR2                            00000022
W                                 00000000
MPASM  5.51                      PROYECTO.ASM   5-20-2024  9:40:00         PAGE 24


SYMBOL TABLE
  LABEL                             VALUE 

WCOL                              00000007
WR                                00000001
WREN                              00000002
WRERR                             00000003
X                                 00000038
Z                                 00000002
ZA                                00000036
_BODEN_OFF                        00003FBF
_BODEN_ON                         00003FFF
_BOREN_OFF                        00003FBF
_BOREN_ON                         00003FFF
_CONFIG                           00002007
_CPD_OFF                          00003FFF
_CPD_ON                           00003EFF
_CP_ALL                           00000FCF
_CP_HALF                          00001FDF
_CP_OFF                           00003FFF
_CP_UPPER_256                     00002FEF
_DEBUG_OFF                        00003FFF
_DEBUG_ON                         000037FF
_DEVID1                           00002006
_FOSC_EXTRC                       00003FFF
_FOSC_HS                          00003FFE
_FOSC_LP                          00003FFC
_FOSC_XT                          00003FFD
_HS_OSC                           00003FFE
_IDLOC0                           00002000
_IDLOC1                           00002001
_IDLOC2                           00002002
_IDLOC3                           00002003
_LP_OSC                           00003FFC
_LVP_OFF                          00003F7F
_LVP_ON                           00003FFF
_PWRTE_OFF                        00003FFF
_PWRTE_ON                         00003FF7
_RC_OSC                           00003FFF
_WDTE_OFF                         00003FFB
_WDTE_ON                          00003FFF
_WDT_OFF                          00003FFB
_WDT_ON                           00003FFF
_WRT_ENABLE_OFF                   00003DFF
_WRT_ENABLE_ON                    00003FFF
_WRT_OFF                          00003DFF
_WRT_ON                           00003FFF
_XT_OSC                           00003FFD
__16F877A                         00000001
MPASM  5.51                      PROYECTO.ASM   5-20-2024  9:40:00         PAGE 25


MEMORY USAGE MAP ('X' = Used,  '-' = Unused)


0000 : X----XXXXXXXXXXX XXXXXXXXXXXXXXXX XXXXXXXXXXXXXXXX XXXXXXXXXXXXXXXX
0040 : XXXXXXXXXXXXXXXX XXXXXXXXXXXXXXXX XXXXXXXXXXXXXXXX XXXXXXXXXXXXXXXX
0080 : XXXXXXXXXXXXXXXX XXXXXXXXXXXXXXXX XXXXXXXXXXXXXXXX XXXXXXXXXXXXXXXX
00C0 : XXXXXXXXXXXXXXXX XXXXXXXXXXXXXXXX XXXXXXXXXXXXXXXX XXXXXXXXXXXXXXXX
0100 : XXXXXXXXXXXXXXXX XXXXXXXXXXXXXXXX XXXXXXXXXXXXXXXX XXXXXXXXXXXXXXXX
0140 : XXXXXXXXXXXXXXXX XXXXXXXXXXXXXXXX XXXXXXXXXXXXXXXX XXXXXXXXXXXXXXXX
0180 : XXXXXXXXXXXXXXXX XXXXXXXXXXXXXXXX XXXXXXXXXXXXXXXX XXXXXXXXXXXXXXXX
01C0 : XXXXXXXXXXXXXXXX XXXXXXXXXXXXXXXX XXXXXXXXXXXXXXXX XXXXXXXXXXXXXXXX
0200 : XXXXXXXXXXXXXXXX XXXXXXXXXXXXXXXX XXXXXXXXXXXXXXXX XXXXXXXXXXXXXXXX
0240 : XXXXXXXXXXXXXXXX XXXXXXXXXXXXXXXX XXXXXXXXXXXXXXXX XXX-------------

All other memory blocks unused.

Program Memory Words Used:   623
Program Memory Words Free:  7569


Errors   :     0
Warnings :     0 reported,     0 suppressed
Messages :    11 reported,     0 suppressed

