MPLINK 4.49, Linker
Linker Map File - Created Mon Feb 19 12:36:59 2024

                                 Section Info
                  Section       Type    Address   Location Size(Bytes)
                ---------  ---------  ---------  ---------  ---------
                   .org_0       code   0x000000    program   0x000000
                   .org_1       code   0x000000    program   0x000002
                   .org_2       code   0x000005    program   0x000028



                              Program Memory Usage 
                               Start         End      
                           ---------   ---------      
                            0x000000    0x000000      
                            0x000005    0x000018      
            21 out of 8454 program addresses used, program memory utilization is 0%



                              Symbols - Sorted by Name
                     Name    Address   Location    Storage File                     
                ---------  ---------  ---------  --------- ---------                
               ES_IGUAL_2   0x000016    program     static C:\Users\USER\Desktop\FI UNAM\MICROCOMPUTADORAS\Práctica01\Ejercicio5.asm
                   INICIO   0x000005    program     static C:\Users\USER\Desktop\FI UNAM\MICROCOMPUTADORAS\Práctica01\Ejercicio5.asm
              NO_ES_IGUAL   0x000014    program     static C:\Users\USER\Desktop\FI UNAM\MICROCOMPUTADORAS\Práctica01\Ejercicio5.asm
            NO_ES_IGUAL_2   0x000015    program     static C:\Users\USER\Desktop\FI UNAM\MICROCOMPUTADORAS\Práctica01\Ejercicio5.asm
                   SALTO1   0x000007    program     static C:\Users\USER\Desktop\FI UNAM\MICROCOMPUTADORAS\Práctica01\Ejercicio5.asm
                   SALTO2   0x00000e    program     static C:\Users\USER\Desktop\FI UNAM\MICROCOMPUTADORAS\Práctica01\Ejercicio5.asm
              SI_ES_IGUAL   0x00000c    program     static C:\Users\USER\Desktop\FI UNAM\MICROCOMPUTADORAS\Práctica01\Ejercicio5.asm



                              Symbols - Sorted by Address
                     Name    Address   Location    Storage File                     
                ---------  ---------  ---------  --------- ---------                
                   INICIO   0x000005    program     static C:\Users\USER\Desktop\FI UNAM\MICROCOMPUTADORAS\Práctica01\Ejercicio5.asm
                   SALTO1   0x000007    program     static C:\Users\USER\Desktop\FI UNAM\MICROCOMPUTADORAS\Práctica01\Ejercicio5.asm
              SI_ES_IGUAL   0x00000c    program     static C:\Users\USER\Desktop\FI UNAM\MICROCOMPUTADORAS\Práctica01\Ejercicio5.asm
                   SALTO2   0x00000e    program     static C:\Users\USER\Desktop\FI UNAM\MICROCOMPUTADORAS\Práctica01\Ejercicio5.asm
              NO_ES_IGUAL   0x000014    program     static C:\Users\USER\Desktop\FI UNAM\MICROCOMPUTADORAS\Práctica01\Ejercicio5.asm
            NO_ES_IGUAL_2   0x000015    program     static C:\Users\USER\Desktop\FI UNAM\MICROCOMPUTADORAS\Práctica01\Ejercicio5.asm
               ES_IGUAL_2   0x000016    program     static C:\Users\USER\Desktop\FI UNAM\MICROCOMPUTADORAS\Práctica01\Ejercicio5.asm


