CCS PCM C Compiler, Version 5.015, 5967               03-jun.-24 10:12

               Filename:   C:\Users\Alexis\Documents\GitHub\PIC16F877A\Proyectos\ProyectoFinalTeoria\main.lst

               ROM used:   3108 words (38%)
                           Largest free fragment is 2048
               RAM used:   36 (10%) at main() level
                           73 (20%) worst case
               Stack used: 7 locations
               Stack size: 8

*
0000:  MOVLW  0B
0001:  MOVWF  0A
0002:  GOTO   3F2
0003:  NOP
.................... #include <16f877a.h> 
.................... //////////// Standard Header file for the PIC16F877A device //////////////// 
.................... /////////////////////////////////////////////////////////////////////////// 
.................... ////        (C) Copyright 1996, 2013 Custom Computer Services          //// 
.................... //// This source code may only be used by licensed users of the CCS C  //// 
.................... //// compiler.  This source code may only be distributed to other      //// 
.................... //// licensed users of the CCS C compiler.  No other use, reproduction //// 
.................... //// or distribution is permitted without written permission.          //// 
.................... //// Derivative programs created using this software in object code    //// 
.................... //// form are not restricted in any way.                               //// 
.................... /////////////////////////////////////////////////////////////////////////// 
.................... #device PIC16F877A 
0004:  BCF    0A.0
0005:  BCF    0A.1
0006:  BCF    0A.2
0007:  ADDWF  02,F
0008:  RETLW  28
0009:  RETLW  0C
000A:  RETLW  01
000B:  RETLW  06
000C:  DATA 0C,00
000D:  DATA D4,32
000E:  DATA 6D,38
000F:  DATA 3A,10
0010:  DATA 25,18
0011:  DATA 2E,19
0012:  DATA 66,10
0013:  DATA 43,00
0014:  DATA 45,37
0015:  DATA E3,32
0016:  DATA 6E,32
0017:  DATA E9,32
0018:  DATA 6E,32
0019:  DATA 6F,10
001A:  DATA F6,32
001B:  DATA 6E,3A
001C:  DATA 69,36
001D:  DATA 61,32
001E:  DATA 6F,39
001F:  DATA 00,00
0020:  DATA 41,38
0021:  DATA E1,33
0022:  DATA 61,37
0023:  DATA E4,37
0024:  DATA 20,2B
0025:  DATA 65,37
0026:  DATA F4,34
0027:  DATA EC,30
0028:  DATA E4,37
0029:  DATA 72,00
002A:  DATA CC,3A
002B:  DATA 7A,1D
002C:  DATA 20,10
002D:  DATA A5,19
002E:  DATA F5,12
002F:  DATA 25,10
0030:  DATA 80,2A
0031:  DATA 45,37
0032:  DATA E3,32
0033:  DATA 6E,32
0034:  DATA E9,32
0035:  DATA 6E,32
0036:  DATA 6F,10
0037:  DATA EC,30
0038:  DATA 6D,38
0039:  DATA 61,39
003A:  DATA 61,00
003B:  DATA 41,38
003C:  DATA E1,33
003D:  DATA 61,37
003E:  DATA E4,37
003F:  DATA 20,36
0040:  DATA E1,36
0041:  DATA F0,30
0042:  DATA F2,30
0043:  DATA 00,00
0044:  DATA C8,3A
0045:  DATA 6D,10
0046:  DATA 3D,10
0047:  DATA 25,18
0048:  DATA AE,18
0049:  DATA E6,12
004A:  DATA A5,06
004B:  DATA 0D,00
004C:  DATA D4,32
004D:  DATA 6D,10
004E:  DATA 3D,10
004F:  DATA 25,18
0050:  DATA AE,18
0051:  DATA E6,21
0052:  DATA 0D,05
0053:  DATA 0D,05
0054:  DATA 00,01
0055:  DATA CE,37
0056:  DATA A0,31
0057:  DATA 6F,37
0058:  DATA E5,31
0059:  DATA F4,30
005A:  DATA E4,37
005B:  DATA 00,00
005C:  DATA 46,17
005D:  DATA 49,17
005E:  DATA A0,2A
005F:  DATA CE,20
0060:  DATA 4D,00
0061:  DATA 41,36
0062:  DATA 65,3C
0063:  DATA E9,39
0064:  DATA A0,29
0065:  DATA 61,37
0066:  DATA 63,34
0067:  DATA 65,3D
0068:  DATA 00,00
*
01C8:  MOVF   0B,W
01C9:  MOVWF  46
01CA:  BCF    0B.7
01CB:  BSF    03.5
01CC:  BSF    03.6
01CD:  BSF    0C.7
01CE:  BSF    0C.0
01CF:  NOP
01D0:  NOP
01D1:  BCF    03.5
01D2:  BCF    03.6
01D3:  BTFSC  46.7
01D4:  BSF    0B.7
01D5:  BSF    03.6
01D6:  MOVF   0C,W
01D7:  ANDLW  7F
01D8:  BTFSC  03.2
01D9:  GOTO   21C
01DA:  BCF    03.6
01DB:  MOVWF  46
01DC:  BSF    03.6
01DD:  MOVF   0D,W
01DE:  BCF    03.6
01DF:  MOVWF  47
01E0:  BSF    03.6
01E1:  MOVF   0F,W
01E2:  BCF    03.6
01E3:  MOVWF  48
01E4:  MOVF   46,W
01E5:  MOVWF  53
01E6:  CALL   1A4
01E7:  MOVF   47,W
01E8:  BSF    03.6
01E9:  MOVWF  0D
01EA:  BCF    03.6
01EB:  MOVF   48,W
01EC:  BSF    03.6
01ED:  MOVWF  0F
01EE:  BCF    03.6
01EF:  MOVF   0B,W
01F0:  MOVWF  49
01F1:  BCF    0B.7
01F2:  BSF    03.5
01F3:  BSF    03.6
01F4:  BSF    0C.7
01F5:  BSF    0C.0
01F6:  NOP
01F7:  NOP
01F8:  BCF    03.5
01F9:  BCF    03.6
01FA:  BTFSC  49.7
01FB:  BSF    0B.7
01FC:  BSF    03.6
01FD:  RLF    0C,W
01FE:  RLF    0E,W
01FF:  ANDLW  7F
0200:  BTFSC  03.2
0201:  GOTO   21C
0202:  BCF    03.6
0203:  MOVWF  46
0204:  BSF    03.6
0205:  MOVF   0D,W
0206:  BCF    03.6
0207:  MOVWF  47
0208:  BSF    03.6
0209:  MOVF   0F,W
020A:  BCF    03.6
020B:  MOVWF  48
020C:  MOVF   46,W
020D:  MOVWF  53
020E:  CALL   1A4
020F:  MOVF   47,W
0210:  BSF    03.6
0211:  MOVWF  0D
0212:  BCF    03.6
0213:  MOVF   48,W
0214:  BSF    03.6
0215:  MOVWF  0F
0216:  INCF   0D,F
0217:  BTFSC  03.2
0218:  INCF   0F,F
0219:  BCF    03.6
021A:  GOTO   1C8
021B:  BSF    03.6
021C:  BCF    03.6
021D:  RETURN
021E:  MOVLW  8E
021F:  MOVWF  77
0220:  MOVF   57,W
0221:  MOVWF  78
0222:  MOVF   56,W
0223:  MOVWF  79
0224:  CLRF   7A
0225:  MOVF   78,F
0226:  BTFSS  03.2
0227:  GOTO   232
0228:  MOVF   79,W
0229:  MOVWF  78
022A:  CLRF   79
022B:  MOVLW  08
022C:  SUBWF  77,F
022D:  MOVF   78,F
022E:  BTFSS  03.2
022F:  GOTO   232
0230:  CLRF   77
0231:  GOTO   23A
0232:  BCF    03.0
0233:  BTFSC  78.7
0234:  GOTO   239
0235:  RLF    79,F
0236:  RLF    78,F
0237:  DECF   77,F
0238:  GOTO   232
0239:  BCF    78.7
023A:  RETURN
023B:  MOVF   53,W
023C:  BTFSC  03.2
023D:  GOTO   2AB
023E:  MOVWF  5B
023F:  MOVF   57,W
0240:  BTFSC  03.2
0241:  GOTO   2AB
0242:  ADDWF  5B,F
0243:  BTFSC  03.0
0244:  GOTO   24C
0245:  MOVLW  7F
0246:  SUBWF  5B,F
0247:  BTFSS  03.0
0248:  GOTO   2AB
0249:  BTFSC  03.2
024A:  GOTO   2AB
024B:  GOTO   250
024C:  MOVLW  81
024D:  ADDWF  5B,F
024E:  BTFSC  03.0
024F:  GOTO   2AB
0250:  MOVF   5B,W
0251:  MOVWF  77
0252:  CLRF   78
0253:  CLRF   79
0254:  CLRF   7A
0255:  MOVF   54,W
0256:  MOVWF  5F
0257:  BSF    5F.7
0258:  MOVF   55,W
0259:  MOVWF  5E
025A:  MOVF   56,W
025B:  MOVWF  5D
025C:  MOVLW  18
025D:  MOVWF  5B
025E:  CLRF   5C
025F:  BTFSS  5D.0
0260:  GOTO   279
0261:  MOVF   5A,W
0262:  ADDWF  7A,F
0263:  BTFSS  03.0
0264:  GOTO   26B
0265:  INCF   79,F
0266:  BTFSS  03.2
0267:  GOTO   26B
0268:  INCF   78,F
0269:  BTFSC  03.2
026A:  BSF    5C.7
026B:  MOVF   59,W
026C:  ADDWF  79,F
026D:  BTFSS  03.0
026E:  GOTO   272
026F:  INCF   78,F
0270:  BTFSC  03.2
0271:  BSF    5C.7
0272:  MOVF   58,W
0273:  MOVWF  55
0274:  BSF    55.7
0275:  MOVF   55,W
0276:  ADDWF  78,F
0277:  BTFSC  03.0
0278:  BSF    5C.7
0279:  RLF    5C,F
027A:  RRF    78,F
027B:  RRF    79,F
027C:  RRF    7A,F
027D:  RRF    5F,F
027E:  RRF    5E,F
027F:  RRF    5D,F
0280:  BCF    03.0
0281:  DECFSZ 5B,F
0282:  GOTO   25E
0283:  MOVLW  01
0284:  ADDWF  77,F
0285:  BTFSC  03.0
0286:  GOTO   2AB
0287:  BTFSC  78.7
0288:  GOTO   290
0289:  RLF    5F,F
028A:  RLF    7A,F
028B:  RLF    79,F
028C:  RLF    78,F
028D:  DECF   77,F
028E:  BTFSC  03.2
028F:  GOTO   2AB
0290:  BTFSS  5F.7
0291:  GOTO   2A1
0292:  INCF   7A,F
0293:  BTFSS  03.2
0294:  GOTO   2A1
0295:  INCF   79,F
0296:  BTFSS  03.2
0297:  GOTO   2A1
0298:  INCF   78,F
0299:  BTFSS  03.2
029A:  GOTO   2A1
029B:  RRF    78,F
029C:  RRF    79,F
029D:  RRF    7A,F
029E:  INCF   77,F
029F:  BTFSC  03.2
02A0:  GOTO   2AB
02A1:  MOVF   54,W
02A2:  MOVWF  5C
02A3:  MOVF   58,W
02A4:  XORWF  5C,F
02A5:  BTFSS  5C.7
02A6:  GOTO   2A9
02A7:  BSF    78.7
02A8:  GOTO   2AF
02A9:  BCF    78.7
02AA:  GOTO   2AF
02AB:  CLRF   77
02AC:  CLRF   78
02AD:  CLRF   79
02AE:  CLRF   7A
02AF:  RETURN
02B0:  MOVF   53,W
02B1:  SUBLW  B6
02B2:  MOVWF  53
02B3:  CLRF   7A
02B4:  MOVF   54,W
02B5:  MOVWF  57
02B6:  BSF    54.7
02B7:  BCF    03.0
02B8:  RRF    54,F
02B9:  RRF    55,F
02BA:  RRF    56,F
02BB:  RRF    7A,F
02BC:  RRF    79,F
02BD:  RRF    78,F
02BE:  RRF    77,F
02BF:  DECFSZ 53,F
02C0:  GOTO   2B7
02C1:  BTFSS  57.7
02C2:  GOTO   2CE
02C3:  COMF   77,F
02C4:  COMF   78,F
02C5:  COMF   79,F
02C6:  COMF   7A,F
02C7:  INCF   77,F
02C8:  BTFSC  03.2
02C9:  INCF   78,F
02CA:  BTFSC  03.2
02CB:  INCF   79,F
02CC:  BTFSC  03.2
02CD:  INCF   7A,F
02CE:  RETURN
02CF:  BTFSC  03.1
02D0:  GOTO   2D4
02D1:  MOVLW  5B
02D2:  MOVWF  04
02D3:  BCF    03.7
02D4:  CLRF   77
02D5:  CLRF   78
02D6:  CLRF   79
02D7:  CLRF   7A
02D8:  CLRF   5B
02D9:  CLRF   5C
02DA:  CLRF   5D
02DB:  CLRF   5E
02DC:  MOVF   5A,W
02DD:  IORWF  59,W
02DE:  IORWF  58,W
02DF:  IORWF  57,W
02E0:  BTFSC  03.2
02E1:  GOTO   312
02E2:  MOVLW  20
02E3:  MOVWF  5F
02E4:  BCF    03.0
02E5:  RLF    53,F
02E6:  RLF    54,F
02E7:  RLF    55,F
02E8:  RLF    56,F
02E9:  RLF    5B,F
02EA:  RLF    5C,F
02EB:  RLF    5D,F
02EC:  RLF    5E,F
02ED:  MOVF   5A,W
02EE:  SUBWF  5E,W
02EF:  BTFSS  03.2
02F0:  GOTO   2FB
02F1:  MOVF   59,W
02F2:  SUBWF  5D,W
02F3:  BTFSS  03.2
02F4:  GOTO   2FB
02F5:  MOVF   58,W
02F6:  SUBWF  5C,W
02F7:  BTFSS  03.2
02F8:  GOTO   2FB
02F9:  MOVF   57,W
02FA:  SUBWF  5B,W
02FB:  BTFSS  03.0
02FC:  GOTO   30C
02FD:  MOVF   57,W
02FE:  SUBWF  5B,F
02FF:  MOVF   58,W
0300:  BTFSS  03.0
0301:  INCFSZ 58,W
0302:  SUBWF  5C,F
0303:  MOVF   59,W
0304:  BTFSS  03.0
0305:  INCFSZ 59,W
0306:  SUBWF  5D,F
0307:  MOVF   5A,W
0308:  BTFSS  03.0
0309:  INCFSZ 5A,W
030A:  SUBWF  5E,F
030B:  BSF    03.0
030C:  RLF    77,F
030D:  RLF    78,F
030E:  RLF    79,F
030F:  RLF    7A,F
0310:  DECFSZ 5F,F
0311:  GOTO   2E4
0312:  MOVF   5B,W
0313:  MOVWF  00
0314:  INCF   04,F
0315:  MOVF   5C,W
0316:  MOVWF  00
0317:  INCF   04,F
0318:  MOVF   5D,W
0319:  MOVWF  00
031A:  INCF   04,F
031B:  MOVF   5E,W
031C:  MOVWF  00
031D:  RETURN
031E:  MOVF   04,W
031F:  MOVWF  4B
0320:  MOVF   4A,W
0321:  MOVWF  4D
0322:  BTFSC  03.2
0323:  GOTO   33D
0324:  MOVF   49,W
0325:  MOVWF  56
0326:  MOVF   48,W
0327:  MOVWF  55
0328:  MOVF   47,W
0329:  MOVWF  54
032A:  MOVF   46,W
032B:  MOVWF  53
032C:  CLRF   5A
032D:  CLRF   59
032E:  MOVLW  20
032F:  MOVWF  58
0330:  MOVLW  82
0331:  MOVWF  57
0332:  CALL   23B
0333:  MOVF   7A,W
0334:  MOVWF  49
0335:  MOVF   79,W
0336:  MOVWF  48
0337:  MOVF   78,W
0338:  MOVWF  47
0339:  MOVF   77,W
033A:  MOVWF  46
033B:  DECFSZ 4D,F
033C:  GOTO   324
033D:  MOVF   49,W
033E:  MOVWF  56
033F:  MOVF   48,W
0340:  MOVWF  55
0341:  MOVF   47,W
0342:  MOVWF  54
0343:  MOVF   46,W
0344:  MOVWF  53
0345:  CALL   2B0
0346:  MOVF   7A,W
0347:  MOVWF  49
0348:  MOVF   79,W
0349:  MOVWF  48
034A:  MOVF   78,W
034B:  MOVWF  47
034C:  MOVF   77,W
034D:  MOVWF  46
034E:  BTFSS  49.7
034F:  GOTO   35D
0350:  DECF   4B,F
0351:  BSF    4B.5
0352:  COMF   46,F
0353:  COMF   47,F
0354:  COMF   48,F
0355:  COMF   49,F
0356:  INCF   46,F
0357:  BTFSC  03.2
0358:  INCF   47,F
0359:  BTFSC  03.2
035A:  INCF   48,F
035B:  BTFSC  03.2
035C:  INCF   49,F
035D:  MOVLW  3B
035E:  MOVWF  52
035F:  MOVLW  9A
0360:  MOVWF  51
0361:  MOVLW  CA
0362:  MOVWF  50
0363:  CLRF   4F
0364:  MOVLW  0A
0365:  MOVWF  4D
0366:  MOVF   4A,W
0367:  BTFSC  03.2
0368:  INCF   4B,F
0369:  BSF    03.1
036A:  MOVLW  46
036B:  MOVWF  04
036C:  BCF    03.7
036D:  MOVF   49,W
036E:  MOVWF  56
036F:  MOVF   48,W
0370:  MOVWF  55
0371:  MOVF   47,W
0372:  MOVWF  54
0373:  MOVF   46,W
0374:  MOVWF  53
0375:  MOVF   52,W
0376:  MOVWF  5A
0377:  MOVF   51,W
0378:  MOVWF  59
0379:  MOVF   50,W
037A:  MOVWF  58
037B:  MOVF   4F,W
037C:  MOVWF  57
037D:  CALL   2CF
037E:  MOVF   78,W
037F:  MOVF   77,F
0380:  BTFSS  03.2
0381:  GOTO   395
0382:  INCF   4A,W
0383:  SUBWF  4D,W
0384:  BTFSC  03.2
0385:  GOTO   395
0386:  MOVF   4B,W
0387:  BTFSC  03.2
0388:  GOTO   397
0389:  ANDLW  0F
038A:  SUBWF  4D,W
038B:  BTFSC  03.2
038C:  GOTO   38F
038D:  BTFSC  03.0
038E:  GOTO   3CB
038F:  BTFSC  4B.7
0390:  GOTO   3CB
0391:  BTFSC  4B.6
0392:  GOTO   397
0393:  MOVLW  20
0394:  GOTO   3C6
0395:  MOVLW  20
0396:  ANDWF  4B,F
0397:  BTFSS  4B.5
0398:  GOTO   3A6
0399:  BCF    4B.5
039A:  MOVF   4A,W
039B:  BTFSS  03.2
039C:  DECF   4B,F
039D:  MOVF   77,W
039E:  MOVWF  4B
039F:  MOVLW  2D
03A0:  BTFSS  0C.4
03A1:  GOTO   3A0
03A2:  MOVWF  19
03A3:  MOVF   4B,W
03A4:  MOVWF  77
03A5:  CLRF   4B
03A6:  MOVF   4A,W
03A7:  SUBWF  4D,W
03A8:  BTFSS  03.2
03A9:  GOTO   3B5
03AA:  MOVF   77,W
03AB:  MOVWF  4B
03AC:  MOVLW  2E
03AD:  BTFSS  0C.4
03AE:  GOTO   3AD
03AF:  MOVWF  19
03B0:  MOVF   4B,W
03B1:  MOVWF  77
03B2:  MOVLW  20
03B3:  ANDWF  4B,F
03B4:  MOVLW  00
03B5:  MOVLW  30
03B6:  BTFSS  4B.5
03B7:  GOTO   3C6
03B8:  BCF    4B.5
03B9:  MOVF   4A,W
03BA:  BTFSS  03.2
03BB:  DECF   4B,F
03BC:  MOVF   77,W
03BD:  MOVWF  4B
03BE:  MOVLW  2D
03BF:  BTFSS  0C.4
03C0:  GOTO   3BF
03C1:  MOVWF  19
03C2:  MOVF   4B,W
03C3:  MOVWF  77
03C4:  CLRF   4B
03C5:  MOVLW  30
03C6:  ADDWF  77,F
03C7:  MOVF   77,W
03C8:  BTFSS  0C.4
03C9:  GOTO   3C8
03CA:  MOVWF  19
03CB:  BCF    03.1
03CC:  MOVF   52,W
03CD:  MOVWF  56
03CE:  MOVF   51,W
03CF:  MOVWF  55
03D0:  MOVF   50,W
03D1:  MOVWF  54
03D2:  MOVF   4F,W
03D3:  MOVWF  53
03D4:  CLRF   5A
03D5:  CLRF   59
03D6:  CLRF   58
03D7:  MOVLW  0A
03D8:  MOVWF  57
03D9:  CALL   2CF
03DA:  MOVF   7A,W
03DB:  MOVWF  52
03DC:  MOVF   79,W
03DD:  MOVWF  51
03DE:  MOVF   78,W
03DF:  MOVWF  50
03E0:  MOVF   77,W
03E1:  MOVWF  4F
03E2:  DECFSZ 4D,F
03E3:  GOTO   369
03E4:  BCF    0A.3
03E5:  BCF    0A.4
03E6:  GOTO   5C0 (RETURN)
03E7:  MOVF   0B,W
03E8:  MOVWF  47
03E9:  BCF    0B.7
03EA:  BSF    03.5
03EB:  BSF    03.6
03EC:  BSF    0C.7
03ED:  BSF    0C.0
03EE:  NOP
03EF:  NOP
03F0:  BCF    03.5
03F1:  BCF    03.6
03F2:  BTFSC  47.7
03F3:  BSF    0B.7
03F4:  BTFSC  03.0
03F5:  GOTO   41E
03F6:  BSF    03.6
03F7:  MOVF   0C,W
03F8:  ANDLW  7F
03F9:  BCF    03.6
03FA:  MOVWF  47
03FB:  BSF    03.6
03FC:  MOVF   0D,W
03FD:  BCF    03.6
03FE:  MOVWF  48
03FF:  BSF    03.6
0400:  MOVF   0F,W
0401:  BCF    03.6
0402:  MOVWF  49
0403:  MOVF   47,W
0404:  MOVWF  53
0405:  CALL   1A4
0406:  MOVF   48,W
0407:  BSF    03.6
0408:  MOVWF  0D
0409:  BCF    03.6
040A:  MOVF   49,W
040B:  BSF    03.6
040C:  MOVWF  0F
040D:  BCF    03.6
040E:  MOVF   0B,W
040F:  MOVWF  4A
0410:  BCF    0B.7
0411:  BSF    03.5
0412:  BSF    03.6
0413:  BSF    0C.7
0414:  BSF    0C.0
0415:  NOP
0416:  NOP
0417:  BCF    03.5
0418:  BCF    03.6
0419:  BTFSC  4A.7
041A:  BSF    0B.7
041B:  DECFSZ 46,F
041C:  GOTO   41E
041D:  GOTO   43D
041E:  BSF    03.6
041F:  RLF    0C,W
0420:  RLF    0E,W
0421:  ANDLW  7F
0422:  BCF    03.6
0423:  MOVWF  47
0424:  BSF    03.6
0425:  MOVF   0D,W
0426:  BCF    03.6
0427:  MOVWF  48
0428:  BSF    03.6
0429:  MOVF   0F,W
042A:  BCF    03.6
042B:  MOVWF  49
042C:  MOVF   47,W
042D:  MOVWF  53
042E:  CALL   1A4
042F:  MOVF   48,W
0430:  BSF    03.6
0431:  MOVWF  0D
0432:  BCF    03.6
0433:  MOVF   49,W
0434:  BSF    03.6
0435:  MOVWF  0F
0436:  INCF   0D,F
0437:  BTFSC  03.2
0438:  INCF   0F,F
0439:  BCF    03.0
043A:  BCF    03.6
043B:  DECFSZ 46,F
043C:  GOTO   3E7
043D:  RETURN
043E:  MOVF   04,W
043F:  MOVWF  4B
0440:  MOVF   4A,W
0441:  MOVWF  4D
0442:  BTFSC  03.2
0443:  GOTO   45D
0444:  MOVF   49,W
0445:  MOVWF  56
0446:  MOVF   48,W
0447:  MOVWF  55
0448:  MOVF   47,W
0449:  MOVWF  54
044A:  MOVF   46,W
044B:  MOVWF  53
044C:  CLRF   5A
044D:  CLRF   59
044E:  MOVLW  20
044F:  MOVWF  58
0450:  MOVLW  82
0451:  MOVWF  57
0452:  CALL   23B
0453:  MOVF   7A,W
0454:  MOVWF  49
0455:  MOVF   79,W
0456:  MOVWF  48
0457:  MOVF   78,W
0458:  MOVWF  47
0459:  MOVF   77,W
045A:  MOVWF  46
045B:  DECFSZ 4D,F
045C:  GOTO   444
045D:  MOVF   49,W
045E:  MOVWF  56
045F:  MOVF   48,W
0460:  MOVWF  55
0461:  MOVF   47,W
0462:  MOVWF  54
0463:  MOVF   46,W
0464:  MOVWF  53
0465:  CALL   2B0
0466:  MOVF   7A,W
0467:  MOVWF  49
0468:  MOVF   79,W
0469:  MOVWF  48
046A:  MOVF   78,W
046B:  MOVWF  47
046C:  MOVF   77,W
046D:  MOVWF  46
046E:  BTFSS  49.7
046F:  GOTO   47D
0470:  DECF   4B,F
0471:  BSF    4B.5
0472:  COMF   46,F
0473:  COMF   47,F
0474:  COMF   48,F
0475:  COMF   49,F
0476:  INCF   46,F
0477:  BTFSC  03.2
0478:  INCF   47,F
0479:  BTFSC  03.2
047A:  INCF   48,F
047B:  BTFSC  03.2
047C:  INCF   49,F
047D:  MOVLW  3B
047E:  MOVWF  52
047F:  MOVLW  9A
0480:  MOVWF  51
0481:  MOVLW  CA
0482:  MOVWF  50
0483:  CLRF   4F
0484:  MOVLW  0A
0485:  MOVWF  4D
0486:  MOVF   4A,W
0487:  BTFSC  03.2
0488:  INCF   4B,F
0489:  BSF    03.1
048A:  MOVLW  46
048B:  MOVWF  04
048C:  BCF    03.7
048D:  MOVF   49,W
048E:  MOVWF  56
048F:  MOVF   48,W
0490:  MOVWF  55
0491:  MOVF   47,W
0492:  MOVWF  54
0493:  MOVF   46,W
0494:  MOVWF  53
0495:  MOVF   52,W
0496:  MOVWF  5A
0497:  MOVF   51,W
0498:  MOVWF  59
0499:  MOVF   50,W
049A:  MOVWF  58
049B:  MOVF   4F,W
049C:  MOVWF  57
049D:  CALL   2CF
049E:  MOVF   78,W
049F:  MOVF   77,F
04A0:  BTFSS  03.2
04A1:  GOTO   4B5
04A2:  INCF   4A,W
04A3:  SUBWF  4D,W
04A4:  BTFSC  03.2
04A5:  GOTO   4B5
04A6:  MOVF   4B,W
04A7:  BTFSC  03.2
04A8:  GOTO   4B7
04A9:  ANDLW  0F
04AA:  SUBWF  4D,W
04AB:  BTFSC  03.2
04AC:  GOTO   4AF
04AD:  BTFSC  03.0
04AE:  GOTO   4E7
04AF:  BTFSC  4B.7
04B0:  GOTO   4E7
04B1:  BTFSC  4B.6
04B2:  GOTO   4B7
04B3:  MOVLW  20
04B4:  GOTO   4E3
04B5:  MOVLW  20
04B6:  ANDWF  4B,F
04B7:  BTFSS  4B.5
04B8:  GOTO   4C5
04B9:  BCF    4B.5
04BA:  MOVF   4A,W
04BB:  BTFSS  03.2
04BC:  DECF   4B,F
04BD:  MOVF   77,W
04BE:  MOVWF  4B
04BF:  MOVLW  2D
04C0:  MOVWF  53
04C1:  CALL   1A4
04C2:  MOVF   4B,W
04C3:  MOVWF  77
04C4:  CLRF   4B
04C5:  MOVF   4A,W
04C6:  SUBWF  4D,W
04C7:  BTFSS  03.2
04C8:  GOTO   4D3
04C9:  MOVF   77,W
04CA:  MOVWF  4B
04CB:  MOVLW  2E
04CC:  MOVWF  53
04CD:  CALL   1A4
04CE:  MOVF   4B,W
04CF:  MOVWF  77
04D0:  MOVLW  20
04D1:  ANDWF  4B,F
04D2:  MOVLW  00
04D3:  MOVLW  30
04D4:  BTFSS  4B.5
04D5:  GOTO   4E3
04D6:  BCF    4B.5
04D7:  MOVF   4A,W
04D8:  BTFSS  03.2
04D9:  DECF   4B,F
04DA:  MOVF   77,W
04DB:  MOVWF  4B
04DC:  MOVLW  2D
04DD:  MOVWF  53
04DE:  CALL   1A4
04DF:  MOVF   4B,W
04E0:  MOVWF  77
04E1:  CLRF   4B
04E2:  MOVLW  30
04E3:  ADDWF  77,F
04E4:  MOVF   77,W
04E5:  MOVWF  53
04E6:  CALL   1A4
04E7:  BCF    03.1
04E8:  MOVF   52,W
04E9:  MOVWF  56
04EA:  MOVF   51,W
04EB:  MOVWF  55
04EC:  MOVF   50,W
04ED:  MOVWF  54
04EE:  MOVF   4F,W
04EF:  MOVWF  53
04F0:  CLRF   5A
04F1:  CLRF   59
04F2:  CLRF   58
04F3:  MOVLW  0A
04F4:  MOVWF  57
04F5:  CALL   2CF
04F6:  MOVF   7A,W
04F7:  MOVWF  52
04F8:  MOVF   79,W
04F9:  MOVWF  51
04FA:  MOVF   78,W
04FB:  MOVWF  50
04FC:  MOVF   77,W
04FD:  MOVWF  4F
04FE:  DECFSZ 4D,F
04FF:  GOTO   489
0500:  RETURN
0501:  MOVF   47,W
0502:  MOVWF  4E
0503:  MOVF   4B,W
0504:  XORWF  4E,F
0505:  BTFSS  4E.7
0506:  GOTO   50C
0507:  BCF    03.2
0508:  BCF    03.0
0509:  BTFSC  47.7
050A:  BSF    03.0
050B:  GOTO   53F
050C:  MOVF   47,W
050D:  MOVWF  4E
050E:  MOVF   4A,W
050F:  MOVWF  4F
0510:  MOVF   46,W
0511:  SUBWF  4F,F
0512:  BTFSC  03.2
0513:  GOTO   51A
0514:  BTFSS  4E.7
0515:  GOTO   53F
0516:  MOVF   03,W
0517:  XORLW  01
0518:  MOVWF  03
0519:  GOTO   53F
051A:  MOVF   4B,W
051B:  MOVWF  4F
051C:  MOVF   47,W
051D:  SUBWF  4F,F
051E:  BTFSC  03.2
051F:  GOTO   526
0520:  BTFSS  4E.7
0521:  GOTO   53F
0522:  MOVF   03,W
0523:  XORLW  01
0524:  MOVWF  03
0525:  GOTO   53F
0526:  MOVF   4C,W
0527:  MOVWF  4F
0528:  MOVF   48,W
0529:  SUBWF  4F,F
052A:  BTFSC  03.2
052B:  GOTO   532
052C:  BTFSS  4E.7
052D:  GOTO   53F
052E:  MOVF   03,W
052F:  XORLW  01
0530:  MOVWF  03
0531:  GOTO   53F
0532:  MOVF   4D,W
0533:  MOVWF  4F
0534:  MOVF   49,W
0535:  SUBWF  4F,F
0536:  BTFSC  03.2
0537:  GOTO   53E
0538:  BTFSS  4E.7
0539:  GOTO   53F
053A:  MOVF   03,W
053B:  XORLW  01
053C:  MOVWF  03
053D:  GOTO   53F
053E:  BCF    03.0
053F:  RETURN
0540:  MOVF   0B,W
0541:  MOVWF  46
0542:  BCF    0B.7
0543:  BSF    03.5
0544:  BSF    03.6
0545:  BSF    0C.7
0546:  BSF    0C.0
0547:  NOP
0548:  NOP
0549:  BCF    03.5
054A:  BCF    03.6
054B:  BTFSC  46.7
054C:  BSF    0B.7
054D:  BSF    03.6
054E:  MOVF   0C,W
054F:  ANDLW  7F
0550:  BTFSC  03.2
0551:  GOTO   596
0552:  BCF    03.6
0553:  MOVWF  46
0554:  BSF    03.6
0555:  MOVF   0D,W
0556:  BCF    03.6
0557:  MOVWF  47
0558:  BSF    03.6
0559:  MOVF   0F,W
055A:  BCF    03.6
055B:  MOVWF  48
055C:  MOVF   46,W
055D:  BTFSS  0C.4
055E:  GOTO   55D
055F:  MOVWF  19
0560:  MOVF   47,W
0561:  BSF    03.6
0562:  MOVWF  0D
0563:  BCF    03.6
0564:  MOVF   48,W
0565:  BSF    03.6
0566:  MOVWF  0F
0567:  BCF    03.6
0568:  MOVF   0B,W
0569:  MOVWF  49
056A:  BCF    0B.7
056B:  BSF    03.5
056C:  BSF    03.6
056D:  BSF    0C.7
056E:  BSF    0C.0
056F:  NOP
0570:  NOP
0571:  BCF    03.5
0572:  BCF    03.6
0573:  BTFSC  49.7
0574:  BSF    0B.7
0575:  BSF    03.6
0576:  RLF    0C,W
0577:  RLF    0E,W
0578:  ANDLW  7F
0579:  BTFSC  03.2
057A:  GOTO   596
057B:  BCF    03.6
057C:  MOVWF  46
057D:  BSF    03.6
057E:  MOVF   0D,W
057F:  BCF    03.6
0580:  MOVWF  47
0581:  BSF    03.6
0582:  MOVF   0F,W
0583:  BCF    03.6
0584:  MOVWF  48
0585:  MOVF   46,W
0586:  BTFSS  0C.4
0587:  GOTO   586
0588:  MOVWF  19
0589:  MOVF   47,W
058A:  BSF    03.6
058B:  MOVWF  0D
058C:  BCF    03.6
058D:  MOVF   48,W
058E:  BSF    03.6
058F:  MOVWF  0F
0590:  INCF   0D,F
0591:  BTFSC  03.2
0592:  INCF   0F,F
0593:  BCF    03.6
0594:  GOTO   540
0595:  BSF    03.6
0596:  BCF    03.6
0597:  RETURN
*
0638:  MOVF   56,W
0639:  BTFSC  03.2
063A:  GOTO   6FD
063B:  MOVWF  62
063C:  MOVF   5A,W
063D:  BTFSC  03.2
063E:  GOTO   6FD
063F:  SUBWF  62,F
0640:  BTFSS  03.0
0641:  GOTO   647
0642:  MOVLW  7F
0643:  ADDWF  62,F
0644:  BTFSC  03.0
0645:  GOTO   6FD
0646:  GOTO   64D
0647:  MOVLW  81
0648:  SUBWF  62,F
0649:  BTFSS  03.0
064A:  GOTO   6FD
064B:  BTFSC  03.2
064C:  GOTO   6FD
064D:  MOVF   62,W
064E:  MOVWF  77
064F:  CLRF   78
0650:  CLRF   79
0651:  CLRF   7A
0652:  CLRF   61
0653:  MOVF   57,W
0654:  MOVWF  60
0655:  BSF    60.7
0656:  MOVF   58,W
0657:  MOVWF  5F
0658:  MOVF   59,W
0659:  MOVWF  5E
065A:  MOVLW  19
065B:  MOVWF  62
065C:  MOVF   5D,W
065D:  SUBWF  5E,F
065E:  BTFSC  03.0
065F:  GOTO   670
0660:  MOVLW  01
0661:  SUBWF  5F,F
0662:  BTFSC  03.0
0663:  GOTO   670
0664:  SUBWF  60,F
0665:  BTFSC  03.0
0666:  GOTO   670
0667:  SUBWF  61,F
0668:  BTFSC  03.0
0669:  GOTO   670
066A:  INCF   61,F
066B:  INCF   60,F
066C:  INCF   5F,F
066D:  MOVF   5D,W
066E:  ADDWF  5E,F
066F:  GOTO   6A2
0670:  MOVF   5C,W
0671:  SUBWF  5F,F
0672:  BTFSC  03.0
0673:  GOTO   68B
0674:  MOVLW  01
0675:  SUBWF  60,F
0676:  BTFSC  03.0
0677:  GOTO   68B
0678:  SUBWF  61,F
0679:  BTFSC  03.0
067A:  GOTO   68B
067B:  INCF   61,F
067C:  INCF   60,F
067D:  MOVF   5C,W
067E:  ADDWF  5F,F
067F:  MOVF   5D,W
0680:  ADDWF  5E,F
0681:  BTFSS  03.0
0682:  GOTO   6A2
0683:  INCF   5F,F
0684:  BTFSS  03.2
0685:  GOTO   6A2
0686:  INCF   60,F
0687:  BTFSS  03.2
0688:  GOTO   6A2
0689:  INCF   61,F
068A:  GOTO   6A2
068B:  MOVF   5B,W
068C:  IORLW  80
068D:  SUBWF  60,F
068E:  BTFSC  03.0
068F:  GOTO   6A1
0690:  MOVLW  01
0691:  SUBWF  61,F
0692:  BTFSC  03.0
0693:  GOTO   6A1
0694:  INCF   61,F
0695:  MOVF   5B,W
0696:  IORLW  80
0697:  ADDWF  60,F
0698:  MOVF   5C,W
0699:  ADDWF  5F,F
069A:  BTFSS  03.0
069B:  GOTO   67F
069C:  INCF   60,F
069D:  BTFSS  03.2
069E:  GOTO   67F
069F:  INCF   61,F
06A0:  GOTO   67F
06A1:  BSF    7A.0
06A2:  DECFSZ 62,F
06A3:  GOTO   6A5
06A4:  GOTO   6B0
06A5:  BCF    03.0
06A6:  RLF    5E,F
06A7:  RLF    5F,F
06A8:  RLF    60,F
06A9:  RLF    61,F
06AA:  BCF    03.0
06AB:  RLF    7A,F
06AC:  RLF    79,F
06AD:  RLF    78,F
06AE:  RLF    63,F
06AF:  GOTO   65C
06B0:  BTFSS  63.0
06B1:  GOTO   6B8
06B2:  BCF    03.0
06B3:  RRF    78,F
06B4:  RRF    79,F
06B5:  RRF    7A,F
06B6:  RRF    63,F
06B7:  GOTO   6BB
06B8:  DECF   77,F
06B9:  BTFSC  03.2
06BA:  GOTO   6FD
06BB:  BTFSC  63.7
06BC:  GOTO   6E4
06BD:  BCF    03.0
06BE:  RLF    5E,F
06BF:  RLF    5F,F
06C0:  RLF    60,F
06C1:  RLF    61,F
06C2:  MOVF   5D,W
06C3:  SUBWF  5E,F
06C4:  BTFSC  03.0
06C5:  GOTO   6D0
06C6:  MOVLW  01
06C7:  SUBWF  5F,F
06C8:  BTFSC  03.0
06C9:  GOTO   6D0
06CA:  SUBWF  60,F
06CB:  BTFSC  03.0
06CC:  GOTO   6D0
06CD:  SUBWF  61,F
06CE:  BTFSS  03.0
06CF:  GOTO   6F3
06D0:  MOVF   5C,W
06D1:  SUBWF  5F,F
06D2:  BTFSC  03.0
06D3:  GOTO   6DB
06D4:  MOVLW  01
06D5:  SUBWF  60,F
06D6:  BTFSC  03.0
06D7:  GOTO   6DB
06D8:  SUBWF  61,F
06D9:  BTFSS  03.0
06DA:  GOTO   6F3
06DB:  MOVF   5B,W
06DC:  IORLW  80
06DD:  SUBWF  60,F
06DE:  BTFSC  03.0
06DF:  GOTO   6E4
06E0:  MOVLW  01
06E1:  SUBWF  61,F
06E2:  BTFSS  03.0
06E3:  GOTO   6F3
06E4:  INCF   7A,F
06E5:  BTFSS  03.2
06E6:  GOTO   6F3
06E7:  INCF   79,F
06E8:  BTFSS  03.2
06E9:  GOTO   6F3
06EA:  INCF   78,F
06EB:  BTFSS  03.2
06EC:  GOTO   6F3
06ED:  INCF   77,F
06EE:  BTFSC  03.2
06EF:  GOTO   6FD
06F0:  RRF    78,F
06F1:  RRF    79,F
06F2:  RRF    7A,F
06F3:  MOVF   57,W
06F4:  MOVWF  62
06F5:  MOVF   5B,W
06F6:  XORWF  62,F
06F7:  BTFSS  62.7
06F8:  GOTO   6FB
06F9:  BSF    78.7
06FA:  GOTO   701
06FB:  BCF    78.7
06FC:  GOTO   701
06FD:  CLRF   77
06FE:  CLRF   78
06FF:  CLRF   79
0700:  CLRF   7A
0701:  RETURN
0702:  MOVF   49,W
0703:  CLRF   78
0704:  SUBWF  48,W
0705:  BTFSC  03.0
0706:  GOTO   70A
0707:  MOVF   48,W
0708:  MOVWF  77
0709:  GOTO   716
070A:  CLRF   77
070B:  MOVLW  08
070C:  MOVWF  4A
070D:  RLF    48,F
070E:  RLF    77,F
070F:  MOVF   49,W
0710:  SUBWF  77,W
0711:  BTFSC  03.0
0712:  MOVWF  77
0713:  RLF    78,F
0714:  DECFSZ 4A,F
0715:  GOTO   70D
0716:  RETURN
0717:  MOVLW  10
0718:  MOVWF  5C
0719:  CLRF   77
071A:  CLRF   7A
071B:  RRF    59,F
071C:  RRF    58,F
071D:  BTFSS  03.0
071E:  GOTO   725
071F:  MOVF   5A,W
0720:  ADDWF  77,F
0721:  BTFSC  03.0
0722:  INCF   7A,F
0723:  MOVF   5B,W
0724:  ADDWF  7A,F
0725:  RRF    7A,F
0726:  RRF    77,F
0727:  RRF    79,F
0728:  RRF    78,F
0729:  DECFSZ 5C,F
072A:  GOTO   71B
072B:  RETURN
*
087B:  MOVLW  80
087C:  BTFSC  03.1
087D:  XORWF  4B,F
087E:  CLRF   50
087F:  CLRF   51
0880:  MOVF   47,W
0881:  MOVWF  4F
0882:  MOVF   4B,W
0883:  XORWF  4F,F
0884:  MOVF   46,W
0885:  BTFSC  03.2
0886:  GOTO   16B
0887:  MOVWF  4E
0888:  MOVWF  77
0889:  MOVF   4A,W
088A:  BTFSC  03.2
088B:  GOTO   174
088C:  SUBWF  4E,F
088D:  BTFSC  03.2
088E:  GOTO   110
088F:  BTFSS  03.0
0890:  GOTO   0CE
0891:  MOVF   4B,W
0892:  MOVWF  54
0893:  BSF    54.7
0894:  MOVF   4C,W
0895:  MOVWF  53
0896:  MOVF   4D,W
0897:  MOVWF  52
0898:  CLRF   51
0899:  BCF    03.0
089A:  RRF    54,F
089B:  RRF    53,F
089C:  RRF    52,F
089D:  RRF    51,F
089E:  DECFSZ 4E,F
089F:  GOTO   098
08A0:  BTFSS  4F.7
08A1:  GOTO   0A5
08A2:  BSF    50.0
08A3:  GOTO   188
08A4:  BCF    50.0
08A5:  BCF    4E.0
08A6:  BSF    50.4
08A7:  MOVLW  49
08A8:  MOVWF  04
08A9:  BCF    03.7
08AA:  GOTO   19D
08AB:  BCF    50.4
08AC:  BTFSC  4F.7
08AD:  GOTO   0B8
08AE:  BTFSS  4E.0
08AF:  GOTO   0C3
08B0:  RRF    54,F
08B1:  RRF    53,F
08B2:  RRF    52,F
08B3:  RRF    51,F
08B4:  INCF   77,F
08B5:  BTFSC  03.2
08B6:  GOTO   183
08B7:  GOTO   0C3
08B8:  BTFSC  54.7
08B9:  GOTO   0C6
08BA:  BCF    03.0
08BB:  RLF    51,F
08BC:  RLF    52,F
08BD:  RLF    53,F
08BE:  RLF    54,F
08BF:  DECF   77,F
08C0:  BTFSC  03.2
08C1:  GOTO   183
08C2:  GOTO   0B8
08C3:  BSF    50.6
08C4:  GOTO   130
08C5:  BCF    50.6
08C6:  MOVF   47,W
08C7:  MOVWF  4F
08C8:  BTFSS  4F.7
08C9:  GOTO   0CC
08CA:  BSF    54.7
08CB:  GOTO   17C
08CC:  BCF    54.7
08CD:  GOTO   17C
08CE:  MOVF   4A,W
08CF:  MOVWF  4E
08D0:  MOVWF  77
08D1:  MOVF   46,W
08D2:  SUBWF  4E,F
08D3:  MOVF   47,W
08D4:  MOVWF  54
08D5:  BSF    54.7
08D6:  MOVF   48,W
08D7:  MOVWF  53
08D8:  MOVF   49,W
08D9:  MOVWF  52
08DA:  CLRF   51
08DB:  BCF    03.0
08DC:  RRF    54,F
08DD:  RRF    53,F
08DE:  RRF    52,F
08DF:  RRF    51,F
08E0:  DECFSZ 4E,F
08E1:  GOTO   0DA
08E2:  BTFSS  4F.7
08E3:  GOTO   0E7
08E4:  BSF    50.1
08E5:  GOTO   188
08E6:  BCF    50.1
08E7:  BCF    4E.0
08E8:  BSF    50.5
08E9:  MOVLW  4D
08EA:  MOVWF  04
08EB:  BCF    03.7
08EC:  GOTO   19D
08ED:  BCF    50.5
08EE:  BTFSC  4F.7
08EF:  GOTO   0FA
08F0:  BTFSS  4E.0
08F1:  GOTO   105
08F2:  RRF    54,F
08F3:  RRF    53,F
08F4:  RRF    52,F
08F5:  RRF    51,F
08F6:  INCF   77,F
08F7:  BTFSC  03.2
08F8:  GOTO   183
08F9:  GOTO   105
08FA:  BTFSC  54.7
08FB:  GOTO   108
08FC:  BCF    03.0
08FD:  RLF    51,F
08FE:  RLF    52,F
08FF:  RLF    53,F
0900:  RLF    54,F
0901:  DECF   77,F
0902:  BTFSC  03.2
0903:  GOTO   183
0904:  GOTO   0FA
0905:  BSF    50.7
0906:  GOTO   130
0907:  BCF    50.7
0908:  MOVF   4B,W
0909:  MOVWF  4F
090A:  BTFSS  4F.7
090B:  GOTO   10E
090C:  BSF    54.7
090D:  GOTO   17C
090E:  BCF    54.7
090F:  GOTO   17C
0910:  MOVF   4B,W
0911:  MOVWF  54
0912:  BSF    54.7
0913:  MOVF   4C,W
0914:  MOVWF  53
0915:  MOVF   4D,W
0916:  MOVWF  52
0917:  BTFSS  4F.7
0918:  GOTO   11D
0919:  BCF    54.7
091A:  BSF    50.2
091B:  GOTO   188
091C:  BCF    50.2
091D:  CLRF   51
091E:  BCF    4E.0
091F:  MOVLW  49
0920:  MOVWF  04
0921:  BCF    03.7
0922:  GOTO   19D
0923:  BTFSC  4F.7
0924:  GOTO   146
0925:  MOVF   47,W
0926:  MOVWF  4F
0927:  BTFSS  4E.0
0928:  GOTO   130
0929:  RRF    54,F
092A:  RRF    53,F
092B:  RRF    52,F
092C:  RRF    51,F
092D:  INCF   77,F
092E:  BTFSC  03.2
092F:  GOTO   183
0930:  BTFSS  51.7
0931:  GOTO   141
0932:  INCF   52,F
0933:  BTFSS  03.2
0934:  GOTO   141
0935:  INCF   53,F
0936:  BTFSS  03.2
0937:  GOTO   141
0938:  INCF   54,F
0939:  BTFSS  03.2
093A:  GOTO   141
093B:  RRF    54,F
093C:  RRF    53,F
093D:  RRF    52,F
093E:  INCF   77,F
093F:  BTFSC  03.2
0940:  GOTO   183
0941:  BTFSC  50.6
0942:  GOTO   0C5
0943:  BTFSC  50.7
0944:  GOTO   107
0945:  GOTO   165
0946:  MOVLW  80
0947:  XORWF  54,F
0948:  BTFSS  54.7
0949:  GOTO   14E
094A:  GOTO   188
094B:  MOVF   4B,W
094C:  MOVWF  4F
094D:  GOTO   15B
094E:  MOVF   47,W
094F:  MOVWF  4F
0950:  MOVF   54,F
0951:  BTFSS  03.2
0952:  GOTO   15B
0953:  MOVF   53,F
0954:  BTFSS  03.2
0955:  GOTO   15B
0956:  MOVF   52,F
0957:  BTFSS  03.2
0958:  GOTO   15B
0959:  CLRF   77
095A:  GOTO   17C
095B:  BTFSC  54.7
095C:  GOTO   165
095D:  BCF    03.0
095E:  RLF    51,F
095F:  RLF    52,F
0960:  RLF    53,F
0961:  RLF    54,F
0962:  DECFSZ 77,F
0963:  GOTO   15B
0964:  GOTO   183
0965:  BTFSS  4F.7
0966:  GOTO   169
0967:  BSF    54.7
0968:  GOTO   17C
0969:  BCF    54.7
096A:  GOTO   17C
096B:  MOVF   4A,W
096C:  MOVWF  77
096D:  MOVF   4B,W
096E:  MOVWF  54
096F:  MOVF   4C,W
0970:  MOVWF  53
0971:  MOVF   4D,W
0972:  MOVWF  52
0973:  GOTO   17C
0974:  MOVF   46,W
0975:  MOVWF  77
0976:  MOVF   47,W
0977:  MOVWF  54
0978:  MOVF   48,W
0979:  MOVWF  53
097A:  MOVF   49,W
097B:  MOVWF  52
097C:  MOVF   54,W
097D:  MOVWF  78
097E:  MOVF   53,W
097F:  MOVWF  79
0980:  MOVF   52,W
0981:  MOVWF  7A
0982:  GOTO   1BB
0983:  CLRF   77
0984:  CLRF   78
0985:  CLRF   79
0986:  CLRF   7A
0987:  GOTO   1BB
0988:  CLRF   51
0989:  COMF   52,F
098A:  COMF   53,F
098B:  COMF   54,F
098C:  COMF   51,F
098D:  INCF   51,F
098E:  BTFSS  03.2
098F:  GOTO   196
0990:  INCF   52,F
0991:  BTFSS  03.2
0992:  GOTO   196
0993:  INCF   53,F
0994:  BTFSC  03.2
0995:  INCF   54,F
0996:  BTFSC  50.0
0997:  GOTO   0A4
0998:  BTFSC  50.1
0999:  GOTO   0E6
099A:  BTFSC  50.2
099B:  GOTO   11C
099C:  GOTO   14B
099D:  MOVF   00,W
099E:  ADDWF  52,F
099F:  BTFSS  03.0
09A0:  GOTO   1A7
09A1:  INCF   53,F
09A2:  BTFSS  03.2
09A3:  GOTO   1A7
09A4:  INCF   54,F
09A5:  BTFSC  03.2
09A6:  BSF    4E.0
09A7:  DECF   04,F
09A8:  MOVF   00,W
09A9:  ADDWF  53,F
09AA:  BTFSS  03.0
09AB:  GOTO   1AF
09AC:  INCF   54,F
09AD:  BTFSC  03.2
09AE:  BSF    4E.0
09AF:  DECF   04,F
09B0:  MOVF   00,W
09B1:  BTFSS  00.7
09B2:  XORLW  80
09B3:  ADDWF  54,F
09B4:  BTFSC  03.0
09B5:  BSF    4E.0
09B6:  BTFSC  50.4
09B7:  GOTO   0AB
09B8:  BTFSC  50.5
09B9:  GOTO   0ED
09BA:  GOTO   123
*
09C3:  MOVLW  8E
09C4:  MOVWF  77
09C5:  MOVF   46,W
09C6:  SUBWF  77,F
09C7:  MOVF   47,W
09C8:  MOVWF  79
09C9:  MOVF   48,W
09CA:  MOVWF  78
09CB:  BSF    79.7
09CC:  MOVF   77,F
09CD:  BTFSC  03.2
09CE:  GOTO   1DA
09CF:  BCF    03.0
09D0:  MOVF   79,F
09D1:  BTFSS  03.2
09D2:  GOTO   1D6
09D3:  MOVF   78,F
09D4:  BTFSC  03.2
09D5:  GOTO   1DA
09D6:  RRF    79,F
09D7:  RRF    78,F
09D8:  DECFSZ 77,F
09D9:  GOTO   1CF
09DA:  BTFSS  47.7
09DB:  GOTO   1E1
09DC:  COMF   78,F
09DD:  COMF   79,F
09DE:  INCF   78,F
09DF:  BTFSC  03.2
09E0:  INCF   79,F
*
09F9:  MOVF   46,W
09FA:  MOVWF  48
09FB:  MOVLW  64
09FC:  MOVWF  49
09FD:  BCF    0A.3
09FE:  CALL   702
09FF:  BSF    0A.3
0A00:  MOVF   77,W
0A01:  MOVWF  46
0A02:  MOVF   78,W
0A03:  MOVLW  30
0A04:  BTFSS  03.2
0A05:  GOTO   20D
0A06:  BTFSS  47.1
0A07:  GOTO   216
0A08:  BTFSC  47.3
0A09:  GOTO   216
0A0A:  BTFSC  47.4
0A0B:  MOVLW  20
0A0C:  GOTO   210
0A0D:  BCF    47.3
0A0E:  BCF    47.4
0A0F:  BSF    47.0
0A10:  ADDWF  78,F
0A11:  MOVF   78,W
0A12:  MOVWF  53
0A13:  BCF    0A.3
0A14:  CALL   1A4
0A15:  BSF    0A.3
0A16:  MOVF   46,W
0A17:  MOVWF  48
0A18:  MOVLW  0A
0A19:  MOVWF  49
0A1A:  BCF    0A.3
0A1B:  CALL   702
0A1C:  BSF    0A.3
0A1D:  MOVF   77,W
0A1E:  MOVWF  46
0A1F:  MOVF   78,W
0A20:  MOVLW  30
0A21:  BTFSS  03.2
0A22:  GOTO   229
0A23:  BTFSC  47.3
0A24:  GOTO   22F
0A25:  BTFSS  47.0
0A26:  GOTO   22F
0A27:  BTFSC  47.4
0A28:  MOVLW  20
0A29:  ADDWF  78,F
0A2A:  MOVF   78,W
0A2B:  MOVWF  53
0A2C:  BCF    0A.3
0A2D:  CALL   1A4
0A2E:  BSF    0A.3
0A2F:  MOVLW  30
0A30:  ADDWF  46,F
0A31:  MOVF   46,W
0A32:  MOVWF  53
0A33:  BCF    0A.3
0A34:  CALL   1A4
0A35:  BSF    0A.3
....................  
.................... #list 
....................  
.................... #fuses HS,NOWDT,NOPROTECT,NOPUT,NOLVP,BROWNOUT  
.................... #use delay(clock=20M) 
*
0069:  MOVLW  54
006A:  MOVWF  04
006B:  BCF    03.7
006C:  MOVF   00,W
006D:  BTFSC  03.2
006E:  GOTO   07C
006F:  MOVLW  06
0070:  MOVWF  78
0071:  CLRF   77
0072:  DECFSZ 77,F
0073:  GOTO   072
0074:  DECFSZ 78,F
0075:  GOTO   071
0076:  MOVLW  7B
0077:  MOVWF  77
0078:  DECFSZ 77,F
0079:  GOTO   078
007A:  DECFSZ 00,F
007B:  GOTO   06F
007C:  RETURN
.................... #use standard_io(D) 
.................... #use rs232(baud=9600, xmit=PIN_C6, rcv=PIN_C7) 
....................  
.................... // Definición de pines para el LCD 
.................... #define LCD_DB4   PIN_D4 
.................... #define LCD_DB5   PIN_D5 
.................... #define LCD_DB6   PIN_D6 
.................... #define LCD_DB7   PIN_D7 
.................... #define LCD_RS    PIN_D2 
.................... #define LCD_E     PIN_D3 
.................... #define DHT11_PIN PIN_B2 
.................... #include <LCD_16X2.c>  // Librería para el manejo de la pantalla LCD 
.................... //======================================== 
....................  
.................... #define lcd_type 2        // 0=5x7, 1=5x10, 2=2 lines 
.................... #define lcd_line_two 0x40 // LCD RAM address for the 2nd line 
....................  
....................  
.................... int8 const LCD_INIT_STRING[4] = 
.................... { 
....................  0x20 | (lcd_type << 2), // Func set: 4-bit, 2 lines, 5x8 dots 
....................  0xc,                    // Display on 
....................  1,                      // Clear display 
....................  6                       // Increment cursor 
....................  }; 
....................  
....................  
.................... //------------------------------------- 
.................... void lcd_send_nibble(int8 nibble) 
.................... { 
.................... // Note:  !! converts an integer expression 
.................... // to a boolean (1 or 0). 
....................  output_bit(LCD_DB4, !!(nibble & 1)); 
007D:  BTFSC  5B.0
007E:  GOTO   081
007F:  BCF    08.4
0080:  GOTO   082
0081:  BSF    08.4
0082:  BSF    03.5
0083:  BCF    08.4
....................  output_bit(LCD_DB5, !!(nibble & 2)); 
0084:  BCF    03.5
0085:  BTFSC  5B.1
0086:  GOTO   089
0087:  BCF    08.5
0088:  GOTO   08A
0089:  BSF    08.5
008A:  BSF    03.5
008B:  BCF    08.5
....................  output_bit(LCD_DB6, !!(nibble & 4)); 
008C:  BCF    03.5
008D:  BTFSC  5B.2
008E:  GOTO   091
008F:  BCF    08.6
0090:  GOTO   092
0091:  BSF    08.6
0092:  BSF    03.5
0093:  BCF    08.6
....................  output_bit(LCD_DB7, !!(nibble & 8)); 
0094:  BCF    03.5
0095:  BTFSC  5B.3
0096:  GOTO   099
0097:  BCF    08.7
0098:  GOTO   09A
0099:  BSF    08.7
009A:  BSF    03.5
009B:  BCF    08.7
....................  
....................  delay_cycles(1); 
009C:  NOP
....................  output_high(LCD_E); 
009D:  BCF    08.3
009E:  BCF    03.5
009F:  BSF    08.3
....................  delay_us(2); 
00A0:  MOVLW  02
00A1:  MOVWF  77
00A2:  DECFSZ 77,F
00A3:  GOTO   0A2
00A4:  GOTO   0A5
00A5:  NOP
....................  output_low(LCD_E); 
00A6:  BSF    03.5
00A7:  BCF    08.3
00A8:  BCF    03.5
00A9:  BCF    08.3
00AA:  RETURN
.................... } 
....................  
.................... //----------------------------------- 
.................... // This sub-routine is only called by lcd_read_byte(). 
.................... // It's not a stand-alone routine.  For example, the 
.................... // R/W signal is set high by lcd_read_byte() before 
.................... // this routine is called. 
....................  
.................... #ifdef USE_LCD_RW 
.................... int8 lcd_read_nibble(void) 
.................... { 
.................... int8 retval; 
.................... // Create bit variables so that we can easily set 
.................... // individual bits in the retval variable. 
.................... #bit retval_0 = retval.0 
.................... #bit retval_1 = retval.1 
.................... #bit retval_2 = retval.2 
.................... #bit retval_3 = retval.3 
....................  
.................... retval = 0; 
....................  
.................... output_high(LCD_E); 
.................... delay_cycles(1); 
....................  
.................... retval_0 = input(LCD_DB4); 
.................... retval_1 = input(LCD_DB5); 
.................... retval_2 = input(LCD_DB6); 
.................... retval_3 = input(LCD_DB7); 
....................  
.................... output_low(LCD_E); 
....................  
.................... return(retval); 
.................... } 
.................... #endif 
....................  
.................... //--------------------------------------- 
.................... // Read a byte from the LCD and return it. 
....................  
.................... #ifdef USE_LCD_RW 
.................... int8 lcd_read_byte(void) 
.................... { 
.................... int8 low; 
.................... int8 high; 
....................  
.................... output_high(LCD_RW); 
.................... delay_cycles(1); 
....................  
.................... high = lcd_read_nibble(); 
....................  
.................... low = lcd_read_nibble(); 
....................  
.................... return( (high<<4) | low); 
.................... } 
.................... #endif 
....................  
.................... //---------------------------------------- 
.................... // Send a byte to the LCD. 
.................... void lcd_send_byte(int8 address, int8 n) 
.................... { 
.................... output_low(LCD_RS); 
00AB:  BSF    03.5
00AC:  BCF    08.2
00AD:  BCF    03.5
00AE:  BCF    08.2
....................  
.................... #ifdef USE_LCD_RW 
.................... while(bit_test(lcd_read_byte(),7)) ; 
.................... #else 
.................... delay_us(60); 
00AF:  MOVLW  63
00B0:  MOVWF  77
00B1:  DECFSZ 77,F
00B2:  GOTO   0B1
00B3:  GOTO   0B4
.................... #endif 
....................  
.................... if(address) 
00B4:  MOVF   58,F
00B5:  BTFSC  03.2
00B6:  GOTO   0BC
....................    output_high(LCD_RS); 
00B7:  BSF    03.5
00B8:  BCF    08.2
00B9:  BCF    03.5
00BA:  BSF    08.2
00BB:  GOTO   0C0
.................... else 
....................    output_low(LCD_RS); 
00BC:  BSF    03.5
00BD:  BCF    08.2
00BE:  BCF    03.5
00BF:  BCF    08.2
....................  
....................  delay_cycles(1); 
00C0:  NOP
....................  
.................... #ifdef USE_LCD_RW 
.................... output_low(LCD_RW); 
.................... delay_cycles(1); 
.................... #endif 
....................  
.................... output_low(LCD_E); 
00C1:  BSF    03.5
00C2:  BCF    08.3
00C3:  BCF    03.5
00C4:  BCF    08.3
....................  
.................... lcd_send_nibble(n >> 4); 
00C5:  SWAPF  59,W
00C6:  MOVWF  5A
00C7:  MOVLW  0F
00C8:  ANDWF  5A,F
00C9:  MOVF   5A,W
00CA:  MOVWF  5B
00CB:  CALL   07D
.................... lcd_send_nibble(n & 0xf); 
00CC:  MOVF   59,W
00CD:  ANDLW  0F
00CE:  MOVWF  5A
00CF:  MOVWF  5B
00D0:  CALL   07D
00D1:  RETURN
.................... } 
....................  
.................... //---------------------------- 
.................... void lcd_init(void) 
.................... { 
.................... int8 i; 
....................  
.................... output_low(LCD_RS); 
00D2:  BSF    03.5
00D3:  BCF    08.2
00D4:  BCF    03.5
00D5:  BCF    08.2
....................  
.................... #ifdef USE_LCD_RW 
.................... output_low(LCD_RW); 
.................... #endif 
....................  
.................... output_low(LCD_E); 
00D6:  BSF    03.5
00D7:  BCF    08.3
00D8:  BCF    03.5
00D9:  BCF    08.3
....................  
.................... delay_ms(15); 
00DA:  MOVLW  0F
00DB:  MOVWF  54
00DC:  CALL   069
....................  
.................... for(i=0 ;i < 3; i++) 
00DD:  CLRF   46
00DE:  MOVF   46,W
00DF:  SUBLW  02
00E0:  BTFSS  03.0
00E1:  GOTO   0EA
....................    { 
....................     lcd_send_nibble(0x03); 
00E2:  MOVLW  03
00E3:  MOVWF  5B
00E4:  CALL   07D
....................     delay_ms(5); 
00E5:  MOVLW  05
00E6:  MOVWF  54
00E7:  CALL   069
00E8:  INCF   46,F
00E9:  GOTO   0DE
....................    } 
....................  
.................... lcd_send_nibble(0x02); 
00EA:  MOVLW  02
00EB:  MOVWF  5B
00EC:  CALL   07D
....................  
.................... for(i=0; i < sizeof(LCD_INIT_STRING); i++) 
00ED:  CLRF   46
00EE:  MOVF   46,W
00EF:  SUBLW  03
00F0:  BTFSS  03.0
00F1:  GOTO   0FE
....................    { 
....................     lcd_send_byte(0, LCD_INIT_STRING[i]); 
00F2:  MOVF   46,W
00F3:  CALL   004
00F4:  MOVWF  47
00F5:  CLRF   58
00F6:  MOVF   47,W
00F7:  MOVWF  59
00F8:  CALL   0AB
....................  
....................     // If the R/W signal is not used, then 
....................     // the busy bit can't be polled.  One of 
....................     // the init commands takes longer than 
....................     // the hard-coded delay of 60 us, so in 
....................     // that case, lets just do a 5 ms delay 
....................     // after all four of them. 
....................     #ifndef USE_LCD_RW 
....................     delay_ms(5); 
00F9:  MOVLW  05
00FA:  MOVWF  54
00FB:  CALL   069
....................     #endif 
00FC:  INCF   46,F
00FD:  GOTO   0EE
....................    } 
00FE:  BSF    0A.3
00FF:  BCF    0A.4
0100:  GOTO   415 (RETURN)
....................  
.................... } 
....................  
.................... //---------------------------- 
....................  
.................... void lcd_gotoxy(int8 x, int8 y) 
.................... { 
.................... int8 address; 
....................  
.................... if(y != 1) 
*
0192:  DECFSZ 55,W
0193:  GOTO   195
0194:  GOTO   198
....................    address = lcd_line_two; 
0195:  MOVLW  40
0196:  MOVWF  56
0197:  GOTO   199
.................... else 
....................    address=0; 
0198:  CLRF   56
....................  
.................... address += x-1; 
0199:  MOVLW  01
019A:  SUBWF  54,W
019B:  ADDWF  56,F
.................... lcd_send_byte(0, 0x80 | address); 
019C:  MOVF   56,W
019D:  IORLW  80
019E:  MOVWF  57
019F:  CLRF   58
01A0:  MOVF   57,W
01A1:  MOVWF  59
01A2:  CALL   0AB
01A3:  RETURN
.................... } 
....................  
.................... //----------------------------- 
.................... void lcd_putc(char c) 
.................... { 
....................  switch(c) 
01A4:  MOVF   53,W
01A5:  XORLW  0C
01A6:  BTFSC  03.2
01A7:  GOTO   1AF
01A8:  XORLW  06
01A9:  BTFSC  03.2
01AA:  GOTO   1B7
01AB:  XORLW  02
01AC:  BTFSC  03.2
01AD:  GOTO   1BD
01AE:  GOTO   1C2
....................    { 
....................     case '\f': 
....................       lcd_send_byte(0,1); 
01AF:  CLRF   58
01B0:  MOVLW  01
01B1:  MOVWF  59
01B2:  CALL   0AB
....................       delay_ms(2); 
01B3:  MOVLW  02
01B4:  MOVWF  54
01B5:  CALL   069
....................       break; 
01B6:  GOTO   1C7
....................  
....................     case '\n': 
....................        lcd_gotoxy(1,2); 
01B7:  MOVLW  01
01B8:  MOVWF  54
01B9:  MOVLW  02
01BA:  MOVWF  55
01BB:  CALL   192
....................        break; 
01BC:  GOTO   1C7
....................  
....................     case '\b': 
....................        lcd_send_byte(0,0x10); 
01BD:  CLRF   58
01BE:  MOVLW  10
01BF:  MOVWF  59
01C0:  CALL   0AB
....................        break; 
01C1:  GOTO   1C7
....................  
....................     default: 
....................        lcd_send_byte(1,c); 
01C2:  MOVLW  01
01C3:  MOVWF  58
01C4:  MOVF   53,W
01C5:  MOVWF  59
01C6:  CALL   0AB
....................        break; 
....................    } 
01C7:  RETURN
.................... } 
....................  
.................... //------------------------------ 
.................... #ifdef USE_LCD_RW 
.................... char lcd_getc(int8 x, int8 y) 
.................... { 
.................... char value; 
....................  
.................... lcd_gotoxy(x,y); 
....................  
.................... // Wait until busy flag is low. 
.................... while(bit_test(lcd_read_byte(),7)); 
....................  
.................... output_high(LCD_RS); 
.................... value = lcd_read_byte(); 
.................... output_low(lcd_RS); 
....................  
.................... return(value); 
.................... } 
.................... #endif 
....................  
.................... void lcd_setcursor_vb(short visible, short blink) {  
....................   lcd_send_byte(0, 0xC|(visible<<1)|blink);  
.................... }  
....................  
.................... void lcd_clear() 
.................... { 
....................   lcd_putc("\f"); 
*
0759:  MOVLW  0C
075A:  BSF    03.6
075B:  MOVWF  0D
075C:  MOVLW  00
075D:  MOVWF  0F
075E:  BCF    03.6
075F:  CALL   1C8
0760:  RETURN
.................... } 
....................  
.................... void send_D7_D4(int8 address_lcd,int8 nibble_lcd) 
.................... {   
....................   if((nibble_lcd & 1)==1) output_high(LCD_DB4); else output_low(LCD_DB4); 
*
0101:  MOVF   4E,W
0102:  ANDLW  01
0103:  SUBLW  01
0104:  BTFSS  03.2
0105:  GOTO   10B
0106:  BSF    03.5
0107:  BCF    08.4
0108:  BCF    03.5
0109:  BSF    08.4
010A:  GOTO   10F
010B:  BSF    03.5
010C:  BCF    08.4
010D:  BCF    03.5
010E:  BCF    08.4
....................   if((nibble_lcd & 2)==2) output_high(LCD_DB5); else output_low(LCD_DB5); 
010F:  MOVF   4E,W
0110:  ANDLW  02
0111:  SUBLW  02
0112:  BTFSS  03.2
0113:  GOTO   119
0114:  BSF    03.5
0115:  BCF    08.5
0116:  BCF    03.5
0117:  BSF    08.5
0118:  GOTO   11D
0119:  BSF    03.5
011A:  BCF    08.5
011B:  BCF    03.5
011C:  BCF    08.5
....................   if((nibble_lcd & 4)==4) output_high(LCD_DB6); else output_low(LCD_DB6); 
011D:  MOVF   4E,W
011E:  ANDLW  04
011F:  SUBLW  04
0120:  BTFSS  03.2
0121:  GOTO   127
0122:  BSF    03.5
0123:  BCF    08.6
0124:  BCF    03.5
0125:  BSF    08.6
0126:  GOTO   12B
0127:  BSF    03.5
0128:  BCF    08.6
0129:  BCF    03.5
012A:  BCF    08.6
....................   if((nibble_lcd & 8)==8) output_high(LCD_DB7); else output_low(LCD_DB7); 
012B:  MOVF   4E,W
012C:  ANDLW  08
012D:  SUBLW  08
012E:  BTFSS  03.2
012F:  GOTO   135
0130:  BSF    03.5
0131:  BCF    08.7
0132:  BCF    03.5
0133:  BSF    08.7
0134:  GOTO   139
0135:  BSF    03.5
0136:  BCF    08.7
0137:  BCF    03.5
0138:  BCF    08.7
....................    delay_us(60); 
0139:  MOVLW  63
013A:  MOVWF  77
013B:  DECFSZ 77,F
013C:  GOTO   13B
013D:  GOTO   13E
....................    if(address_lcd) 
013E:  MOVF   4D,F
013F:  BTFSC  03.2
0140:  GOTO   146
....................      output_high(LCD_RS); 
0141:  BSF    03.5
0142:  BCF    08.2
0143:  BCF    03.5
0144:  BSF    08.2
0145:  GOTO   14A
....................        
....................    else 
....................      output_low(LCD_RS);  
0146:  BSF    03.5
0147:  BCF    08.2
0148:  BCF    03.5
0149:  BCF    08.2
....................        
....................  output_high(LCD_E); 
014A:  BSF    03.5
014B:  BCF    08.3
014C:  BCF    03.5
014D:  BSF    08.3
....................  delay_us(2); 
014E:  MOVLW  02
014F:  MOVWF  77
0150:  DECFSZ 77,F
0151:  GOTO   150
0152:  GOTO   153
0153:  NOP
....................  output_low(LCD_E); 
0154:  BSF    03.5
0155:  BCF    08.3
0156:  BCF    03.5
0157:  BCF    08.3
0158:  RETURN
.................... } 
....................  
.................... void send_byte_data(int8 address_lcd, int8 n) 
.................... { 
....................    send_D7_D4(address_lcd,n >> 4); 
0159:  SWAPF  4B,W
015A:  MOVWF  4C
015B:  MOVLW  0F
015C:  ANDWF  4C,F
015D:  MOVF   4A,W
015E:  MOVWF  4D
015F:  MOVF   4C,W
0160:  MOVWF  4E
0161:  CALL   101
....................    send_D7_D4(address_lcd,n & 0xf); 
0162:  MOVF   4B,W
0163:  ANDLW  0F
0164:  MOVWF  4C
0165:  MOVF   4A,W
0166:  MOVWF  4D
0167:  MOVF   4C,W
0168:  MOVWF  4E
0169:  CALL   101
016A:  RETURN
.................... } 
....................  
.................... void CGRAM_putc(int8 n) 
.................... { 
....................    send_byte_data(1,n); 
*
0605:  MOVLW  01
0606:  MOVWF  4A
0607:  MOVF   46,W
0608:  MOVWF  4B
0609:  CALL   159
.................... } 
....................  
.................... void CGRAM_position(int p) 
.................... { 
....................   send_byte_data(0,0x40+p*8); 
*
016B:  RLF    46,W
016C:  MOVWF  77
016D:  RLF    77,F
016E:  RLF    77,F
016F:  MOVLW  F8
0170:  ANDWF  77,F
0171:  MOVF   77,W
0172:  ADDLW  40
0173:  MOVWF  47
0174:  CLRF   4A
0175:  MOVF   47,W
0176:  MOVWF  4B
0177:  CALL   159
0178:  BSF    0A.3
0179:  BCF    0A.4
017A:  GOTO   428 (RETURN)
.................... } 
....................  
.................... void CGRAM_create_char(char* new_char) 
.................... { 
....................   for(int cg=0; cg<=7;cg++) 
017B:  CLRF   48
017C:  MOVF   48,W
017D:  SUBLW  07
017E:  BTFSS  03.0
017F:  GOTO   18F
....................   { 
....................     send_byte_data(1,new_char[cg]); 
0180:  MOVF   48,W
0181:  ADDWF  46,W
0182:  MOVWF  04
0183:  BCF    03.7
0184:  BTFSC  47.0
0185:  BSF    03.7
0186:  MOVF   00,W
0187:  MOVWF  49
0188:  MOVLW  01
0189:  MOVWF  4A
018A:  MOVF   49,W
018B:  MOVWF  4B
018C:  CALL   159
018D:  INCF   48,F
018E:  GOTO   17C
....................   } 
018F:  BSF    0A.3
0190:  BCF    0A.4
0191:  GOTO   42E (RETURN)
.................... } 
....................  
.................... #include <dht11_std.c> //Libreria para el manejo del sensor de humedad 
.................... /* #include <DHT11.c> 
.................... * 
.................... * Creada por: Ing. Abiezer Hernandez O. 
.................... * Fecha de creacion: 10/04/2019 
.................... * Electronica y Circuitos 
.................... * 
.................... */ 
....................  
.................... void dht11_init(void) 
.................... { 
....................    output_drive(DHT11_PIN); 
....................    output_high(DHT11_PIN); 
....................    delay_ms(10); 
.................... } 
....................  
.................... unsigned long DHT11_Join_Data(unsigned int h, unsigned int l) 
*
072C:  CLRF   57
072D:  MOVLW  0A
072E:  MOVWF  56
.................... { 
....................     unsigned long pow = 10; 
....................     while(l >= pow) 
072F:  MOVF   57,F
0730:  BTFSS  03.2
0731:  GOTO   743
0732:  MOVF   56,W
0733:  SUBWF  55,W
0734:  BTFSS  03.0
0735:  GOTO   743
....................         pow *= 10; 
0736:  MOVF   57,W
0737:  MOVWF  59
0738:  MOVF   56,W
0739:  MOVWF  58
073A:  CLRF   5B
073B:  MOVLW  0A
073C:  MOVWF  5A
073D:  CALL   717
073E:  MOVF   79,W
073F:  MOVWF  57
0740:  MOVF   78,W
0741:  MOVWF  56
0742:  GOTO   72F
....................     return h * pow + l;         
0743:  CLRF   59
0744:  MOVF   54,W
0745:  MOVWF  58
0746:  MOVF   57,W
0747:  MOVWF  5B
0748:  MOVF   56,W
0749:  MOVWF  5A
074A:  CALL   717
074B:  MOVF   79,W
074C:  MOVWF  59
074D:  MOVF   78,W
074E:  MOVWF  58
074F:  MOVF   55,W
0750:  ADDWF  78,W
0751:  MOVWF  78
0752:  MOVF   79,W
0753:  MOVWF  7A
0754:  BTFSC  03.0
0755:  INCF   7A,F
0756:  MOVF   7A,W
0757:  MOVWF  79
0758:  RETURN
.................... } 
....................  
.................... short dht11_read_data(float *tem, float *hum) 
.................... { 
....................    unsigned int bits[5]; 
....................    unsigned int result; 
....................     
....................    output_low(DHT11_PIN); 
*
0A86:  BSF    03.5
0A87:  BCF    06.2
0A88:  BCF    03.5
0A89:  BCF    06.2
....................    delay_ms(18); 
0A8A:  MOVLW  12
0A8B:  MOVWF  54
0A8C:  BCF    0A.3
0A8D:  CALL   069
0A8E:  BSF    0A.3
....................    output_high(DHT11_PIN); 
0A8F:  BSF    03.5
0A90:  BCF    06.2
0A91:  BCF    03.5
0A92:  BSF    06.2
....................    delay_us(40); 
0A93:  MOVLW  42
0A94:  MOVWF  77
0A95:  DECFSZ 77,F
0A96:  GOTO   295
0A97:  NOP
....................    output_float(DHT11_PIN); 
0A98:  BSF    03.5
0A99:  BSF    06.2
....................     
....................    if(input_state(DHT11_PIN) == 1) 
0A9A:  BCF    03.5
0A9B:  BTFSS  06.2
0A9C:  GOTO   2A5
....................    { 
....................       output_drive(DHT11_PIN); 
0A9D:  BSF    03.5
0A9E:  BCF    06.2
....................       output_high(DHT11_PIN); 
0A9F:  BCF    06.2
0AA0:  BCF    03.5
0AA1:  BSF    06.2
....................       return 0; 
0AA2:  MOVLW  00
0AA3:  MOVWF  78
0AA4:  GOTO   36D
....................    } 
....................    delay_us(80); 
0AA5:  MOVLW  84
0AA6:  MOVWF  77
0AA7:  DECFSZ 77,F
0AA8:  GOTO   2A7
0AA9:  GOTO   2AA
0AAA:  NOP
....................    if(input_state(DHT11_PIN) == 0) 
0AAB:  BTFSC  06.2
0AAC:  GOTO   2B5
....................    { 
....................       output_drive(DHT11_PIN); 
0AAD:  BSF    03.5
0AAE:  BCF    06.2
....................       output_high(DHT11_PIN); 
0AAF:  BCF    06.2
0AB0:  BCF    03.5
0AB1:  BSF    06.2
....................       return 0; 
0AB2:  MOVLW  00
0AB3:  MOVWF  78
0AB4:  GOTO   36D
....................    } 
....................    delay_us(80); 
0AB5:  MOVLW  84
0AB6:  MOVWF  77
0AB7:  DECFSZ 77,F
0AB8:  GOTO   2B7
0AB9:  GOTO   2BA
0ABA:  NOP
....................     
....................    for(int j=0; j<5; j++) 
0ABB:  CLRF   50
0ABC:  MOVF   50,W
0ABD:  SUBLW  04
0ABE:  BTFSS  03.0
0ABF:  GOTO   2EA
....................    { 
....................       result = 0; 
0AC0:  CLRF   4F
....................       for(int i=0; i<8; i++) 
0AC1:  CLRF   51
0AC2:  MOVF   51,W
0AC3:  SUBLW  07
0AC4:  BTFSS  03.0
0AC5:  GOTO   2E2
....................       { 
....................          while(input_state(DHT11_PIN) == 0); 
0AC6:  BTFSS  06.2
0AC7:  GOTO   2C6
....................          delay_us(35); 
0AC8:  MOVLW  39
0AC9:  MOVWF  77
0ACA:  DECFSZ 77,F
0ACB:  GOTO   2CA
0ACC:  GOTO   2CD
0ACD:  NOP
....................          if(input_state(DHT11_PIN) == 1) 
0ACE:  BTFSS  06.2
0ACF:  GOTO   2DE
....................             result |= (1<<(7-i)); 
0AD0:  MOVF   51,W
0AD1:  SUBLW  07
0AD2:  MOVWF  78
0AD3:  MOVLW  01
0AD4:  MOVWF  77
0AD5:  MOVF   78,F
0AD6:  BTFSC  03.2
0AD7:  GOTO   2DC
0AD8:  BCF    03.0
0AD9:  RLF    77,F
0ADA:  DECFSZ 78,F
0ADB:  GOTO   2D8
0ADC:  MOVF   77,W
0ADD:  IORWF  4F,F
....................          while(input_state(DHT11_PIN) == 1); 
0ADE:  BTFSC  06.2
0ADF:  GOTO   2DE
0AE0:  INCF   51,F
0AE1:  GOTO   2C2
....................       } 
....................       bits[j] = result; 
0AE2:  MOVLW  4A
0AE3:  ADDWF  50,W
0AE4:  MOVWF  04
0AE5:  BCF    03.7
0AE6:  MOVF   4F,W
0AE7:  MOVWF  00
0AE8:  INCF   50,F
0AE9:  GOTO   2BC
....................    } 
....................    output_drive(DHT11_PIN); 
0AEA:  BSF    03.5
0AEB:  BCF    06.2
....................    output_high(DHT11_PIN); 
0AEC:  BCF    06.2
0AED:  BCF    03.5
0AEE:  BSF    06.2
....................     
....................    if((bits[0]+bits[1]+bits[2]+bits[3]) == bits[4]) 
0AEF:  MOVF   4B,W
0AF0:  ADDWF  4A,W
0AF1:  ADDWF  4C,W
0AF2:  ADDWF  4D,W
0AF3:  SUBWF  4E,W
0AF4:  BTFSS  03.2
0AF5:  GOTO   36B
....................    { 
....................       *tem = (float)((DHT11_Join_Data(bits[0], bits[1])) / 10.0f); 
0AF6:  MOVF   47,W
0AF7:  MOVWF  7A
0AF8:  MOVF   46,W
0AF9:  MOVWF  52
0AFA:  MOVF   47,W
0AFB:  MOVWF  53
0AFC:  MOVF   4A,W
0AFD:  MOVWF  54
0AFE:  MOVF   4B,W
0AFF:  MOVWF  55
0B00:  BCF    0A.3
0B01:  CALL   72C
0B02:  BSF    0A.3
0B03:  MOVF   79,W
0B04:  MOVWF  55
0B05:  MOVF   78,W
0B06:  MOVWF  54
0B07:  MOVF   79,W
0B08:  MOVWF  57
0B09:  MOVF   78,W
0B0A:  MOVWF  56
0B0B:  BCF    0A.3
0B0C:  CALL   21E
0B0D:  BSF    0A.3
0B0E:  MOVF   7A,W
0B0F:  MOVWF  59
0B10:  MOVF   79,W
0B11:  MOVWF  58
0B12:  MOVF   78,W
0B13:  MOVWF  57
0B14:  MOVF   77,W
0B15:  MOVWF  56
0B16:  CLRF   5D
0B17:  CLRF   5C
0B18:  MOVLW  20
0B19:  MOVWF  5B
0B1A:  MOVLW  82
0B1B:  MOVWF  5A
0B1C:  BCF    0A.3
0B1D:  CALL   638
0B1E:  BSF    0A.3
0B1F:  MOVF   52,W
0B20:  MOVWF  04
0B21:  BCF    03.7
0B22:  BTFSC  53.0
0B23:  BSF    03.7
0B24:  MOVF   77,W
0B25:  MOVWF  00
0B26:  INCF   04,F
0B27:  MOVF   78,W
0B28:  MOVWF  00
0B29:  INCF   04,F
0B2A:  MOVF   79,W
0B2B:  MOVWF  00
0B2C:  INCF   04,F
0B2D:  MOVF   7A,W
0B2E:  MOVWF  00
....................       *hum = (float)((DHT11_Join_Data(bits[2], bits[3])) / 10.0f); 
0B2F:  MOVF   49,W
0B30:  MOVWF  7A
0B31:  MOVF   48,W
0B32:  MOVWF  52
0B33:  MOVF   49,W
0B34:  MOVWF  53
0B35:  MOVF   4C,W
0B36:  MOVWF  54
0B37:  MOVF   4D,W
0B38:  MOVWF  55
0B39:  BCF    0A.3
0B3A:  CALL   72C
0B3B:  BSF    0A.3
0B3C:  MOVF   79,W
0B3D:  MOVWF  55
0B3E:  MOVF   78,W
0B3F:  MOVWF  54
0B40:  MOVF   79,W
0B41:  MOVWF  57
0B42:  MOVF   78,W
0B43:  MOVWF  56
0B44:  BCF    0A.3
0B45:  CALL   21E
0B46:  BSF    0A.3
0B47:  MOVF   7A,W
0B48:  MOVWF  59
0B49:  MOVF   79,W
0B4A:  MOVWF  58
0B4B:  MOVF   78,W
0B4C:  MOVWF  57
0B4D:  MOVF   77,W
0B4E:  MOVWF  56
0B4F:  CLRF   5D
0B50:  CLRF   5C
0B51:  MOVLW  20
0B52:  MOVWF  5B
0B53:  MOVLW  82
0B54:  MOVWF  5A
0B55:  BCF    0A.3
0B56:  CALL   638
0B57:  BSF    0A.3
0B58:  MOVF   52,W
0B59:  MOVWF  04
0B5A:  BCF    03.7
0B5B:  BTFSC  53.0
0B5C:  BSF    03.7
0B5D:  MOVF   77,W
0B5E:  MOVWF  00
0B5F:  INCF   04,F
0B60:  MOVF   78,W
0B61:  MOVWF  00
0B62:  INCF   04,F
0B63:  MOVF   79,W
0B64:  MOVWF  00
0B65:  INCF   04,F
0B66:  MOVF   7A,W
0B67:  MOVWF  00
....................       return 1; 
0B68:  MOVLW  01
0B69:  MOVWF  78
0B6A:  GOTO   36D
....................    } 
....................    return 0; 
0B6B:  MOVLW  00
0B6C:  MOVWF  78
.................... } 
....................  
.................... // Definición de pines para el sensor de temperatura y el ventilador 
.................... #define TEMP_SENSOR_PIN PIN_A0 
.................... #define FAN_PIN PIN_B0 
.................... #define LAMP_PIN PIN_B1 
....................  
.................... char grade[8] = {0x07, 0x05, 0x07, 0x00, 0x00, 0x00, 0x00, 0x00}; 
*
0C07:  MOVLW  07
0C08:  BCF    03.5
0C09:  MOVWF  20
0C0A:  MOVLW  05
0C0B:  MOVWF  21
0C0C:  MOVLW  07
0C0D:  MOVWF  22
0C0E:  CLRF   23
0C0F:  CLRF   24
0C10:  CLRF   25
0C11:  CLRF   26
0C12:  CLRF   27
.................... float temperatura; 
.................... float lectura; 
.................... float voltaje; 
.................... float conversion; 
.................... int percent; 
.................... int flag = 1; 
.................... float humedad; 
.................... int data_ok; 
....................  
....................  
....................  
.................... void tempControl(){ 
....................       // Leer el valor del sensor de temperatura 
....................       //setup_oscillator(OSC_20MHZ);   
....................       set_adc_channel(0); // Selecciona el canal AN0 (PIN_A0) 
*
0598:  MOVLW  00
0599:  MOVWF  78
059A:  MOVF   1F,W
059B:  ANDLW  C7
059C:  IORWF  78,W
059D:  MOVWF  1F
....................       delay_us(20); // Espera el tiempo de adquisición del ADC 
059E:  MOVLW  20
059F:  MOVWF  77
05A0:  DECFSZ 77,F
05A1:  GOTO   5A0
05A2:  GOTO   5A3
05A3:  NOP
....................  
....................       lectura = read_adc(); // Lee el valor del ADC 
05A4:  BSF    1F.2
05A5:  BTFSC  1F.2
05A6:  GOTO   5A5
05A7:  MOVF   1E,W
05A8:  CLRF   57
05A9:  MOVWF  56
05AA:  CALL   21E
05AB:  MOVF   7A,W
05AC:  MOVWF  2F
05AD:  MOVF   79,W
05AE:  MOVWF  2E
05AF:  MOVF   78,W
05B0:  MOVWF  2D
05B1:  MOVF   77,W
05B2:  MOVWF  2C
....................       // Convertir el valor ADC a temperatura (suponiendo un LM35) 
....................       printf("%f \n", lectura); 
05B3:  MOVLW  89
05B4:  MOVWF  04
05B5:  MOVF   2F,W
05B6:  MOVWF  49
05B7:  MOVF   2E,W
05B8:  MOVWF  48
05B9:  MOVF   2D,W
05BA:  MOVWF  47
05BB:  MOVF   2C,W
05BC:  MOVWF  46
05BD:  MOVLW  02
05BE:  MOVWF  4A
05BF:  GOTO   31E
05C0:  MOVLW  20
05C1:  BTFSS  0C.4
05C2:  GOTO   5C1
05C3:  MOVWF  19
05C4:  MOVLW  0A
05C5:  BTFSS  0C.4
05C6:  GOTO   5C5
05C7:  MOVWF  19
....................       temperatura = (lectura * 2); // Conversión para LM35 
05C8:  MOVF   2F,W
05C9:  MOVWF  56
05CA:  MOVF   2E,W
05CB:  MOVWF  55
05CC:  MOVF   2D,W
05CD:  MOVWF  54
05CE:  MOVF   2C,W
05CF:  MOVWF  53
05D0:  CLRF   5A
05D1:  CLRF   59
05D2:  CLRF   58
05D3:  MOVLW  80
05D4:  MOVWF  57
05D5:  CALL   23B
05D6:  MOVF   7A,W
05D7:  MOVWF  2B
05D8:  MOVF   79,W
05D9:  MOVWF  2A
05DA:  MOVF   78,W
05DB:  MOVWF  29
05DC:  MOVF   77,W
05DD:  MOVWF  28
....................       // Mostrar la temperatura en el LCD 
....................       lcd_gotoxy(1,1); // Columna 1, Fila 1 
05DE:  MOVLW  01
05DF:  MOVWF  54
05E0:  MOVWF  55
05E1:  CALL   192
....................       printf(lcd_putc, "Temp: %0.2f C", temperatura); 
05E2:  MOVLW  0D
05E3:  BSF    03.6
05E4:  MOVWF  0D
05E5:  MOVLW  00
05E6:  MOVWF  0F
05E7:  BCF    03.0
05E8:  MOVLW  06
05E9:  BCF    03.6
05EA:  MOVWF  46
05EB:  CALL   3E7
05EC:  MOVLW  C9
05ED:  MOVWF  04
05EE:  MOVF   2B,W
05EF:  MOVWF  49
05F0:  MOVF   2A,W
05F1:  MOVWF  48
05F2:  MOVF   29,W
05F3:  MOVWF  47
05F4:  MOVF   28,W
05F5:  MOVWF  46
05F6:  MOVLW  02
05F7:  MOVWF  4A
05F8:  CALL   43E
05F9:  MOVLW  20
05FA:  MOVWF  53
05FB:  CALL   1A4
05FC:  MOVLW  43
05FD:  MOVWF  53
05FE:  CALL   1A4
....................       lcd_gotoxy(12,1); 
05FF:  MOVLW  0C
0600:  MOVWF  54
0601:  MOVLW  01
0602:  MOVWF  55
0603:  CALL   192
....................       CGRAM_putc(0); 
0604:  CLRF   46
....................       // Controlar el ventilador basado en la temperatura 
....................       if (temperatura > 30.0) { // Umbral de temperatura (30 grados Celsius) 
*
060A:  CLRF   49
060B:  CLRF   48
060C:  MOVLW  70
060D:  MOVWF  47
060E:  MOVLW  83
060F:  MOVWF  46
0610:  MOVF   2B,W
0611:  MOVWF  4D
0612:  MOVF   2A,W
0613:  MOVWF  4C
0614:  MOVF   29,W
0615:  MOVWF  4B
0616:  MOVF   28,W
0617:  MOVWF  4A
0618:  CALL   501
0619:  BTFSS  03.0
061A:  GOTO   627
....................          printf("Encendiendo ventilador"); 
061B:  MOVLW  14
061C:  BSF    03.6
061D:  MOVWF  0D
061E:  MOVLW  00
061F:  MOVWF  0F
0620:  BCF    03.6
0621:  CALL   540
....................          output_high(FAN_PIN); // Enciende el ventilador 
0622:  BSF    03.5
0623:  BCF    06.0
0624:  BCF    03.5
0625:  BSF    06.0
....................       } else { 
0626:  GOTO   632
....................          printf("Apagando Ventilador"); 
0627:  MOVLW  20
0628:  BSF    03.6
0629:  MOVWF  0D
062A:  MOVLW  00
062B:  MOVWF  0F
062C:  BCF    03.6
062D:  CALL   540
....................          output_low(FAN_PIN); // Apaga el ventilador 
062E:  BSF    03.5
062F:  BCF    06.0
0630:  BCF    03.5
0631:  BCF    06.0
....................       } 
....................  
....................       delay_ms(150); 
0632:  MOVLW  96
0633:  MOVWF  54
0634:  CALL   069
0635:  BSF    0A.3
0636:  BCF    0A.4
0637:  GOTO   478 (RETURN)
.................... } 
....................  
.................... void lightControl(){ 
....................    set_adc_channel(1); 
*
0800:  MOVLW  08
0801:  MOVWF  78
0802:  MOVF   1F,W
0803:  ANDLW  C7
0804:  IORWF  78,W
0805:  MOVWF  1F
....................    delay_us(20); 
0806:  MOVLW  20
0807:  MOVWF  77
0808:  DECFSZ 77,F
0809:  GOTO   008
080A:  GOTO   00B
080B:  NOP
....................    lectura = read_adc(); 
080C:  BSF    1F.2
080D:  BTFSC  1F.2
080E:  GOTO   00D
080F:  MOVF   1E,W
0810:  CLRF   57
0811:  MOVWF  56
0812:  BCF    0A.3
0813:  CALL   21E
0814:  BSF    0A.3
0815:  MOVF   7A,W
0816:  MOVWF  2F
0817:  MOVF   79,W
0818:  MOVWF  2E
0819:  MOVF   78,W
081A:  MOVWF  2D
081B:  MOVF   77,W
081C:  MOVWF  2C
....................    voltaje = (lectura * 0.0200098913771142); 
081D:  MOVF   2F,W
081E:  MOVWF  56
081F:  MOVF   2E,W
0820:  MOVWF  55
0821:  MOVF   2D,W
0822:  MOVWF  54
0823:  MOVF   2C,W
0824:  MOVWF  53
0825:  MOVLW  C9
0826:  MOVWF  5A
0827:  MOVLW  EB
0828:  MOVWF  59
0829:  MOVLW  23
082A:  MOVWF  58
082B:  MOVLW  79
082C:  MOVWF  57
082D:  BCF    0A.3
082E:  CALL   23B
082F:  BSF    0A.3
0830:  MOVF   7A,W
0831:  MOVWF  33
0832:  MOVF   79,W
0833:  MOVWF  32
0834:  MOVF   78,W
0835:  MOVWF  31
0836:  MOVF   77,W
0837:  MOVWF  30
....................    conversion = (voltaje*100)/4.98; 
0838:  MOVF   33,W
0839:  MOVWF  56
083A:  MOVF   32,W
083B:  MOVWF  55
083C:  MOVF   31,W
083D:  MOVWF  54
083E:  MOVF   30,W
083F:  MOVWF  53
0840:  CLRF   5A
0841:  CLRF   59
0842:  MOVLW  48
0843:  MOVWF  58
0844:  MOVLW  85
0845:  MOVWF  57
0846:  BCF    0A.3
0847:  CALL   23B
0848:  BSF    0A.3
0849:  MOVF   7A,W
084A:  MOVWF  49
084B:  MOVF   79,W
084C:  MOVWF  48
084D:  MOVF   78,W
084E:  MOVWF  47
084F:  MOVF   77,W
0850:  MOVWF  46
0851:  MOVF   49,W
0852:  MOVWF  59
0853:  MOVF   48,W
0854:  MOVWF  58
0855:  MOVF   47,W
0856:  MOVWF  57
0857:  MOVF   46,W
0858:  MOVWF  56
0859:  MOVLW  29
085A:  MOVWF  5D
085B:  MOVLW  5C
085C:  MOVWF  5C
085D:  MOVLW  1F
085E:  MOVWF  5B
085F:  MOVLW  81
0860:  MOVWF  5A
0861:  BCF    0A.3
0862:  CALL   638
0863:  BSF    0A.3
0864:  MOVF   7A,W
0865:  MOVWF  37
0866:  MOVF   79,W
0867:  MOVWF  36
0868:  MOVF   78,W
0869:  MOVWF  35
086A:  MOVF   77,W
086B:  MOVWF  34
....................    percent = 100 - conversion; 
086C:  BSF    03.1
086D:  CLRF   49
086E:  CLRF   48
086F:  MOVLW  48
0870:  MOVWF  47
0871:  MOVLW  85
0872:  MOVWF  46
0873:  MOVF   37,W
0874:  MOVWF  4D
0875:  MOVF   36,W
0876:  MOVWF  4C
0877:  MOVF   35,W
0878:  MOVWF  4B
0879:  MOVF   34,W
087A:  MOVWF  4A
*
09BB:  MOVF   7A,W
09BC:  MOVWF  49
09BD:  MOVF   79,W
09BE:  MOVWF  48
09BF:  MOVF   78,W
09C0:  MOVWF  47
09C1:  MOVF   77,W
09C2:  MOVWF  46
*
09E1:  MOVF   78,W
09E2:  MOVWF  38
....................       
....................    lcd_gotoxy(1,1); 
09E3:  MOVLW  01
09E4:  MOVWF  54
09E5:  MOVWF  55
09E6:  BCF    0A.3
09E7:  CALL   192
09E8:  BSF    0A.3
....................    printf(lcd_putc, "Luz:  %3u%% ", percent); 
09E9:  MOVLW  2A
09EA:  BSF    03.6
09EB:  MOVWF  0D
09EC:  MOVLW  00
09ED:  MOVWF  0F
09EE:  BCF    03.0
09EF:  MOVLW  06
09F0:  BCF    03.6
09F1:  MOVWF  46
09F2:  BCF    0A.3
09F3:  CALL   3E7
09F4:  BSF    0A.3
09F5:  MOVF   38,W
09F6:  MOVWF  46
09F7:  MOVLW  13
09F8:  MOVWF  47
*
0A36:  MOVLW  25
0A37:  MOVWF  53
0A38:  BCF    0A.3
0A39:  CALL   1A4
0A3A:  BSF    0A.3
0A3B:  MOVLW  20
0A3C:  MOVWF  53
0A3D:  BCF    0A.3
0A3E:  CALL   1A4
0A3F:  BSF    0A.3
....................    if (percent < 30.0) { // Umbral de LUZ (30 PERCENT) 
0A40:  CLRF   57
0A41:  MOVF   38,W
0A42:  MOVWF  56
0A43:  BCF    0A.3
0A44:  CALL   21E
0A45:  BSF    0A.3
0A46:  MOVF   7A,W
0A47:  MOVWF  49
0A48:  MOVF   79,W
0A49:  MOVWF  48
0A4A:  MOVF   78,W
0A4B:  MOVWF  47
0A4C:  MOVF   77,W
0A4D:  MOVWF  46
0A4E:  CLRF   4D
0A4F:  CLRF   4C
0A50:  MOVLW  70
0A51:  MOVWF  4B
0A52:  MOVLW  83
0A53:  MOVWF  4A
0A54:  BCF    0A.3
0A55:  CALL   501
0A56:  BSF    0A.3
0A57:  BTFSS  03.0
0A58:  GOTO   267
....................       printf("Encendiendo lampara"); 
0A59:  MOVLW  31
0A5A:  BSF    03.6
0A5B:  MOVWF  0D
0A5C:  MOVLW  00
0A5D:  MOVWF  0F
0A5E:  BCF    0A.3
0A5F:  BCF    03.6
0A60:  CALL   540
0A61:  BSF    0A.3
....................       output_high(LAMP_PIN); // Enciende el ventilador 
0A62:  BSF    03.5
0A63:  BCF    06.1
0A64:  BCF    03.5
0A65:  BSF    06.1
....................    } else { 
0A66:  GOTO   274
....................       printf("Apagando lampara"); 
0A67:  MOVLW  3B
0A68:  BSF    03.6
0A69:  MOVWF  0D
0A6A:  MOVLW  00
0A6B:  MOVWF  0F
0A6C:  BCF    0A.3
0A6D:  BCF    03.6
0A6E:  CALL   540
0A6F:  BSF    0A.3
....................       output_low(LAMP_PIN); // Apaga el ventilador 
0A70:  BSF    03.5
0A71:  BCF    06.1
0A72:  BCF    03.5
0A73:  BCF    06.1
....................    } 
....................    delay_ms(500); 
0A74:  MOVLW  02
0A75:  MOVWF  46
0A76:  MOVLW  FA
0A77:  MOVWF  54
0A78:  BCF    0A.3
0A79:  CALL   069
0A7A:  BSF    0A.3
0A7B:  DECFSZ 46,F
0A7C:  GOTO   276
0A7D:  BSF    0A.3
0A7E:  BCF    0A.4
0A7F:  GOTO   48F (RETURN)
.................... } 
....................  
.................... void rhControl(){ 
....................             data_ok = dht11_read_data(&humedad, &temperatura); 
0A80:  CLRF   47
0A81:  MOVLW  3A
0A82:  MOVWF  46
0A83:  CLRF   49
0A84:  MOVLW  28
0A85:  MOVWF  48
*
0B6D:  MOVF   78,W
0B6E:  MOVWF  3E
....................             if (data_ok == 1){ 
0B6F:  DECFSZ 3E,W
0B70:  GOTO   3D3
....................                lcd_clear(); 
0B71:  BCF    0A.3
0B72:  CALL   759
0B73:  BSF    0A.3
....................                lcd_gotoxy(1,1); 
0B74:  MOVLW  01
0B75:  MOVWF  54
0B76:  MOVWF  55
0B77:  BCF    0A.3
0B78:  CALL   192
0B79:  BSF    0A.3
....................                printf(lcd_putc, "Hum = %0.1f%%\r\r", humedad); 
0B7A:  MOVLW  44
0B7B:  BSF    03.6
0B7C:  MOVWF  0D
0B7D:  MOVLW  00
0B7E:  MOVWF  0F
0B7F:  BCF    03.0
0B80:  MOVLW  06
0B81:  BCF    03.6
0B82:  MOVWF  46
0B83:  BCF    0A.3
0B84:  CALL   3E7
0B85:  BSF    0A.3
0B86:  MOVLW  C9
0B87:  MOVWF  04
0B88:  MOVF   3D,W
0B89:  MOVWF  49
0B8A:  MOVF   3C,W
0B8B:  MOVWF  48
0B8C:  MOVF   3B,W
0B8D:  MOVWF  47
0B8E:  MOVF   3A,W
0B8F:  MOVWF  46
0B90:  MOVLW  01
0B91:  MOVWF  4A
0B92:  BCF    0A.3
0B93:  CALL   43E
0B94:  BSF    0A.3
0B95:  MOVLW  25
0B96:  MOVWF  53
0B97:  BCF    0A.3
0B98:  CALL   1A4
0B99:  BSF    0A.3
0B9A:  MOVLW  0D
0B9B:  MOVWF  53
0B9C:  BCF    0A.3
0B9D:  CALL   1A4
0B9E:  BSF    0A.3
0B9F:  MOVLW  0D
0BA0:  MOVWF  53
0BA1:  BCF    0A.3
0BA2:  CALL   1A4
0BA3:  BSF    0A.3
....................                lcd_gotoxy(1,2); 
0BA4:  MOVLW  01
0BA5:  MOVWF  54
0BA6:  MOVLW  02
0BA7:  MOVWF  55
0BA8:  BCF    0A.3
0BA9:  CALL   192
0BAA:  BSF    0A.3
....................                printf(lcd_putc, "Tem = %0.1fC\r\n\r\n", temperatura); 
0BAB:  MOVLW  4C
0BAC:  BSF    03.6
0BAD:  MOVWF  0D
0BAE:  MOVLW  00
0BAF:  MOVWF  0F
0BB0:  BCF    03.0
0BB1:  MOVLW  06
0BB2:  BCF    03.6
0BB3:  MOVWF  46
0BB4:  BCF    0A.3
0BB5:  CALL   3E7
0BB6:  BSF    0A.3
0BB7:  MOVLW  C9
0BB8:  MOVWF  04
0BB9:  MOVF   2B,W
0BBA:  MOVWF  49
0BBB:  MOVF   2A,W
0BBC:  MOVWF  48
0BBD:  MOVF   29,W
0BBE:  MOVWF  47
0BBF:  MOVF   28,W
0BC0:  MOVWF  46
0BC1:  MOVLW  01
0BC2:  MOVWF  4A
0BC3:  BCF    0A.3
0BC4:  CALL   43E
0BC5:  BSF    0A.3
0BC6:  MOVLW  51
0BC7:  BSF    03.6
0BC8:  MOVWF  0D
0BC9:  MOVLW  00
0BCA:  MOVWF  0F
0BCB:  BSF    03.0
0BCC:  MOVLW  05
0BCD:  BCF    03.6
0BCE:  MOVWF  46
0BCF:  BCF    0A.3
0BD0:  CALL   3E7
0BD1:  BSF    0A.3
....................             }else{ 
0BD2:  GOTO   3E6
....................                lcd_clear(); 
0BD3:  BCF    0A.3
0BD4:  CALL   759
0BD5:  BSF    0A.3
....................                lcd_gotoxy(2,1); 
0BD6:  MOVLW  02
0BD7:  MOVWF  54
0BD8:  MOVLW  01
0BD9:  MOVWF  55
0BDA:  BCF    0A.3
0BDB:  CALL   192
0BDC:  BSF    0A.3
....................                lcd_putc("No conectado"); 
0BDD:  MOVLW  55
0BDE:  BSF    03.6
0BDF:  MOVWF  0D
0BE0:  MOVLW  00
0BE1:  MOVWF  0F
0BE2:  BCF    0A.3
0BE3:  BCF    03.6
0BE4:  CALL   1C8
0BE5:  BSF    0A.3
....................             } 
....................                delay_ms(1200); 
0BE6:  MOVLW  05
0BE7:  MOVWF  46
0BE8:  MOVLW  F0
0BE9:  MOVWF  54
0BEA:  BCF    0A.3
0BEB:  CALL   069
0BEC:  BSF    0A.3
0BED:  DECFSZ 46,F
0BEE:  GOTO   3E8
0BEF:  BSF    0A.3
0BF0:  BCF    0A.4
0BF1:  GOTO   4AC (RETURN)
....................             } 
....................  
.................... void main() { 
0BF2:  MOVF   03,W
0BF3:  ANDLW  1F
0BF4:  MOVWF  03
0BF5:  MOVLW  81
0BF6:  BSF    03.5
0BF7:  MOVWF  19
0BF8:  MOVLW  A6
0BF9:  MOVWF  18
0BFA:  MOVLW  90
0BFB:  BCF    03.5
0BFC:  MOVWF  18
0BFD:  MOVLW  01
0BFE:  MOVWF  39
0BFF:  BSF    03.5
0C00:  BSF    1F.0
0C01:  BSF    1F.1
0C02:  BSF    1F.2
0C03:  BCF    1F.3
0C04:  MOVLW  07
0C05:  MOVWF  1C
0C06:  BCF    03.7
....................    // Inicialización del ADC y el LCD 
....................    lcd_init(); 
*
0C13:  BCF    0A.3
0C14:  GOTO   0D2
0C15:  BSF    0A.3
....................    setup_adc(adc_clock_internal); 
0C16:  BSF    03.5
0C17:  BCF    1F.6
0C18:  BCF    03.5
0C19:  BSF    1F.6
0C1A:  BSF    1F.7
0C1B:  BSF    03.5
0C1C:  BCF    1F.7
0C1D:  BCF    03.5
0C1E:  BSF    1F.0
....................    setup_adc_ports(all_analog); 
0C1F:  BSF    03.5
0C20:  BCF    1F.0
0C21:  BCF    1F.1
0C22:  BCF    1F.2
0C23:  BCF    1F.3
....................    CGRAM_position(0); 
0C24:  BCF    03.5
0C25:  CLRF   46
0C26:  BCF    0A.3
0C27:  GOTO   16B
0C28:  BSF    0A.3
....................    CGRAM_create_char(grade); 
0C29:  CLRF   47
0C2A:  MOVLW  20
0C2B:  MOVWF  46
0C2C:  BCF    0A.3
0C2D:  GOTO   17B
0C2E:  BSF    0A.3
....................    // Configuración del pin del ventilador como salida 
....................    set_tris_b(0x20); // Establece RB0 como salida (0) y los demás como entrada (1) 
0C2F:  MOVLW  20
0C30:  BSF    03.5
0C31:  MOVWF  06
....................    setup_timer_1(T1_DISABLED);                         // Disable Timer1 
0C32:  BCF    03.5
0C33:  CLRF   10
....................     
....................    while(true) { 
....................        
....................       do{   
....................           output_b(0x00); 
0C34:  BSF    03.5
0C35:  CLRF   06
0C36:  BCF    03.5
0C37:  CLRF   06
....................           printf(lcd_putc, "\f"); 
0C38:  MOVLW  0C
0C39:  MOVWF  53
0C3A:  BCF    0A.3
0C3B:  CALL   1A4
0C3C:  BSF    0A.3
....................           flag = 0; 
0C3D:  CLRF   39
....................           lcd_gotoxy(1, 1);                           // Go to column 1 row 1 
0C3E:  MOVLW  01
0C3F:  MOVWF  54
0C40:  MOVWF  55
0C41:  BCF    0A.3
0C42:  CALL   192
0C43:  BSF    0A.3
....................           printf(lcd_putc, "F.I. UNAM");                 // Display message1 
0C44:  MOVLW  5C
0C45:  BSF    03.6
0C46:  MOVWF  0D
0C47:  MOVLW  00
0C48:  MOVWF  0F
0C49:  BCF    0A.3
0C4A:  BCF    03.6
0C4B:  CALL   1C8
0C4C:  BSF    0A.3
....................           delay_ms(10); 
0C4D:  MOVLW  0A
0C4E:  MOVWF  54
0C4F:  BCF    0A.3
0C50:  CALL   069
0C51:  BSF    0A.3
....................           lcd_gotoxy(1, 2);                           // Go to column 1 row 2 
0C52:  MOVLW  01
0C53:  MOVWF  54
0C54:  MOVLW  02
0C55:  MOVWF  55
0C56:  BCF    0A.3
0C57:  CALL   192
0C58:  BSF    0A.3
....................           printf(lcd_putc, "Alexis Sanchez"); 
0C59:  MOVLW  61
0C5A:  BSF    03.6
0C5B:  MOVWF  0D
0C5C:  MOVLW  00
0C5D:  MOVWF  0F
0C5E:  BCF    0A.3
0C5F:  BCF    03.6
0C60:  CALL   1C8
0C61:  BSF    0A.3
....................       }while(flag == 1); 
0C62:  DECFSZ 39,W
0C63:  GOTO   465
0C64:  GOTO   434
....................       char c = getc(); 
0C65:  BTFSS  0C.5
0C66:  GOTO   465
0C67:  MOVF   1A,W
0C68:  MOVWF  3F
....................       delay_us(20); 
0C69:  MOVLW  20
0C6A:  MOVWF  77
0C6B:  DECFSZ 77,F
0C6C:  GOTO   46B
0C6D:  GOTO   46E
0C6E:  NOP
....................       if(c == '1'){ 
0C6F:  MOVF   3F,W
0C70:  SUBLW  31
0C71:  BTFSS  03.2
0C72:  GOTO   487
....................          //temp control 
....................          int tpFlag = 1; 
....................          char tpAux = 1; 
0C73:  MOVLW  01
0C74:  MOVWF  40
0C75:  MOVWF  41
....................          do{ 
....................             tempControl(); 
0C76:  BCF    0A.3
0C77:  GOTO   598
0C78:  BSF    0A.3
....................             tpAux = getc(); 
0C79:  BTFSS  0C.5
0C7A:  GOTO   479
0C7B:  MOVF   1A,W
0C7C:  MOVWF  41
....................             if (tpAux == '0'){ 
0C7D:  MOVF   41,W
0C7E:  SUBLW  30
0C7F:  BTFSC  03.2
....................                tpFlag = 0; 
0C80:  CLRF   40
....................             } 
....................          }while(tpFlag==1); 
0C81:  DECFSZ 40,W
0C82:  GOTO   484
0C83:  GOTO   476
....................          flag = 1;    
0C84:  MOVLW  01
0C85:  MOVWF  39
....................       }else if(c == '2'){ 
0C86:  GOTO   4C1
0C87:  MOVF   3F,W
0C88:  SUBLW  32
0C89:  BTFSS  03.2
0C8A:  GOTO   4A4
....................          //light control 
....................          int lgFlag = 1; 
....................          char lgAux = 1; 
0C8B:  MOVLW  01
0C8C:  MOVWF  42
0C8D:  MOVWF  43
....................          do{ 
....................             lightControl(); 
0C8E:  GOTO   000
....................             lgAux = getc(); 
0C8F:  BTFSS  0C.5
0C90:  GOTO   48F
0C91:  MOVF   1A,W
0C92:  MOVWF  43
....................             if (lgAux == '0'){ 
0C93:  MOVF   43,W
0C94:  SUBLW  30
0C95:  BTFSC  03.2
....................                lgFlag = 0; 
0C96:  CLRF   42
....................             } 
....................          }while(lgFlag==1); 
0C97:  DECFSZ 42,W
0C98:  GOTO   49A
0C99:  GOTO   48E
....................          flag = 1; 
0C9A:  MOVLW  01
0C9B:  MOVWF  39
....................           
....................          delay_ms(50); 
0C9C:  MOVLW  32
0C9D:  MOVWF  54
0C9E:  BCF    0A.3
0C9F:  CALL   069
0CA0:  BSF    0A.3
....................          flag = 1; 
0CA1:  MOVLW  01
0CA2:  MOVWF  39
....................           
....................       }else if(c == '3'){ 
0CA3:  GOTO   4C1
0CA4:  MOVF   3F,W
0CA5:  SUBLW  33
0CA6:  BTFSS  03.2
0CA7:  GOTO   4BA
....................          //rh control 
....................          int rhFlag = 1; 
....................          char rhAux = 1; 
0CA8:  MOVLW  01
0CA9:  MOVWF  44
0CAA:  MOVWF  45
....................          do{ 
....................             rhControl(); 
0CAB:  GOTO   280
....................             rhAux = getc(); 
0CAC:  BTFSS  0C.5
0CAD:  GOTO   4AC
0CAE:  MOVF   1A,W
0CAF:  MOVWF  45
....................             if (rhAux == '0'){ 
0CB0:  MOVF   45,W
0CB1:  SUBLW  30
0CB2:  BTFSC  03.2
....................                rhFlag = 0; 
0CB3:  CLRF   44
....................             } 
....................          }while(rhFlag==1); 
0CB4:  DECFSZ 44,W
0CB5:  GOTO   4B7
0CB6:  GOTO   4AB
....................          flag = 1; 
0CB7:  MOVLW  01
0CB8:  MOVWF  39
....................       }else{ 
0CB9:  GOTO   4C1
....................          delay_ms(50); 
0CBA:  MOVLW  32
0CBB:  MOVWF  54
0CBC:  BCF    0A.3
0CBD:  CALL   069
0CBE:  BSF    0A.3
....................          flag = 1;    
0CBF:  MOVLW  01
0CC0:  MOVWF  39
....................       } 
0CC1:  GOTO   434
....................  
....................              
....................     }   
....................       //tempControl(); 
....................       //lightControl(); 
....................       //rhControl(); 
....................    } 
....................  
0CC2:  SLEEP
....................  

Configuration Fuses:
   Word  1: 3F7A   HS NOWDT NOPUT BROWNOUT NOLVP NOCPD NOWRT NODEBUG NOPROTECT
